Archive member included to satisfy reference by file (symbol)

c:/chibistudio/tools/gnu tools arm embedded/11.3 2022.08/bin/../lib/gcc/arm-none-eabi/11.3.1/thumb/v7e-m/nofp\libgcc.a(_arm_mulsf3.o)
                              ./build/obj/stm32h7xx_hal_rcc.o (__aeabi_fmul)
c:/chibistudio/tools/gnu tools arm embedded/11.3 2022.08/bin/../lib/gcc/arm-none-eabi/11.3.1/thumb/v7e-m/nofp\libgcc.a(_arm_addsubsf3.o)
                              ./build/obj/stm32h7xx_hal_rcc.o (__aeabi_fadd)
c:/chibistudio/tools/gnu tools arm embedded/11.3 2022.08/bin/../lib/gcc/arm-none-eabi/11.3.1/thumb/v7e-m/nofp\libgcc.a(_arm_muldivsf3.o)
                              ./build/obj/stm32h7xx_hal_rcc.o (__aeabi_fdiv)
c:/chibistudio/tools/gnu tools arm embedded/11.3 2022.08/bin/../lib/gcc/arm-none-eabi/11.3.1/thumb/v7e-m/nofp\libgcc.a(_arm_fixunssfsi.o)
                              ./build/obj/stm32h7xx_hal_rcc.o (__aeabi_f2uiz)
c:/chibistudio/tools/gnu tools arm embedded/11.3 2022.08/bin/../lib/gcc/arm-none-eabi/11.3.1/thumb/v7e-m/nofp\libgcc.a(_aeabi_ldivmod.o)
                              ./build/obj/hal_flash.o (__aeabi_ldivmod)
c:/chibistudio/tools/gnu tools arm embedded/11.3 2022.08/bin/../lib/gcc/arm-none-eabi/11.3.1/thumb/v7e-m/nofp\libgcc.a(_aeabi_uldivmod.o)
                              ./build/obj/hal_flash.o (__aeabi_uldivmod)
c:/chibistudio/tools/gnu tools arm embedded/11.3 2022.08/bin/../lib/gcc/arm-none-eabi/11.3.1/thumb/v7e-m/nofp\libgcc.a(_udivmoddi4.o)
                              c:/chibistudio/tools/gnu tools arm embedded/11.3 2022.08/bin/../lib/gcc/arm-none-eabi/11.3.1/thumb/v7e-m/nofp\libgcc.a(_aeabi_ldivmod.o) (__udivmoddi4)
c:/chibistudio/tools/gnu tools arm embedded/11.3 2022.08/bin/../lib/gcc/arm-none-eabi/11.3.1/thumb/v7e-m/nofp\libgcc.a(_dvmd_tls.o)
                              c:/chibistudio/tools/gnu tools arm embedded/11.3 2022.08/bin/../lib/gcc/arm-none-eabi/11.3.1/thumb/v7e-m/nofp\libgcc.a(_aeabi_ldivmod.o) (__aeabi_ldiv0)
c:/chibistudio/tools/gnu tools arm embedded/11.3 2022.08/bin/../lib/gcc/arm-none-eabi/11.3.1/thumb/v7e-m/nofp\libg.a(libc_a-memcmp.o)
                              ./build/obj/oslib_test_sequence_003.o (memcmp)
c:/chibistudio/tools/gnu tools arm embedded/11.3 2022.08/bin/../lib/gcc/arm-none-eabi/11.3.1/thumb/v7e-m/nofp\libg.a(libc_a-memset.o)
                              ./build/obj/crt1.o (memset)
c:/chibistudio/tools/gnu tools arm embedded/11.3 2022.08/bin/../lib/gcc/arm-none-eabi/11.3.1/thumb/v7e-m/nofp\libg.a(libc_a-strncmp.o)
                              ./build/obj/chfactory.o (strncmp)
c:/chibistudio/tools/gnu tools arm embedded/11.3 2022.08/bin/../lib/gcc/arm-none-eabi/11.3.1/thumb/v7e-m/nofp\libg.a(libc_a-errno.o)
                              ./build/obj/syscalls.o (__errno)
c:/chibistudio/tools/gnu tools arm embedded/11.3 2022.08/bin/../lib/gcc/arm-none-eabi/11.3.1/thumb/v7e-m/nofp\libg.a(libc_a-strcmp.o)
                              ./build/obj/chregistry.o (strcmp)
c:/chibistudio/tools/gnu tools arm embedded/11.3 2022.08/bin/../lib/gcc/arm-none-eabi/11.3.1/thumb/v7e-m/nofp\libg.a(libc_a-memcpy.o)
                              ./build/obj/hal_buffers.o (memcpy)
c:/chibistudio/tools/gnu tools arm embedded/11.3 2022.08/bin/../lib/gcc/arm-none-eabi/11.3.1/thumb/v7e-m/nofp\libg.a(libc_a-impure.o)
                              c:/chibistudio/tools/gnu tools arm embedded/11.3 2022.08/bin/../lib/gcc/arm-none-eabi/11.3.1/thumb/v7e-m/nofp\libg.a(libc_a-errno.o) (_impure_ptr)
c:/chibistudio/tools/gnu tools arm embedded/11.3 2022.08/bin/../lib/gcc/arm-none-eabi/11.3.1/thumb/v7e-m/nofp\libg.a(libc_a-findfp.o)
                              c:/chibistudio/tools/gnu tools arm embedded/11.3 2022.08/bin/../lib/gcc/arm-none-eabi/11.3.1/thumb/v7e-m/nofp\libg.a(libc_a-impure.o) (__sf)
c:/chibistudio/tools/gnu tools arm embedded/11.3 2022.08/bin/../lib/gcc/arm-none-eabi/11.3.1/thumb/v7e-m/nofp\libg.a(libc_a-fwalk.o)
                              c:/chibistudio/tools/gnu tools arm embedded/11.3 2022.08/bin/../lib/gcc/arm-none-eabi/11.3.1/thumb/v7e-m/nofp\libg.a(libc_a-findfp.o) (_fwalk_sglue)
c:/chibistudio/tools/gnu tools arm embedded/11.3 2022.08/bin/../lib/gcc/arm-none-eabi/11.3.1/thumb/v7e-m/nofp\libg.a(libc_a-stdio.o)
                              c:/chibistudio/tools/gnu tools arm embedded/11.3 2022.08/bin/../lib/gcc/arm-none-eabi/11.3.1/thumb/v7e-m/nofp\libg.a(libc_a-findfp.o) (__sread)
c:/chibistudio/tools/gnu tools arm embedded/11.3 2022.08/bin/../lib/gcc/arm-none-eabi/11.3.1/thumb/v7e-m/nofp\libg.a(libc_a-closer.o)
                              c:/chibistudio/tools/gnu tools arm embedded/11.3 2022.08/bin/../lib/gcc/arm-none-eabi/11.3.1/thumb/v7e-m/nofp\libg.a(libc_a-stdio.o) (_close_r)
c:/chibistudio/tools/gnu tools arm embedded/11.3 2022.08/bin/../lib/gcc/arm-none-eabi/11.3.1/thumb/v7e-m/nofp\libg.a(libc_a-reent.o)
[...]
Memory Configuration

Name             Origin             Length             Attributes
flash0           0x08000000         0x00200000         xr
flash1           0x08000000         0x00100000         xr
flash2           0x08100000         0x00100000         xr
flash3           0x00000000         0x00000000         xr
flash4           0x00000000         0x00000000         xr
flash5           0x00000000         0x00000000         xr
flash6           0x00000000         0x00000000         xr
flash7           0x00000000         0x00000000         xr
ram0             0x24000000         0x00080000         xw
ram1             0x30000000         0x00040000         xw
ram2             0x30000000         0x00048000         xw
ram3             0x30040000         0x00008000         xw
ram4             0x38000000         0x00010000         xw
ram5             0x20000000         0x00020000         xw
ram6             0x00000000         0x00010000         xw
ram7             0x38800000         0x00001000         xw
*default*        0x00000000         0xffffffff

Linker script and memory map

LOAD ./build/obj/crt0_v7m.o
LOAD ./build/obj/vectors.o
LOAD ./build/obj/chcoreasm.o
LOAD ./build/obj/crt1.o
LOAD ./build/obj/hal.o
LOAD ./build/obj/hal_st.o
LOAD ./build/obj/hal_buffered_serial.o
LOAD ./build/obj/hal_buffers.o
LOAD ./build/obj/hal_queues.o
LOAD ./build/obj/hal_flash.o
LOAD ./build/obj/hal_mmcsd.o
LOAD ./build/obj/hal_adc.o
LOAD ./build/obj/hal_pal.o
LOAD ./build/obj/hal_sdc.o
LOAD ./build/obj/hal_serial.o
LOAD ./build/obj/hal_spi.o
LOAD ./build/obj/hal_usb.o
LOAD ./build/obj/nvic.o
LOAD ./build/obj/stm32_isr.o
LOAD ./build/obj/hal_lld.o
LOAD ./build/obj/hal_adc_lld.o
LOAD ./build/obj/stm32_bdma.o
LOAD ./build/obj/stm32_dma.o
LOAD ./build/obj/stm32_exti.o
LOAD ./build/obj/hal_pal_lld.o
LOAD ./build/obj/stm32_mdma.o
LOAD ./build/obj/hal_usb_lld.o
LOAD ./build/obj/hal_sdc_lld.o
LOAD ./build/obj/hal_spi_v2_lld.o
LOAD ./build/obj/hal_st_lld.o
LOAD ./build/obj/hal_serial_lld.o
LOAD ./build/obj/board.o
LOAD ./build/obj/osal.o
LOAD ./build/obj/chsys.o
LOAD ./build/obj/chrfcu.o
LOAD ./build/obj/chdebug.o
LOAD ./build/obj/chtrace.o
LOAD ./build/obj/chvt.o
LOAD ./build/obj/chschd.o
LOAD ./build/obj/chinstances.o
LOAD ./build/obj/chthreads.o
LOAD ./build/obj/chtm.o
LOAD ./build/obj/chregistry.o
LOAD ./build/obj/chsem.o
LOAD ./build/obj/chmtx.o
LOAD ./build/obj/chcond.o
LOAD ./build/obj/chevents.o
LOAD ./build/obj/chmsg.o
LOAD ./build/obj/chdynamic.o
LOAD ./build/obj/chmboxes.o
LOAD ./build/obj/chmemcore.o
LOAD ./build/obj/chmemheaps.o
LOAD ./build/obj/chmempools.o
LOAD ./build/obj/chpipes.o
LOAD ./build/obj/chobjcaches.o
LOAD ./build/obj/chdelegates.o
LOAD ./build/obj/chfactory.o
LOAD ./build/obj/chcore.o
LOAD ./build/obj/ch_test.o
LOAD ./build/obj/ch_test_printf.o
LOAD ./build/obj/rt_test_root.o
LOAD ./build/obj/rt_test_sequence_001.o
LOAD ./build/obj/rt_test_sequence_002.o
LOAD ./build/obj/rt_test_sequence_003.o
LOAD ./build/obj/rt_test_sequence_004.o
LOAD ./build/obj/rt_test_sequence_005.o
LOAD ./build/obj/rt_test_sequence_006.o
LOAD ./build/obj/rt_test_sequence_007.o
LOAD ./build/obj/rt_test_sequence_008.o
LOAD ./build/obj/rt_test_sequence_009.o
LOAD ./build/obj/rt_test_sequence_010.o
LOAD ./build/obj/rt_test_sequence_011.o
LOAD ./build/obj/rt_test_sequence_012.o
LOAD ./build/obj/oslib_test_root.o
LOAD ./build/obj/oslib_test_sequence_001.o
LOAD ./build/obj/oslib_test_sequence_002.o
LOAD ./build/obj/oslib_test_sequence_003.o
LOAD ./build/obj/oslib_test_sequence_004.o
LOAD ./build/obj/oslib_test_sequence_005.o
LOAD ./build/obj/oslib_test_sequence_006.o
LOAD ./build/obj/oslib_test_sequence_007.o
LOAD ./build/obj/oslib_test_sequence_008.o
LOAD ./build/obj/oslib_test_sequence_009.o
LOAD ./build/obj/main.o
LOAD ./build/obj/drivers.o
LOAD ./build/obj/drv_display.o
LOAD ./build/obj/hall_midi.o
LOAD ./build/obj/spi5_bus.o
LOAD ./build/obj/font.o
LOAD ./build/obj/font4x6.o
LOAD ./build/obj/font5x7.o
LOAD ./build/obj/font5x8_elektron.o
LOAD ./build/obj/brick_asc.o
LOAD ./build/obj/brick_cal.o
LOAD ./build/obj/drv_hall.o
LOAD ./build/obj/midi.o
LOAD ./build/obj/usb_device.o
LOAD ./build/obj/usbcfg.o
LOAD ./build/obj/syscalls.o
LOAD ./build/obj/stm32h7xx_hal.o
LOAD ./build/obj/stm32h7xx_hal_gpio.o
LOAD ./build/obj/stm32h7xx_hal_rcc.o
LOAD ./build/obj/stm32h7xx_hal_pwr.o
LOAD ./build/obj/stm32h7xx_hal_pwr_ex.o
LOAD ./build/obj/stm32h7xx_hal_cortex.o
LOAD ./build/obj/stm32h7xx_ll_usb.o
LOAD ./build/obj/stm32h7xx_hal_flash.o
LOAD ./build/obj/stm32h7xx_hal_flash_ex.o

.mstack         0x20000000      0x400
                0x20000000                . = ALIGN (0x8)
                0x20000000                __main_stack_base__ = .
                0x20000400                . = (. + __main_stack_size__)
 *fill*         0x20000000      0x400 
                0x20000400                . = ALIGN (0x8)
                0x20000400                __main_stack_end__ = .

.pstack         0x20000400      0x400
                0x20000400                . = ALIGN (0x8)
                0x20000400                __process_stack_base__ = .
                0x20000400                __main_thread_stack_base__ = .
                0x20000800                . = (. + __process_stack_size__)
 *fill*         0x20000400      0x400 
                0x20000800                . = ALIGN (0x8)
                0x20000800                __process_stack_end__ = .
                0x20000800                __main_thread_stack_end__ = .

.nocache        0x30040000      0x204
                0x30040000                __nocache_base__ = .
 *(.nocache)
 *(.nocache.*)
 *(.bss.__nocache_*)
 .bss.__nocache_sd1_buf
                0x30040000      0x200 ./build/obj/hal_sdc_lld.o
 .bss.__nocache_sd1_wbuf
                0x30040200        0x4 ./build/obj/hal_sdc_lld.o
                0x30040204                . = ALIGN (0x4)
                0x30040204                __nocache_end__ = .

.eth            0x30040204        0x0
                0x30040204                __eth_base__ = .
 *(.eth)
 *(.eth.*)
 *(.bss.__eth_*)
                0x30040204                . = ALIGN (0x4)
                0x30040204                __eth_end__ = .

.vectors        0x08000000      0x2e0
                0x08000000                __textvectors_base__ = LOADADDR (.vectors)
                0x08000000                __vectors_base__ = .
 *(.vectors)
 .vectors       0x08000000      0x2e0 ./build/obj/vectors.o
                0x08000000                _vectors
                0x080002e0                __vectors_end__ = .

.xtors          0x080002e0        0x0
                0x080002e0                __init_array_base__ = .
 *(SORT_BY_NAME(.init_array.*))
 *(.init_array)
                0x080002e0                __init_array_end__ = .
                0x080002e0                __fini_array_base__ = .
 *(.fini_array)
 *(SORT_BY_NAME(.fini_array.*))
                0x080002e0                __fini_array_end__ = .

.text           0x080002e0     0x53e4
                0x080002e0                __text_base__ = .
 *(.text)
 .text          0x080002e0       0xd8 ./build/obj/crt0_v7m.o
                0x080002e0                _crt0_entry
 .text          0x080003b8        0x8 ./build/obj/vectors.o
                0x080003b8                Reset_Handler
                0x080003ba                VectorE8
                0x080003ba                Vector9C
                0x080003ba                Vector2C4
                0x080003ba                VectorAC
                0x080003ba                DebugMon_Handler
                0x080003ba                Vector2B0
                0x080003ba                Vector26C
                0x080003ba                Vector22C
                0x080003ba                Vector1A0
                0x080003ba                Vector2C0
                0x080003ba                Vector5C
                0x080003ba                Vector224
                0x080003ba                Vector11C
                0x080003ba                HardFault_Handler
                0x080003ba                Vector1B8
                0x080003ba                Vector1F0
                0x080003ba                Vector19C
                0x080003ba                Vector1EC
                0x080003ba                Vector8C
                0x080003ba                SysTick_Handler
                0x080003ba                Vector2D8
                0x080003ba                PendSV_Handler
                0x080003ba                Vector168
                0x080003ba                NMI_Handler
                0x080003ba                Vector270
                0x080003ba                Vector110
                0x080003ba                Vector274
                0x080003ba                Vector1D8
                0x080003ba                Vector1F4
                0x080003ba                VectorC8
                0x080003ba                Vector2CC
                0x080003ba                Vector94
                0x080003ba                VectorA8
                0x080003ba                Vector204
                0x080003ba                Vector2AC
                0x080003ba                VectorB4
                0x080003ba                Vector1FC
                0x080003ba                Vector160
                0x080003ba                Vector1B0
                0x080003ba                UsageFault_Handler
                0x080003ba                VectorEC
                0x080003ba                Vector234
                0x080003ba                Vector264
                0x080003ba                Vector40
                0x080003ba                VectorF8
                0x080003ba                Vector108
                0x080003ba                VectorBC
                0x080003ba                Vector190
                0x080003ba                Vector1E0
                0x080003ba                Vector1F8
                0x080003ba                Vector27C
                0x080003ba                Vector1C4
                0x080003ba                Vector1CC
                0x080003ba                Vector2A8
                0x080003ba                Vector1E4
                0x080003ba                Vector20C
                0x080003ba                Vector148
                0x080003ba                Vector188
                0x080003ba                Vector118
                0x080003ba                Vector64
                0x080003ba                Vector58
                0x080003ba                Vector54
                0x080003ba                Vector98
                0x080003ba                Vector2B8
                0x080003ba                Vector284
                0x080003ba                Vector218
                0x080003ba                VectorD8
                0x080003ba                Vector138
                0x080003ba                Vector24
                0x080003ba                Vector200
                0x080003ba                Vector1AC
                0x080003ba                Vector178
                0x080003ba                SecureFault_Handler
                0x080003ba                Vector1A4
                0x080003ba                Vector2A0
                0x080003ba                Vector1B4
                0x080003ba                Vector28C
                0x080003ba                Vector140
                0x080003ba                VectorE4
                0x080003ba                VectorC0
                0x080003ba                Vector1C0
                0x080003ba                Vector214
                0x080003ba                Vector2D0
                0x080003ba                Vector134
                0x080003ba                Vector1D0
                0x080003ba                Vector2DC
                0x080003ba                VectorF0
                0x080003ba                Vector210
                0x080003ba                Vector2BC
                0x080003ba                Vector13C
                0x080003ba                Vector280
                0x080003ba                Vector100
                0x080003ba                VectorE0
                0x080003ba                VectorF4
                0x080003ba                Vector2B4
                0x080003ba                Vector2C8
                0x080003ba                MemManage_Handler
                0x080003ba                Vector238
                0x080003ba                VectorA0
                0x080003ba                VectorC4
                0x080003ba                Vector180
                0x080003ba                Vector288
                0x080003ba                Vector208
                0x080003ba                Vector90
                0x080003ba                Vector294
                0x080003ba                Vector114
                0x080003ba                Vector164
                0x080003ba                Vector60
                0x080003ba                Vector1BC
                0x080003ba                Vector17C
                0x080003ba                Vector48
                0x080003ba                Vector240
                0x080003ba                Vector1A8
                0x080003ba                Vector16C
                0x080003ba                Vector228
                0x080003ba                VectorD4
                0x080003ba                Vector2D4
                0x080003ba                Vector278
                0x080003ba                Vector4C
                0x080003ba                Vector144
                0x080003ba                Vector15C
                0x080003ba                Vector68
                0x080003ba                Vector230
                0x080003ba                Vector290
                0x080003ba                Vector1E8
                0x080003ba                Vector18C
                0x080003ba                Vector170
                0x080003ba                Vector220
                0x080003ba                Vector298
                0x080003ba                Vector29C
                0x080003ba                Vector184
                0x080003ba                Vector21C
                0x080003ba                Vector268
                0x080003ba                Vector14C
                0x080003ba                BusFault_Handler
                0x080003ba                Vector50
                0x080003ba                Vector1C8
                0x080003ba                Vector1DC
                0x080003ba                Vector44
                0x080003ba                Vector28
                0x080003ba                VectorB8
                0x080003ba                Vector2A4
                0x080003ba                Vector34
                0x080003ba                VectorA4
                0x080003ba                Vector20
                0x080003ba                Vector174
                0x080003be                _unhandled_exception
 .text          0x080003c0       0x2a ./build/obj/chcoreasm.o
                0x080003c0                __port_switch
                0x080003d0                __port_thread_start
                0x080003e2                __port_switch_from_isr
                0x080003e6                __port_exit_from_isr
 *fill*         0x080003ea        0x2 
 .text          0x080003ec      0x134 c:/chibistudio/tools/gnu tools arm embedded/11.3 2022.08/bin/../lib/gcc/arm-none-eabi/11.3.1/thumb/v7e-m/nofp\libg.a(libc_a-memcpy.o)
                0x080003ec                memcpy
 *(.text.*)
 .text.__cpu_init
                0x08000520       0x80 ./build/obj/crt1.o
                0x08000520                __cpu_init
 .text.__late_init
                0x080005a0        0x4 ./build/obj/crt1.o
                0x080005a0                __late_init
 *fill*         0x080005a4        0xc 
 .text.__default_exit
                0x080005b0        0x4 ./build/obj/crt1.o
                0x080005b0                __default_exit
 *fill*         0x080005b4        0xc 
 .text.__init_ram_areas
                0x080005c0       0x6c ./build/obj/crt1.o
                0x080005c0                __init_ram_areas
 *fill*         0x0800062c        0x4 
 .text.halInit  0x08000630       0x2c ./build/obj/hal.o
                0x08000630                halInit
 *fill*         0x0800065c        0x4 
 .text.stInit   0x08000660        0x4 ./build/obj/hal_st.o
                0x08000660                stInit
 *fill*         0x08000664        0xc 
 .text.stGetCounter
                0x08000670        0x8 ./build/obj/hal_st.o
                0x08000670                stGetCounter
 *fill*         0x08000678        0x8 
 .text.stStartAlarm
                0x08000680       0x10 ./build/obj/hal_st.o
                0x08000680                stStartAlarm
 .text.stStopAlarm
                0x08000690        0xc ./build/obj/hal_st.o
                0x08000690                stStopAlarm
 *fill*         0x0800069c        0x4 
 .text.stSetAlarm
                0x080006a0        0x8 ./build/obj/hal_st.o
                0x080006a0                stSetAlarm
 *fill*         0x080006a8        0x8 
 .text.iq_read  0x080006b0       0x5c ./build/obj/hal_queues.o
 *fill*         0x0800070c        0x4 
 .text.oq_write
                0x08000710       0x6c ./build/obj/hal_queues.o
 *fill*         0x0800077c        0x4 
 .text.iqObjectInit
                0x08000780       0x20 ./build/obj/hal_queues.o
                0x08000780                iqObjectInit
 .text.iqPutI   0x080007a0       0x38 ./build/obj/hal_queues.o
                0x080007a0                iqPutI
 *fill*         0x080007d8        0x8 
 .text.iqGetTimeout
                0x080007e0       0x50 ./build/obj/hal_queues.o
                0x080007e0                iqGetTimeout
 .text.iqReadTimeout
                0x08000830       0x74 ./build/obj/hal_queues.o
                0x08000830                iqReadTimeout
 *fill*         0x080008a4        0xc 
 .text.oqObjectInit
                0x080008b0       0x1c ./build/obj/hal_queues.o
                0x080008b0                oqObjectInit
 *fill*         0x080008cc        0x4 
 .text.oqPutTimeout
                0x080008d0       0x54 ./build/obj/hal_queues.o
                0x080008d0                oqPutTimeout
 *fill*         0x08000924        0xc 
 .text.oqGetI   0x08000930       0x38 ./build/obj/hal_queues.o
                0x08000930                oqGetI
 *fill*         0x08000968        0x8 
 .text.oqWriteTimeout
                0x08000970       0x74 ./build/obj/hal_queues.o
                0x08000970                oqWriteTimeout
 *fill*         0x080009e4        0xc 
 .text._mmcsd_get_slice
                0x080009f0       0x4c ./build/obj/hal_mmcsd.o
                0x080009f0                _mmcsd_get_slice
 *fill*         0x08000a3c        0x4 
 .text._mmcsd_get_capacity
                0x08000a40       0x3c ./build/obj/hal_mmcsd.o
                0x08000a40                _mmcsd_get_capacity
 *fill*         0x08000a7c        0x4 
 .text._mmcsd_get_capacity_ext
                0x08000a80       0x20 ./build/obj/hal_mmcsd.o
                0x08000a80                _mmcsd_get_capacity_ext
 .text.adcInit  0x08000aa0        0x4 ./build/obj/hal_adc.o
                0x08000aa0                adcInit
 *fill*         0x08000aa4        0xc 
 .text.adcObjectInit
                0x08000ab0       0x18 ./build/obj/hal_adc.o
                0x08000ab0                adcObjectInit
 *fill*         0x08000ac8        0x8 
 .text.sdcGetInfo
                0x08000ad0       0x18 ./build/obj/hal_sdc.o
                0x08000ad0                sdcGetInfo
 *fill*         0x08000ae8        0x8 
 .text.sdcRead  0x08000af0       0x30 ./build/obj/hal_sdc.o
                0x08000af0                sdcRead
 .text.sdcWrite
                0x08000b20       0x30 ./build/obj/hal_sdc.o
                0x08000b20                sdcWrite
 .text.sdcSync  0x08000b50       0x1c ./build/obj/hal_sdc.o
                0x08000b50                sdcSync
 *fill*         0x08000b6c        0x4 
 .text.sdcConnect
                0x08000b70      0x30c ./build/obj/hal_sdc.o
                0x08000b70                sdcConnect
 *fill*         0x08000e7c        0x4 
 .text._sdc_wait_for_transfer_state
                0x08000e80       0x48 ./build/obj/hal_sdc.o
                0x08000e80                _sdc_wait_for_transfer_state
 *fill*         0x08000ec8        0x8 
 .text.sdcDisconnect
                0x08000ed0       0x38 ./build/obj/hal_sdc.o
                0x08000ed0                sdcDisconnect
 *fill*         0x08000f08        0x8 
 .text.sdcInit  0x08000f10        0x4 ./build/obj/hal_sdc.o
                0x08000f10                sdcInit
 *fill*         0x08000f14        0xc 
 .text.sdcObjectInit
                0x08000f20       0x18 ./build/obj/hal_sdc.o
                0x08000f20                sdcObjectInit
 *fill*         0x08000f38        0x8 
 .text._readt   0x08000f40        0x8 ./build/obj/hal_serial.o
 *fill*         0x08000f48        0x8 
 .text._read    0x08000f50        0xc ./build/obj/hal_serial.o
 *fill*         0x08000f5c        0x4 
 .text._writet  0x08000f60        0x8 ./build/obj/hal_serial.o
 *fill*         0x08000f68        0x8 
 .text._write   0x08000f70        0xc ./build/obj/hal_serial.o
 *fill*         0x08000f7c        0x4 
 .text._gett    0x08000f80        0x8 ./build/obj/hal_serial.o
 *fill*         0x08000f88        0x8 
 .text._get     0x08000f90        0xc ./build/obj/hal_serial.o
 *fill*         0x08000f9c        0x4 
 .text._putt    0x08000fa0        0x8 ./build/obj/hal_serial.o
 *fill*         0x08000fa8        0x8 
 .text._put     0x08000fb0        0xc ./build/obj/hal_serial.o
 *fill*         0x08000fbc        0x4 
 .text._ctl     0x08000fc0        0xc ./build/obj/hal_serial.o
 *fill*         0x08000fcc        0x4 
 .text.sdInit   0x08000fd0        0x4 ./build/obj/hal_serial.o
                0x08000fd0                sdInit
 *fill*         0x08000fd4        0xc 
 .text.sdObjectInit
                0x08000fe0       0x14 ./build/obj/hal_serial.o
                0x08000fe0                sdObjectInit
 *fill*         0x08000ff4        0xc 
 .text.sdIncomingDataI
                0x08001000       0x40 ./build/obj/hal_serial.o
                0x08001000                sdIncomingDataI
 .text.spiInit  0x08001040        0x4 ./build/obj/hal_spi.o
                0x08001040                spiInit
 *fill*         0x08001044        0xc 
 .text.spiObjectInit
                0x08001050       0x14 ./build/obj/hal_spi.o
                0x08001050                spiObjectInit
 *fill*         0x08001064        0xc 
 .text.spiStart
                0x08001070       0x24 ./build/obj/hal_spi.o
                0x08001070                spiStart
 *fill*         0x08001094        0xc 
 .text.spiSend  0x080010a0       0x38 ./build/obj/hal_spi.o
                0x080010a0                spiSend
 *fill*         0x080010d8        0x8 
 .text.usbInit  0x080010e0        0x4 ./build/obj/hal_usb.o
                0x080010e0                usbInit
 *fill*         0x080010e4        0xc 
 .text.usbObjectInit
                0x080010f0       0x1c ./build/obj/hal_usb.o
                0x080010f0                usbObjectInit
 *fill*         0x0800110c        0x4 
 .text._usb_reset
                0x08001110       0x38 ./build/obj/hal_usb.o
                0x08001110                _usb_reset
 *fill*         0x08001148        0x8 
 .text._usb_suspend
                0x08001150       0x20 ./build/obj/hal_usb.o
                0x08001150                _usb_suspend
 .text._usb_wakeup
                0x08001170       0x14 ./build/obj/hal_usb.o
                0x08001170                _usb_wakeup
 *fill*         0x08001184        0xc 
 .text._usb_ep0setup
                0x08001190      0x380 ./build/obj/hal_usb.o
                0x08001190                _usb_ep0setup
 .text._usb_ep0in
                0x08001510       0xc8 ./build/obj/hal_usb.o
                0x08001510                _usb_ep0in
 *fill*         0x080015d8        0x8 
 .text._usb_ep0out
                0x080015e0       0x8c ./build/obj/hal_usb.o
                0x080015e0                _usb_ep0out
 *fill*         0x0800166c        0x4 
 .text.nvicEnableVector
                0x08001670       0x30 ./build/obj/nvic.o
                0x08001670                nvicEnableVector
 .text.nvicDisableVector
                0x080016a0       0x2c ./build/obj/nvic.o
                0x080016a0                nvicDisableVector
 *fill*         0x080016cc        0x4 
 .text.Vector104
                0x080016d0       0x28 ./build/obj/stm32_isr.o
                0x080016d0                Vector104
 *fill*         0x080016f8        0x8 
 .text.VectorDC
                0x08001700       0x28 ./build/obj/stm32_isr.o
                0x08001700                VectorDC
 *fill*         0x08001728        0x8 
 .text.VectorB0
                0x08001730       0x20 ./build/obj/stm32_isr.o
                0x08001730                VectorB0
 .text.irqInit  0x08001750       0x28 ./build/obj/stm32_isr.o
                0x08001750                irqInit
 *fill*         0x08001778        0x8 
 .text.hal_lld_init
                0x08001780      0x150 ./build/obj/hal_lld.o
                0x08001780                hal_lld_init
 .text.stm32_clock_init
                0x080018d0      0x1a0 ./build/obj/hal_lld.o
                0x080018d0                stm32_clock_init
 .text.adc_lld_init
                0x08001a70      0x118 ./build/obj/hal_adc_lld.o
                0x08001a70                adc_lld_init
 *fill*         0x08001b88        0x8 
 .text.adc_lld_stop_conversion
                0x08001b90       0x6c ./build/obj/hal_adc_lld.o
                0x08001b90                adc_lld_stop_conversion
 *fill*         0x08001bfc        0x4 
 .text.adc_lld_serve_interrupt
                0x08001c00       0x7c ./build/obj/hal_adc_lld.o
 *fill*         0x08001c7c        0x4 
 .text.Vector88
                0x08001c80       0x30 ./build/obj/hal_adc_lld.o
                0x08001c80                Vector88
 .text.Vector23C
                0x08001cb0       0x30 ./build/obj/hal_adc_lld.o
                0x08001cb0                Vector23C
 .text.Vector244
                0x08001ce0       0x38 ./build/obj/stm32_bdma.o
                0x08001ce0                Vector244
 *fill*         0x08001d18        0x8 
 .text.Vector248
                0x08001d20       0x3c ./build/obj/stm32_bdma.o
                0x08001d20                Vector248
 *fill*         0x08001d5c        0x4 
 .text.Vector24C
                0x08001d60       0x3c ./build/obj/stm32_bdma.o
                0x08001d60                Vector24C
 *fill*         0x08001d9c        0x4 
 .text.Vector250
                0x08001da0       0x3c ./build/obj/stm32_bdma.o
                0x08001da0                Vector250
 *fill*         0x08001ddc        0x4 
 .text.Vector254
                0x08001de0       0x3c ./build/obj/stm32_bdma.o
                0x08001de0                Vector254
 *fill*         0x08001e1c        0x4 
 .text.Vector258
                0x08001e20       0x3c ./build/obj/stm32_bdma.o
                0x08001e20                Vector258
 *fill*         0x08001e5c        0x4 
 .text.Vector25C
                0x08001e60       0x3c ./build/obj/stm32_bdma.o
                0x08001e60                Vector25C
 *fill*         0x08001e9c        0x4 
 .text.Vector260
                0x08001ea0       0x3c ./build/obj/stm32_bdma.o
                0x08001ea0                Vector260
 *fill*         0x08001edc        0x4 
 .text.bdmaInit
                0x08001ee0       0x40 ./build/obj/stm32_bdma.o
                0x08001ee0                bdmaInit
 .text.bdmaStreamAllocI
                0x08001f20       0xac ./build/obj/stm32_bdma.o
                0x08001f20                bdmaStreamAllocI
 *fill*         0x08001fcc        0x4 
 .text.bdmaStreamFreeI
                0x08001fd0       0x4c ./build/obj/stm32_bdma.o
                0x08001fd0                bdmaStreamFreeI
 *fill*         0x0800201c        0x4 
 .text.bdmaSetRequestSource
                0x08002020        0x8 ./build/obj/stm32_bdma.o
                0x08002020                bdmaSetRequestSource
 *fill*         0x08002028        0x8 
 .text.Vector6C
                0x08002030       0x38 ./build/obj/stm32_dma.o
                0x08002030                Vector6C
 *fill*         0x08002068        0x8 
 .text.Vector70
                0x08002070       0x3c ./build/obj/stm32_dma.o
                0x08002070                Vector70
 *fill*         0x080020ac        0x4 
 .text.Vector74
                0x080020b0       0x3c ./build/obj/stm32_dma.o
                0x080020b0                Vector74
 *fill*         0x080020ec        0x4 
 .text.Vector78
                0x080020f0       0x3c ./build/obj/stm32_dma.o
                0x080020f0                Vector78
 *fill*         0x0800212c        0x4 
 .text.Vector7C
                0x08002130       0x38 ./build/obj/stm32_dma.o
                0x08002130                Vector7C
 *fill*         0x08002168        0x8 
 .text.Vector80
                0x08002170       0x3c ./build/obj/stm32_dma.o
                0x08002170                Vector80
 *fill*         0x080021ac        0x4 
 .text.Vector84
                0x080021b0       0x3c ./build/obj/stm32_dma.o
                0x080021b0                Vector84
 *fill*         0x080021ec        0x4 
 .text.VectorFC
                0x080021f0       0x3c ./build/obj/stm32_dma.o
                0x080021f0                VectorFC
 *fill*         0x0800222c        0x4 
 .text.Vector120
                0x08002230       0x38 ./build/obj/stm32_dma.o
                0x08002230                Vector120
 *fill*         0x08002268        0x8 
 .text.Vector124
                0x08002270       0x3c ./build/obj/stm32_dma.o
                0x08002270                Vector124
 *fill*         0x080022ac        0x4 
 .text.Vector128
                0x080022b0       0x3c ./build/obj/stm32_dma.o
                0x080022b0                Vector128
 *fill*         0x080022ec        0x4 
 .text.Vector12C
                0x080022f0       0x3c ./build/obj/stm32_dma.o
                0x080022f0                Vector12C
 *fill*         0x0800232c        0x4 
 .text.Vector130
                0x08002330       0x38 ./build/obj/stm32_dma.o
                0x08002330                Vector130
 *fill*         0x08002368        0x8 
 .text.Vector150
                0x08002370       0x3c ./build/obj/stm32_dma.o
                0x08002370                Vector150
 *fill*         0x080023ac        0x4 
 .text.Vector154
                0x080023b0       0x3c ./build/obj/stm32_dma.o
                0x080023b0                Vector154
 *fill*         0x080023ec        0x4 
 .text.Vector158
                0x080023f0       0x3c ./build/obj/stm32_dma.o
                0x080023f0                Vector158
 *fill*         0x0800242c        0x4 
 .text.dmaInit  0x08002430       0x4c ./build/obj/stm32_dma.o
                0x08002430                dmaInit
 *fill*         0x0800247c        0x4 
 .text.dmaStreamAllocI
                0x08002480      0x114 ./build/obj/stm32_dma.o
                0x08002480                dmaStreamAllocI
 *fill*         0x08002594        0xc 
 .text.dmaStreamFreeI
                0x080025a0       0x6c ./build/obj/stm32_dma.o
                0x080025a0                dmaStreamFreeI
 *fill*         0x0800260c        0x4 
 .text.dmaSetRequestSource
                0x08002610        0x8 ./build/obj/stm32_dma.o
                0x08002610                dmaSetRequestSource
 *fill*         0x08002618        0x8 
 .text._pal_lld_init
                0x08002620        0x4 ./build/obj/hal_pal_lld.o
                0x08002620                _pal_lld_init
 *fill*         0x08002624        0xc 
 .text.otg_disable_ep.isra.0
                0x08002630       0x58 ./build/obj/hal_usb_lld.o
 *fill*         0x08002688        0x8 
 .text.usb_lld_init
                0x08002690       0x20 ./build/obj/hal_usb_lld.o
                0x08002690                usb_lld_init
 .text.usb_lld_reset
                0x080026b0       0xcc ./build/obj/hal_usb_lld.o
                0x080026b0                usb_lld_reset
 *fill*         0x0800277c        0x4 
 .text.usb_lld_set_address
                0x08002780       0x1c ./build/obj/hal_usb_lld.o
                0x08002780                usb_lld_set_address
 *fill*         0x0800279c        0x4 
 .text.usb_lld_disable_endpoints
                0x080027a0       0x10 ./build/obj/hal_usb_lld.o
                0x080027a0                usb_lld_disable_endpoints
 .text.usb_lld_get_status_out
                0x080027b0       0x1c ./build/obj/hal_usb_lld.o
                0x080027b0                usb_lld_get_status_out
 *fill*         0x080027cc        0x4 
 .text.usb_lld_get_status_in
                0x080027d0       0x1c ./build/obj/hal_usb_lld.o
                0x080027d0                usb_lld_get_status_in
 *fill*         0x080027ec        0x4 
 .text.usb_lld_read_setup
                0x080027f0       0x14 ./build/obj/hal_usb_lld.o
                0x080027f0                usb_lld_read_setup
 *fill*         0x08002804        0xc 
 .text.usb_lld_start_out
                0x08002810       0x88 ./build/obj/hal_usb_lld.o
                0x08002810                usb_lld_start_out
 *fill*         0x08002898        0x8 
 .text.otg_epout_handler.constprop.0
                0x080028a0       0x9c ./build/obj/hal_usb_lld.o
 *fill*         0x0800293c        0x4 
 .text.usb_lld_start_in
                0x08002940       0xa8 ./build/obj/hal_usb_lld.o
                0x08002940                usb_lld_start_in
 *fill*         0x080029e8        0x8 
 .text.otg_epin_handler.constprop.0
                0x080029f0      0x110 ./build/obj/hal_usb_lld.o
 .text.Vector1D4
                0x08002b00      0x3a8 ./build/obj/hal_usb_lld.o
                0x08002b00                Vector1D4
 *fill*         0x08002ea8        0x8 
 .text.usb_lld_stall_out
                0x08002eb0       0x18 ./build/obj/hal_usb_lld.o
                0x08002eb0                usb_lld_stall_out
 *fill*         0x08002ec8        0x8 
 .text.usb_lld_stall_in
                0x08002ed0       0x18 ./build/obj/hal_usb_lld.o
                0x08002ed0                usb_lld_stall_in
 *fill*         0x08002ee8        0x8 
 .text.usb_lld_clear_out
                0x08002ef0       0x18 ./build/obj/hal_usb_lld.o
                0x08002ef0                usb_lld_clear_out
 *fill*         0x08002f08        0x8 
 .text.usb_lld_clear_in
                0x08002f10       0x18 ./build/obj/hal_usb_lld.o
                0x08002f10                usb_lld_clear_in
 *fill*         0x08002f28        0x8 
 .text.sdc_lld_collect_errors
                0x08002f30       0x34 ./build/obj/hal_sdc_lld.o
 *fill*         0x08002f64        0xc 
 .text.sdc_lld_wait_transaction_end
                0x08002f70       0x78 ./build/obj/hal_sdc_lld.o
 *fill*         0x08002fe8        0x8 
 .text.sdc_lld_write_aligned.part.0
                0x08002ff0      0x10c ./build/obj/hal_sdc_lld.o
 *fill*         0x080030fc        0x4 
 .text.sdc_lld_read_aligned.part.0
                0x08003100      0x10c ./build/obj/hal_sdc_lld.o
 *fill*         0x0800320c        0x4 
 .text.sdc_lld_init
                0x08003210       0x30 ./build/obj/hal_sdc_lld.o
                0x08003210                sdc_lld_init
 .text.sdc_lld_start_clk
                0x08003240       0x38 ./build/obj/hal_sdc_lld.o
                0x08003240                sdc_lld_start_clk
 *fill*         0x08003278        0x8 
 .text.sdc_lld_set_data_clk
                0x08003280       0x68 ./build/obj/hal_sdc_lld.o
                0x08003280                sdc_lld_set_data_clk
 *fill*         0x080032e8        0x8 
 .text.sdc_lld_stop_clk
                0x080032f0        0xc ./build/obj/hal_sdc_lld.o
                0x080032f0                sdc_lld_stop_clk
 *fill*         0x080032fc        0x4 
 .text.sdc_lld_set_bus_mode
                0x08003300       0x24 ./build/obj/hal_sdc_lld.o
                0x08003300                sdc_lld_set_bus_mode
 *fill*         0x08003324        0xc 
 .text.sdc_lld_send_cmd_none
                0x08003330       0x18 ./build/obj/hal_sdc_lld.o
                0x08003330                sdc_lld_send_cmd_none
 *fill*         0x08003348        0x8 
 .text.sdc_lld_send_cmd_short
                0x08003350       0x2c ./build/obj/hal_sdc_lld.o
                0x08003350                sdc_lld_send_cmd_short
 *fill*         0x0800337c        0x4 
 .text.sdc_lld_send_cmd_short_crc
                0x08003380       0x2c ./build/obj/hal_sdc_lld.o
                0x08003380                sdc_lld_send_cmd_short_crc
 *fill*         0x080033ac        0x4 
 .text.sdc_lld_send_cmd_long_crc
                0x080033b0       0x38 ./build/obj/hal_sdc_lld.o
                0x080033b0                sdc_lld_send_cmd_long_crc
 *fill*         0x080033e8        0x8 
 .text.sdc_lld_read_special
                0x080033f0       0xc8 ./build/obj/hal_sdc_lld.o
                0x080033f0                sdc_lld_read_special
 *fill*         0x080034b8        0x8 
 .text.sdc_lld_read
                0x080034c0       0x60 ./build/obj/hal_sdc_lld.o
                0x080034c0                sdc_lld_read
 .text.sdc_lld_write
                0x08003520       0x60 ./build/obj/hal_sdc_lld.o
                0x08003520                sdc_lld_write
 .text.sdc_lld_sync
                0x08003580        0x4 ./build/obj/hal_sdc_lld.o
                0x08003580                sdc_lld_sync
 *fill*         0x08003584        0xc 
 .text.sdc_lld_serve_interrupt
                0x08003590       0x1c ./build/obj/hal_sdc_lld.o
                0x08003590                sdc_lld_serve_interrupt
 *fill*         0x080035ac        0x4 
 .text.spi_lld_configure.isra.0
                0x080035b0       0x54 ./build/obj/hal_spi_v2_lld.o
 *fill*         0x08003604        0xc 
 .text.spi_lld_stop_abort
                0x08003610      0x16c ./build/obj/hal_spi_v2_lld.o
 *fill*         0x0800377c        0x4 
 .text.spi_lld_stop_nicely
                0x08003780       0xb4 ./build/obj/hal_spi_v2_lld.o
 *fill*         0x08003834        0xc 
 .text.spi_lld_serve_dma_tx_interrupt.part.0
                0x08003840       0x38 ./build/obj/hal_spi_v2_lld.o
 *fill*         0x08003878        0x8 
 .text.spi_lld_serve_bdma_tx_interrupt
                0x08003880        0xc ./build/obj/hal_spi_v2_lld.o
 *fill*         0x0800388c        0x4 
 .text.spi_lld_serve_dma_tx_interrupt
                0x08003890        0xc ./build/obj/hal_spi_v2_lld.o
 *fill*         0x0800389c        0x4 
 .text.spi_lld_serve_dma_rx_interrupt
                0x080038a0       0xa8 ./build/obj/hal_spi_v2_lld.o
 *fill*         0x08003948        0x8 
 .text.spi_lld_serve_bdma_rx_interrupt
                0x08003950       0xa4 ./build/obj/hal_spi_v2_lld.o
 *fill*         0x080039f4        0xc 
 .text.VectorCC
                0x08003a00       0x64 ./build/obj/hal_spi_v2_lld.o
                0x08003a00                VectorCC
 *fill*         0x08003a64        0xc 
 .text.VectorD0
                0x08003a70       0x64 ./build/obj/hal_spi_v2_lld.o
                0x08003a70                VectorD0
 *fill*         0x08003ad4        0xc 
 .text.Vector10C
                0x08003ae0       0x64 ./build/obj/hal_spi_v2_lld.o
                0x08003ae0                Vector10C
 *fill*         0x08003b44        0xc 
 .text.Vector194
                0x08003b50       0x64 ./build/obj/hal_spi_v2_lld.o
                0x08003b50                Vector194
 *fill*         0x08003bb4        0xc 
 .text.Vector198
                0x08003bc0       0x64 ./build/obj/hal_spi_v2_lld.o
                0x08003bc0                Vector198
 *fill*         0x08003c24        0xc 
 .text.spi_lld_init
                0x08003c30       0xec ./build/obj/hal_spi_v2_lld.o
                0x08003c30                spi_lld_init
 *fill*         0x08003d1c        0x4 
 .text.spi_lld_start
                0x08003d20      0x3a0 ./build/obj/hal_spi_v2_lld.o
                0x08003d20                spi_lld_start
 .text.spi_lld_send
                0x080040c0       0x6c ./build/obj/hal_spi_v2_lld.o
                0x080040c0                spi_lld_send
 *fill*         0x0800412c        0x4 
 .text.st_lld_init
                0x08004130       0x54 ./build/obj/hal_st_lld.o
                0x08004130                st_lld_init
 *fill*         0x08004184        0xc 
 .text.st_lld_serve_interrupt
                0x08004190       0x2c ./build/obj/hal_st_lld.o
                0x08004190                st_lld_serve_interrupt
 *fill*         0x080041bc        0x4 
 .text.notify3  0x080041c0       0x10 ./build/obj/hal_serial_lld.o
 .text.sd_lld_init
                0x080041d0       0x50 ./build/obj/hal_serial_lld.o
                0x080041d0                sd_lld_init
 .text.sd_lld_serve_interrupt
                0x08004220      0x108 ./build/obj/hal_serial_lld.o
                0x08004220                sd_lld_serve_interrupt
 *fill*         0x08004328        0x8 
 .text.__early_init
                0x08004330      0x224 ./build/obj/board.o
                0x08004330                __early_init
 *fill*         0x08004554        0xc 
 .text.sdc_lld_is_card_inserted
                0x08004560        0x4 ./build/obj/board.o
                0x08004560                sdc_lld_is_card_inserted
 *fill*         0x08004564        0xc 
 .text.sdc_lld_is_write_protected
                0x08004570        0x4 ./build/obj/board.o
                0x08004570                sdc_lld_is_write_protected
 *fill*         0x08004574        0xc 
 .text.boardInit
                0x08004580        0x4 ./build/obj/board.o
                0x08004580                boardInit
 *fill*         0x08004584        0xc 
 .text.chSysInit
                0x08004590       0x58 ./build/obj/chsys.o
                0x08004590                chSysInit
 *fill*         0x080045e8        0x8 
 .text.chSysHalt
                0x080045f0       0x20 ./build/obj/chsys.o
                0x080045f0                chSysHalt
 .text.chSysTimerHandlerI
                0x08004610        0x4 ./build/obj/chsys.o
                0x08004610                chSysTimerHandlerI
 *fill*         0x08004614        0xc 
 .text.chSysGetStatusAndLockX
                0x08004620       0x14 ./build/obj/chsys.o
                0x08004620                chSysGetStatusAndLockX
 *fill*         0x08004634        0xc 
 .text.chSysRestoreStatusX
                0x08004640       0x20 ./build/obj/chsys.o
                0x08004640                chSysRestoreStatusX
 .text.chSysPolledDelayX
                0x08004660       0x14 ./build/obj/chsys.o
                0x08004660                chSysPolledDelayX
 *fill*         0x08004674        0xc 
 .text.chRFCUCollectFaultsI
                0x08004680       0x10 ./build/obj/chrfcu.o
                0x08004680                chRFCUCollectFaultsI
 .text.trace_next.constprop.0
                0x08004690       0x3c ./build/obj/chtrace.o
 *fill*         0x080046cc        0x4 
 .text.__trace_object_init
                0x080046d0       0x24 ./build/obj/chtrace.o
                0x080046d0                __trace_object_init
 *fill*         0x080046f4        0xc 
 .text.__trace_ready
                0x08004700       0x2c ./build/obj/chtrace.o
                0x08004700                __trace_ready
 *fill*         0x0800472c        0x4 
 .text.__trace_switch
                0x08004730       0x30 ./build/obj/chtrace.o
                0x08004730                __trace_switch
 .text.__trace_isr_enter
                0x08004760       0x30 ./build/obj/chtrace.o
                0x08004760                __trace_isr_enter
 .text.__trace_isr_leave
                0x08004790       0x30 ./build/obj/chtrace.o
                0x08004790                __trace_isr_leave
 .text.__trace_halt
                0x080047c0       0x20 ./build/obj/chtrace.o
                0x080047c0                __trace_halt
 .text.vt_insert_first.constprop.0
                0x080047e0       0x5c ./build/obj/chvt.o
 *fill*         0x0800483c        0x4 
 .text.vt_enqueue.constprop.0
                0x08004840       0xa8 ./build/obj/chvt.o
 *fill*         0x080048e8        0x8 
 .text.chVTDoSetI
                0x080048f0        0xc ./build/obj/chvt.o
                0x080048f0                chVTDoSetI
 *fill*         0x080048fc        0x4 
 .text.chVTDoResetI
                0x08004900       0x94 ./build/obj/chvt.o
                0x08004900                chVTDoResetI
 *fill*         0x08004994        0xc 
 .text.chVTDoTickI
                0x080049a0       0xfc ./build/obj/chvt.o
                0x080049a0                chVTDoTickI
 *fill*         0x08004a9c        0x4 
 .text.__sch_wakeup
                0x08004aa0       0x74 ./build/obj/chschd.o
 *fill*         0x08004b14        0xc 
 .text.chSchReadyI
                0x08004b20       0x2c ./build/obj/chschd.o
                0x08004b20                chSchReadyI
 *fill*         0x08004b4c        0x4 
 .text.chSchGoSleepS
                0x08004b50       0x34 ./build/obj/chschd.o
                0x08004b50                chSchGoSleepS
 *fill*         0x08004b84        0xc 
 .text.chSchGoSleepTimeoutS
                0x08004b90       0x80 ./build/obj/chschd.o
                0x08004b90                chSchGoSleepTimeoutS
 .text.chSchIsPreemptionRequired
                0x08004c10       0x18 ./build/obj/chschd.o
                0x08004c10                chSchIsPreemptionRequired
 *fill*         0x08004c28        0x8 
 .text.chSchDoPreemption
                0x08004c30       0x54 ./build/obj/chschd.o
                0x08004c30                chSchDoPreemption
 *fill*         0x08004c84        0xc 
 .text.chSchRescheduleS
                0x08004c90       0x18 ./build/obj/chschd.o
                0x08004c90                chSchRescheduleS
 *fill*         0x08004ca8        0x8 
 .text.__idle_thread
                0x08004cb0        0x4 ./build/obj/chinstances.o
 *fill*         0x08004cb4        0xc 
 .text.chInstanceObjectInit
                0x08004cc0       0x98 ./build/obj/chinstances.o
                0x08004cc0                chInstanceObjectInit
 *fill*         0x08004d58        0x8 
 .text.__thd_object_init
                0x08004d60       0x40 ./build/obj/chthreads.o
                0x08004d60                __thd_object_init
 .text.chThdCreateSuspendedI
                0x08004da0       0x88 ./build/obj/chthreads.o
                0x08004da0                chThdCreateSuspendedI
 *fill*         0x08004e28        0x8 
 .text.chThdCreateI
                0x08004e30       0x10 ./build/obj/chthreads.o
                0x08004e30                chThdCreateI
 .text.chThdExit
                0x08004e40       0x58 ./build/obj/chthreads.o
                0x08004e40                chThdExit
 *fill*         0x08004e98        0x8 
 .text.chThdSleep
                0x08004ea0       0x18 ./build/obj/chthreads.o
                0x08004ea0                chThdSleep
 *fill*         0x08004eb8        0x8 
 .text.chThdSuspendTimeoutS
                0x08004ec0       0x1c ./build/obj/chthreads.o
                0x08004ec0                chThdSuspendTimeoutS
 *fill*         0x08004edc        0x4 
 .text.chThdResumeI
                0x08004ee0       0x14 ./build/obj/chthreads.o
                0x08004ee0                chThdResumeI
 *fill*         0x08004ef4        0xc 
 .text.chThdEnqueueTimeoutS
                0x08004f00       0x28 ./build/obj/chthreads.o
                0x08004f00                chThdEnqueueTimeoutS
 *fill*         0x08004f28        0x8 
 .text.chThdDequeueNextI
                0x08004f30       0x18 ./build/obj/chthreads.o
                0x08004f30                chThdDequeueNextI
 *fill*         0x08004f48        0x8 
 .text.chTMObjectInit
                0x08004f50       0x1c ./build/obj/chtm.o
                0x08004f50                chTMObjectInit
 *fill*         0x08004f6c        0x4 
 .text.chTMStartMeasurementX
                0x08004f70        0xc ./build/obj/chtm.o
                0x08004f70                chTMStartMeasurementX
 *fill*         0x08004f7c        0x4 
 .text.chTMStopMeasurementX
                0x08004f80       0x44 ./build/obj/chtm.o
                0x08004f80                chTMStopMeasurementX
 *fill*         0x08004fc4        0xc 
 .text.chMtxObjectInit
                0x08004fd0        0xc ./build/obj/chmtx.o
                0x08004fd0                chMtxObjectInit
 *fill*         0x08004fdc        0x4 
 .text.chMtxLockS
                0x08004fe0       0xc4 ./build/obj/chmtx.o
                0x08004fe0                chMtxLockS
 *fill*         0x080050a4        0xc 
 .text.chMtxLock
                0x080050b0       0x14 ./build/obj/chmtx.o
                0x080050b0                chMtxLock
 *fill*         0x080050c4        0xc 
 .text.chMtxUnlock
                0x080050d0       0x64 ./build/obj/chmtx.o
                0x080050d0                chMtxUnlock
 *fill*         0x08005134        0xc 
 .text.chEvtBroadcastFlagsI
                0x08005140       0x58 ./build/obj/chevents.o
                0x08005140                chEvtBroadcastFlagsI
 *fill*         0x08005198        0x8 
 .text.__core_init
                0x080051a0       0x18 ./build/obj/chmemcore.o
                0x080051a0                __core_init
 *fill*         0x080051b8        0x8 
 .text.chCoreAllocFromTopI
                0x080051c0       0x28 ./build/obj/chmemcore.o
                0x080051c0                chCoreAllocFromTopI
 *fill*         0x080051e8        0x8 
 .text.chCoreAllocFromTop
                0x080051f0       0x3c ./build/obj/chmemcore.o
                0x080051f0                chCoreAllocFromTop
 *fill*         0x0800522c        0x4 
 .text.__heap_init
                0x08005230       0x1c ./build/obj/chmemheaps.o
                0x08005230                __heap_init
 *fill*         0x0800524c        0x4 
 .text.chPoolObjectInitAligned
                0x08005250       0x10 ./build/obj/chmempools.o
                0x08005250                chPoolObjectInitAligned
 .text.chCoreAllocAlignedI
                0x08005260        0x8 ./build/obj/chfactory.o
 *fill*         0x08005268        0x8 
 .text.__factory_init
                0x08005270       0x54 ./build/obj/chfactory.o
                0x08005270                __factory_init
 *fill*         0x080052c4        0xc 
 .text.SVC_Handler
                0x080052d0       0x14 ./build/obj/chcore.o
                0x080052d0                SVC_Handler
 *fill*         0x080052e4        0xc 
 .text.port_init
                0x080052f0       0x58 ./build/obj/chcore.o
                0x080052f0                port_init
 *fill*         0x08005348        0x8 
 .text.__port_irq_epilogue
                0x08005350       0x48 ./build/obj/chcore.o
                0x08005350                __port_irq_epilogue
 *fill*         0x08005398        0x8 
 .text.startup.main
                0x080053a0       0x4c ./build/obj/main.o
                0x080053a0                main
 *fill*         0x080053ec        0x4 
 .text.drivers_init_all
                0x080053f0        0x4 ./build/obj/drivers.o
                0x080053f0                drivers_init_all
 *fill*         0x080053f4        0xc 
 .text.drv_display_clear
                0x08005400       0x10 ./build/obj/drv_display.o
                0x08005400                drv_display_clear
 .text.drv_display_update
                0x08005410       0xd0 ./build/obj/drv_display.o
                0x08005410                drv_display_update
 .text.drv_display_draw_char
                0x080054e0       0xc4 ./build/obj/drv_display.o
                0x080054e0                drv_display_draw_char
 *fill*         0x080055a4        0xc 
 .text.drv_display_draw_text
                0x080055b0       0x3c ./build/obj/drv_display.o
                0x080055b0                drv_display_draw_text
 *fill*         0x080055ec        0x4 
 .text.spi5_bus_init
                0x080055f0       0x30 ./build/obj/spi5_bus.o
                0x080055f0                spi5_bus_init
 .text.memset   0x08005620       0xa4 c:/chibistudio/tools/gnu tools arm embedded/11.3 2022.08/bin/../lib/gcc/arm-none-eabi/11.3.1/thumb/v7e-m/nofp\libg.a(libc_a-memset.o)
                0x08005620                memset
 *(.glue_7t)
 .glue_7t       0x080056c4        0x0 linker stubs
 *(.glue_7)
 .glue_7        0x080056c4        0x0 linker stubs
 *(.gcc*)
                0x080056c4                __text_end__ = .

.vfp11_veneer   0x080056c4        0x0
 .vfp11_veneer  0x080056c4        0x0 linker stubs

.v4_bx          0x080056c4        0x0
 .v4_bx         0x080056c4        0x0 linker stubs

.iplt           0x080056c4        0x0
 .iplt          0x080056c4        0x0 ./build/obj/crt0_v7m.o

.rodata         0x080056c4      0x4dc
                0x080056c4                __rodata_base__ = .
 *(.rodata)
 *(.rodata.*)
 .rodata.ram_areas
                0x080056c4       0x80 ./build/obj/crt1.o
 .rodata.sdc_vmt
                0x08005744       0x24 ./build/obj/hal_sdc.o
 .rodata.vmt    0x08005768       0x28 ./build/obj/hal_serial.o
 .rodata.active_status
                0x08005790        0x2 ./build/obj/hal_usb.o
 *fill*         0x08005792        0x2 
 .rodata.halted_status
                0x08005794        0x2 ./build/obj/hal_usb.o
 *fill*         0x08005796        0x2 
 .rodata.zero_status
                0x08005798        0x2 ./build/obj/hal_usb.o
 *fill*         0x0800579a        0x2 
 .rodata.__func__.0
                0x0800579c        0x9 ./build/obj/stm32_isr.o
 *fill*         0x080057a5        0x3 
 .rodata.__func__.1
                0x080057a8        0x9 ./build/obj/stm32_isr.o
 *fill*         0x080057b1        0x3 
 .rodata.__func__.2
                0x080057b4        0xa ./build/obj/stm32_isr.o
 *fill*         0x080057be        0x2 
 .rodata.__func__.0
                0x080057c0        0xa ./build/obj/hal_adc_lld.o
 *fill*         0x080057ca        0x2 
 .rodata.__func__.1
                0x080057cc        0x9 ./build/obj/hal_adc_lld.o
 *fill*         0x080057d5        0x3 
 .rodata.__func__.0
                0x080057d8        0xa ./build/obj/stm32_bdma.o
 *fill*         0x080057e2        0x2 
 .rodata.__func__.1
                0x080057e4        0xa ./build/obj/stm32_bdma.o
 *fill*         0x080057ee        0x2 
 .rodata.__func__.2
                0x080057f0        0xa ./build/obj/stm32_bdma.o
 *fill*         0x080057fa        0x2 
 .rodata.__func__.3
                0x080057fc        0xa ./build/obj/stm32_bdma.o
 *fill*         0x08005806        0x2 
 .rodata.__func__.4
                0x08005808        0xa ./build/obj/stm32_bdma.o
 *fill*         0x08005812        0x2 
 .rodata.__func__.5
                0x08005814        0xa ./build/obj/stm32_bdma.o
 *fill*         0x0800581e        0x2 
 .rodata.__func__.6
                0x08005820        0xa ./build/obj/stm32_bdma.o
 *fill*         0x0800582a        0x2 
 .rodata.__func__.7
                0x0800582c        0xa ./build/obj/stm32_bdma.o
 *fill*         0x08005836        0x2 
 .rodata._stm32_bdma_streams
                0x08005838       0xa0 ./build/obj/stm32_bdma.o
                0x08005838                _stm32_bdma_streams
 .rodata.__func__.0
                0x080058d8        0xa ./build/obj/stm32_dma.o
 *fill*         0x080058e2        0x2 
 .rodata.__func__.1
                0x080058e4        0xa ./build/obj/stm32_dma.o
 *fill*         0x080058ee        0x2 
 .rodata.__func__.10
                0x080058f0        0x9 ./build/obj/stm32_dma.o
 *fill*         0x080058f9        0x3 
 .rodata.__func__.11
                0x080058fc        0x9 ./build/obj/stm32_dma.o
 *fill*         0x08005905        0x3 
 .rodata.__func__.12
                0x08005908        0x9 ./build/obj/stm32_dma.o
 *fill*         0x08005911        0x3 
 .rodata.__func__.13
                0x08005914        0x9 ./build/obj/stm32_dma.o
 *fill*         0x0800591d        0x3 
 .rodata.__func__.14
                0x08005920        0x9 ./build/obj/stm32_dma.o
 *fill*         0x08005929        0x3 
 .rodata.__func__.15
                0x0800592c        0x9 ./build/obj/stm32_dma.o
 *fill*         0x08005935        0x3 
 .rodata.__func__.2
                0x08005938        0xa ./build/obj/stm32_dma.o
 *fill*         0x08005942        0x2 
 .rodata.__func__.3
                0x08005944        0xa ./build/obj/stm32_dma.o
 *fill*         0x0800594e        0x2 
 .rodata.__func__.4
                0x08005950        0xa ./build/obj/stm32_dma.o
 *fill*         0x0800595a        0x2 
 .rodata.__func__.5
                0x0800595c        0xa ./build/obj/stm32_dma.o
 *fill*         0x08005966        0x2 
 .rodata.__func__.6
                0x08005968        0xa ./build/obj/stm32_dma.o
 *fill*         0x08005972        0x2 
 .rodata.__func__.7
                0x08005974        0xa ./build/obj/stm32_dma.o
 *fill*         0x0800597e        0x2 
 .rodata.__func__.8
                0x08005980        0x9 ./build/obj/stm32_dma.o
 *fill*         0x08005989        0x3 
 .rodata.__func__.9
                0x0800598c        0x9 ./build/obj/stm32_dma.o
 *fill*         0x08005995        0x3 
 .rodata._stm32_dma_streams
                0x08005998      0x100 ./build/obj/stm32_dma.o
                0x08005998                _stm32_dma_streams
 .rodata.__func__.0
                0x08005a98        0xa ./build/obj/hal_usb_lld.o
 *fill*         0x08005aa2        0x2 
 .rodata.ep0config
                0x08005aa4       0x24 ./build/obj/hal_usb_lld.o
 .rodata.fsparams
                0x08005ac8        0xc ./build/obj/hal_usb_lld.o
 .rodata.spi_lld_serve_dma_tx_interrupt.part.0.str1.4
                0x08005ad4        0xc ./build/obj/hal_spi_v2_lld.o
 .rodata.__func__.0
                0x08005ae0        0xa ./build/obj/hal_spi_v2_lld.o
 *fill*         0x08005aea        0x2 
 .rodata.__func__.1
                0x08005aec        0xa ./build/obj/hal_spi_v2_lld.o
 *fill*         0x08005af6        0x2 
 .rodata.__func__.2
                0x08005af8        0xa ./build/obj/hal_spi_v2_lld.o
 *fill*         0x08005b02        0x2 
 .rodata.__func__.3
                0x08005b04        0x9 ./build/obj/hal_spi_v2_lld.o
 *fill*         0x08005b0d        0x3 
 .rodata.__func__.4
                0x08005b10        0x9 ./build/obj/hal_spi_v2_lld.o
 *fill*         0x08005b19        0x3 
 .rodata.str1.4
                0x08005b1c        0x3 ./build/obj/chsys.o
 *fill*         0x08005b1f        0x1 
 .rodata.ch_core0_cfg
                0x08005b20       0x14 ./build/obj/chsys.o
                0x08005b20                ch_core0_cfg
 .rodata.chInstanceObjectInit.str1.4
                0x08005b34        0x5 ./build/obj/chinstances.o
 *fill*         0x08005b39        0x3 
 .rodata.ch_debug
                0x08005b3c       0x2c ./build/obj/chregistry.o
                0x08005b3c                ch_debug
 .rodata.main.str1.4
                0x08005b68       0x1c ./build/obj/main.o
 .rodata.spicfg
                0x08005b84       0x1c ./build/obj/drv_display.o
                0x08005ba0                . = ALIGN (0x4)
                0x08005ba0                __rodata_end__ = .

.rel.dyn        0x08005ba0        0x0
 .rel.iplt      0x08005ba0        0x0 ./build/obj/crt0_v7m.o

.ARM.extab
 *(.ARM.extab* .gnu.linkonce.armextab.*)

.ARM.exidx      0x08005ba0        0x0
                0x08005ba0                __exidx_base__ = .
                0x08005ba0                __exidx_start = .
 *(.ARM.exidx* .gnu.linkonce.armexidx.*)
                0x08005ba0                __exidx_end__ = .
                0x08005ba0                __exidx_end = .

.eh_frame_hdr
 *(.eh_frame_hdr)

.eh_frame
 *(.eh_frame)

.data           0x24000000        0x0 load address 0x08005ba0
                [!provide]                PROVIDE (_textdata = LOADADDR (.data))
                [!provide]                PROVIDE (_data = .)
                0x08005ba0                __textdata_base__ = LOADADDR (.data)
                0x24000000                __data_base__ = .
 *(.data)
 *(.data.*)
 *(.ramtext)
                0x24000000                . = ALIGN (0x4)
                [!provide]                PROVIDE (_edata = .)
                0x24000000                __data_end__ = .

.igot.plt       0x24000000        0x0 load address 0x08005ba0
 .igot.plt      0x24000000        0x0 ./build/obj/crt0_v7m.o

.ram_d2         0x24000000      0x401 load address 0x08005ba0
 .ram_d2        0x24000000      0x401 ./build/obj/drv_display.o

.bss            0x24000408      0xe48 load address 0x08005fa4
                0x24000408                __bss_base__ = .
 *(.bss)
 *(.bss.*)
 .bss.ADCD1     0x24000408       0x38 ./build/obj/hal_adc_lld.o
                0x24000408                ADCD1
 .bss.ADCD3     0x24000440       0x38 ./build/obj/hal_adc_lld.o
                0x24000440                ADCD3
 .bss.bdma      0x24000478       0x44 ./build/obj/stm32_bdma.o
 .bss.dma       0x240004bc       0x84 ./build/obj/stm32_dma.o
 .bss.USBD1     0x24000540       0x9c ./build/obj/hal_usb_lld.o
                0x24000540                USBD1
 .bss.ep0_state
                0x240005dc       0x10 ./build/obj/hal_usb_lld.o
 .bss.ep0setup_buffer
                0x240005ec        0x8 ./build/obj/hal_usb_lld.o
 .bss.SDCD1     0x240005f4       0x50 ./build/obj/hal_sdc_lld.o
                0x240005f4                SDCD1
 .bss.SPID1     0x24000644       0x3c ./build/obj/hal_spi_v2_lld.o
                0x24000644                SPID1
 .bss.SPID2     0x24000680       0x3c ./build/obj/hal_spi_v2_lld.o
                0x24000680                SPID2
 .bss.SPID3     0x240006bc       0x3c ./build/obj/hal_spi_v2_lld.o
                0x240006bc                SPID3
 .bss.SPID5     0x240006f8       0x3c ./build/obj/hal_spi_v2_lld.o
                0x240006f8                SPID5
 .bss.SPID6     0x24000734       0x3c ./build/obj/hal_spi_v2_lld.o
                0x24000734                SPID6
 .bss.SD3       0x24000770       0x60 ./build/obj/hal_serial_lld.o
                0x24000770                SD3
 .bss.sd_in_buf3
                0x240007d0       0x10 ./build/obj/hal_serial_lld.o
 .bss.sd_out_buf3
                0x240007e0       0x10 ./build/obj/hal_serial_lld.o
 .bss.ch0       0x240007f0      0x890 ./build/obj/chsys.o
                0x240007f0                ch0
 .bss.ch_c0_idle_thread_wa
                0x24001080      0x130 ./build/obj/chsys.o
 .bss.ch_system
                0x240011b0        0xc ./build/obj/chsys.o
                0x240011b0                ch_system
 .bss.ch_memcore
                0x240011bc        0x8 ./build/obj/chmemcore.o
                0x240011bc                ch_memcore
 .bss.default_heap
                0x240011c4       0x1c ./build/obj/chmemheaps.o
 .bss.ch_factory
                0x240011e0       0x48 ./build/obj/chfactory.o
                0x240011e0                ch_factory
 .bss.current_font
                0x24001228        0x4 ./build/obj/drv_display.o
 .bss.display_mutex
                0x2400122c       0x10 ./build/obj/drv_display.o
 .bss.spi5_initialized
                0x2400123c        0x1 ./build/obj/spi5_bus.o
 *fill*         0x2400123d        0x3 
 .bss.spi5_mutex
                0x24001240       0x10 ./build/obj/spi5_bus.o
                0x24001240                spi5_mutex
 *(COMMON)
                0x24001250                . = ALIGN (0x4)
                0x24001250                __bss_end__ = .
                [!provide]                PROVIDE (end = .)
                0x24000000                __ram0_base__ = ORIGIN (ram0)
                0x00080000                __ram0_size__ = LENGTH (ram0)
                0x24080000                __ram0_end__ = (__ram0_base__ + __ram0_size__)
                0x30000000                __ram1_base__ = ORIGIN (ram1)
                0x00040000                __ram1_size__ = LENGTH (ram1)
                0x30040000                __ram1_end__ = (__ram1_base__ + __ram1_size__)
                0x30000000                __ram2_base__ = ORIGIN (ram2)
                0x00048000                __ram2_size__ = LENGTH (ram2)
                0x30048000                __ram2_end__ = (__ram2_base__ + __ram2_size__)
                0x30040000                __ram3_base__ = ORIGIN (ram3)
                0x00008000                __ram3_size__ = LENGTH (ram3)
                0x30048000                __ram3_end__ = (__ram3_base__ + __ram3_size__)
                0x38000000                __ram4_base__ = ORIGIN (ram4)
                0x00010000                __ram4_size__ = LENGTH (ram4)
                0x38010000                __ram4_end__ = (__ram4_base__ + __ram4_size__)
                0x20000000                __ram5_base__ = ORIGIN (ram5)
                0x00020000                __ram5_size__ = LENGTH (ram5)
                0x20020000                __ram5_end__ = (__ram5_base__ + __ram5_size__)
                0x00000000                __ram6_base__ = ORIGIN (ram6)
                0x00010000                __ram6_size__ = LENGTH (ram6)
                0x00010000                __ram6_end__ = (__ram6_base__ + __ram6_size__)
                0x38800000                __ram7_base__ = ORIGIN (ram7)
                0x00001000                __ram7_size__ = LENGTH (ram7)
                0x38801000                __ram7_end__ = (__ram7_base__ + __ram7_size__)
                0x08000000                __flash0_base__ = ORIGIN (flash0)
                0x00200000                __flash0_size__ = LENGTH (flash0)
                0x08200000                __flash0_end__ = (__flash0_base__ + __flash0_size__)
                0x08000000                __flash1_base__ = ORIGIN (flash1)
                0x00100000                __flash1_size__ = LENGTH (flash1)
                0x08100000                __flash1_end__ = (__flash1_base__ + __flash1_size__)
                0x08100000                __flash2_base__ = ORIGIN (flash2)
                0x00100000                __flash2_size__ = LENGTH (flash2)
                0x08200000                __flash2_end__ = (__flash2_base__ + __flash2_size__)
                0x00000000                __flash3_base__ = ORIGIN (flash3)
                0x00000000                __flash3_size__ = LENGTH (flash3)
                0x00000000                __flash3_end__ = (__flash3_base__ + __flash3_size__)
                0x00000000                __flash4_base__ = ORIGIN (flash4)
                0x00000000                __flash4_size__ = LENGTH (flash4)
                0x00000000                __flash4_end__ = (__flash4_base__ + __flash4_size__)
                0x00000000                __flash5_base__ = ORIGIN (flash5)
                0x00000000                __flash5_size__ = LENGTH (flash5)
                0x00000000                __flash5_end__ = (__flash5_base__ + __flash5_size__)
                0x00000000                __flash6_base__ = ORIGIN (flash6)
                0x00000000                __flash6_size__ = LENGTH (flash6)
                0x00000000                __flash6_end__ = (__flash6_base__ + __flash6_size__)
                0x00000000                __flash7_base__ = ORIGIN (flash7)
                0x00000000                __flash7_size__ = LENGTH (flash7)
                0x00000000                __flash7_end__ = (__flash7_base__ + __flash7_size__)

.ram0_init      0x24001250        0x0 load address 0x08005fa4
                0x08005fa4                __ram0_init_text__ = LOADADDR (.ram0_init)
                0x24001250                __ram0_init__ = .
 *(.ram0_init)
 *(.ram0_init.*)
                0x24001250                . = ALIGN (0x4)

.ram0           0x24001250        0x0 load address 0x08005fa4
                0x24001250                __ram0_clear__ = .
 *(.ram0_clear)
 *(.ram0_clear.*)
                0x24001250                . = ALIGN (0x4)
                0x24001250                __ram0_noinit__ = .
 *(.ram0)
 *(.ram0.*)
                0x24001250                . = ALIGN (0x4)
                0x24001250                __ram0_free__ = .

.ram1_init      0x30000000        0x0 load address 0x08005fa4
                0x08005fa4                __ram1_init_text__ = LOADADDR (.ram1_init)
                0x30000000                __ram1_init__ = .
 *(.ram1_init)
 *(.ram1_init.*)
                0x30000000                . = ALIGN (0x4)

.ram1           0x30000000        0x0 load address 0x08005fa4
                0x30000000                __ram1_clear__ = .
 *(.ram1_clear)
 *(.ram1_clear.*)
                0x30000000                . = ALIGN (0x4)
                0x30000000                __ram1_noinit__ = .
 *(.ram1)
 *(.ram1.*)
                0x30000000                . = ALIGN (0x4)
                0x30000000                __ram1_free__ = .

.ram2_init      0x30000000        0x0 load address 0x08005fa4
                0x08005fa4                __ram2_init_text__ = LOADADDR (.ram2_init)
                0x30000000                __ram2_init__ = .
 *(.ram2_init)
 *(.ram2_init.*)
                0x30000000                . = ALIGN (0x4)

.ram2           0x30000000        0x0 load address 0x08005fa4
                0x30000000                __ram2_clear__ = .
 *(.ram2_clear)
 *(.ram2_clear.*)
                0x30000000                . = ALIGN (0x4)
                0x30000000                __ram2_noinit__ = .
 *(.ram2)
 *(.ram2.*)
                0x30000000                . = ALIGN (0x4)
                0x30000000                __ram2_free__ = .

.ram3_init      0x30040204        0x0 load address 0x08005fa4
                0x08005fa4                __ram3_init_text__ = LOADADDR (.ram3_init)
                0x30040204                __ram3_init__ = .
 *(.ram3_init)
 *(.ram3_init.*)
                0x30040204                . = ALIGN (0x4)

.ram3           0x30040204        0x0 load address 0x08005fa4
                0x30040204                __ram3_clear__ = .
 *(.ram3_clear)
 *(.ram3_clear.*)
                0x30040204                . = ALIGN (0x4)
                0x30040204                __ram3_noinit__ = .
 *(.ram3)
 *(.ram3.*)
                0x30040204                . = ALIGN (0x4)
                0x30040204                __ram3_free__ = .

.ram4_init      0x38000000        0x0 load address 0x08005fa4
                0x08005fa4                __ram4_init_text__ = LOADADDR (.ram4_init)
                0x38000000                __ram4_init__ = .
 *(.ram4_init)
 *(.ram4_init.*)
                0x38000000                . = ALIGN (0x4)

.ram4           0x38000000        0x0 load address 0x08005fa4
                0x38000000                __ram4_clear__ = .
 *(.ram4_clear)
 *(.ram4_clear.*)
                0x38000000                . = ALIGN (0x4)
                0x38000000                __ram4_noinit__ = .
 *(.ram4)
 *(.ram4.*)
                0x38000000                . = ALIGN (0x4)
                0x38000000                __ram4_free__ = .

.ram5_init      0x20000800        0x0 load address 0x08005fa4
                0x08005fa4                __ram5_init_text__ = LOADADDR (.ram5_init)
                0x20000800                __ram5_init__ = .
 *(.ram5_init)
 *(.ram5_init.*)
                0x20000800                . = ALIGN (0x4)

.ram5           0x20000800        0x0 load address 0x08005fa4
                0x20000800                __ram5_clear__ = .
 *(.ram5_clear)
 *(.ram5_clear.*)
                0x20000800                . = ALIGN (0x4)
                0x20000800                __ram5_noinit__ = .
 *(.ram5)
 *(.ram5.*)
                0x20000800                . = ALIGN (0x4)
                0x20000800                __ram5_free__ = .

.ram6_init      0x00000000        0x0 load address 0x08005fa4
                0x08005fa4                __ram6_init_text__ = LOADADDR (.ram6_init)
                0x00000000                __ram6_init__ = .
 *(.ram6_init)
 *(.ram6_init.*)
                0x00000000                . = ALIGN (0x4)

.ram6           0x00000000        0x0 load address 0x08005fa4
                0x00000000                __ram6_clear__ = .
 *(.ram6_clear)
 *(.ram6_clear.*)
                0x00000000                . = ALIGN (0x4)
                0x00000000                __ram6_noinit__ = .
 *(.ram6)
 *(.ram6.*)
                0x00000000                . = ALIGN (0x4)
                0x00000000                __ram6_free__ = .

.ram7_init      0x38800000        0x0 load address 0x08005fa4
                0x08005fa4                __ram7_init_text__ = LOADADDR (.ram7_init)
                0x38800000                __ram7_init__ = .
 *(.ram7_init)
 *(.ram7_init.*)
                0x38800000                . = ALIGN (0x4)

.ram7           0x38800000        0x0 load address 0x08005fa4
                0x38800000                __ram7_clear__ = .
 *(.ram7_clear)
 *(.ram7_clear.*)
                0x38800000                . = ALIGN (0x4)
                0x38800000                __ram7_noinit__ = .
 *(.ram7)
 *(.ram7.*)
                0x38800000                . = ALIGN (0x4)
                0x38800000                __ram7_free__ = .

.flash0         0x08005fa4        0x0
                0x08005fa4                __flash0_init__ = .
 *(.flash0_init)
 *(.flash0_init.*)
                0x08005fa4                __flash0_free__ = .

.flash1         0x08000000        0x0
                0x08000000                __flash1_init__ = .
 *(.flash1_init)
 *(.flash1_init.*)
                0x08000000                __flash1_free__ = .

.flash2         0x08100000        0x0
                0x08100000                __flash2_init__ = .
 *(.flash2_init)
 *(.flash2_init.*)
                0x08100000                __flash2_free__ = .

.flash3         0x00000000        0x0
                0x00000000                __flash3_init__ = .
 *(.flash3_init)
 *(.flash3_init.*)
                0x00000000                __flash3_free__ = .

.flash4         0x00000000        0x0
                0x00000000                __flash4_init__ = .
 *(.flash4_init)
 *(.flash4_init.*)
                0x00000000                __flash4_free__ = .

.flash5         0x00000000        0x0
                0x00000000                __flash5_init__ = .
 *(.flash5_init)
 *(.flash5_init.*)
                0x00000000                __flash5_free__ = .

.flash6         0x00000000        0x0
                0x00000000                __flash6_init__ = .
 *(.flash6_init)
 *(.flash6_init.*)
                0x00000000                __flash6_free__ = .

.flash7         0x00000000        0x0
                0x00000000                __flash7_init__ = .
 *(.flash7_init)
 *(.flash7_init.*)
                0x00000000                __flash7_free__ = .

.heap           0x24001250    0x7edb0
                0x24001250                . = ALIGN (0x8)
                0x24001250                __heap_base__ = .
                0x24080000                . = (ORIGIN (HEAP_RAM) + LENGTH (HEAP_RAM))
 *fill*         0x24001250    0x7edb0 
                0x24080000                __heap_end__ = .
                0x00000400                __process_stack_size__ = 0x400
                0x00000400                __main_stack_size__ = 0x400
START GROUP
LOAD c:/chibistudio/tools/gnu tools arm embedded/11.3 2022.08/bin/../lib/gcc/arm-none-eabi/11.3.1/thumb/v7e-m/nofp\libgcc.a
LOAD c:/chibistudio/tools/gnu tools arm embedded/11.3 2022.08/bin/../lib/gcc/arm-none-eabi/11.3.1/thumb/v7e-m/nofp\libg.a
LOAD c:/chibistudio/tools/gnu tools arm embedded/11.3 2022.08/bin/../lib/gcc/arm-none-eabi/11.3.1/thumb/v7e-m/nofp\libc.a
END GROUP
OUTPUT(build/ch.elf elf32-littlearm)
LOAD linker stubs

.ARM.attributes
                0x00000000       0x2f
 .ARM.attributes
                0x00000000       0x21 ./build/obj/crt0_v7m.o
 .ARM.attributes
                0x00000021       0x21 ./build/obj/vectors.o
 .ARM.attributes
                0x00000042       0x21 ./build/obj/chcoreasm.o
 .ARM.attributes
                0x00000063       0x2e ./build/obj/crt1.o
 .ARM.attributes
                0x00000091       0x2e ./build/obj/hal.o
 .ARM.attributes
                0x000000bf       0x2e ./build/obj/hal_st.o
 .ARM.attributes
                0x000000ed       0x2e ./build/obj/hal_queues.o
 .ARM.attributes
                0x0000011b       0x2e ./build/obj/hal_mmcsd.o
 .ARM.attributes
                0x00000149       0x2e ./build/obj/hal_adc.o
 .ARM.attributes
                0x00000177       0x2e ./build/obj/hal_sdc.o
 .ARM.attributes
                0x000001a5       0x2e ./build/obj/hal_serial.o
 .ARM.attributes
                0x000001d3       0x2e ./build/obj/hal_spi.o
 .ARM.attributes
                0x00000201       0x2e ./build/obj/hal_usb.o
 .ARM.attributes
                0x0000022f       0x2e ./build/obj/nvic.o
 .ARM.attributes
                0x0000025d       0x2e ./build/obj/stm32_isr.o
 .ARM.attributes
                0x0000028b       0x2e ./build/obj/hal_lld.o
 .ARM.attributes
                0x000002b9       0x2e ./build/obj/hal_adc_lld.o
 .ARM.attributes
                0x000002e7       0x2e ./build/obj/stm32_bdma.o
 .ARM.attributes
                0x00000315       0x2e ./build/obj/stm32_dma.o
 .ARM.attributes
                0x00000343       0x2e ./build/obj/hal_pal_lld.o
 .ARM.attributes
                0x00000371       0x2e ./build/obj/hal_usb_lld.o
 .ARM.attributes
                0x0000039f       0x2e ./build/obj/hal_sdc_lld.o
 .ARM.attributes
                0x000003cd       0x2e ./build/obj/hal_spi_v2_lld.o
 .ARM.attributes
                0x000003fb       0x2e ./build/obj/hal_st_lld.o
 .ARM.attributes
                0x00000429       0x2e ./build/obj/hal_serial_lld.o
 .ARM.attributes
                0x00000457       0x2e ./build/obj/board.o
 .ARM.attributes
                0x00000485       0x2e ./build/obj/chsys.o
 .ARM.attributes
                0x000004b3       0x2e ./build/obj/chrfcu.o
 .ARM.attributes
                0x000004e1       0x2e ./build/obj/chtrace.o
 .ARM.attributes
                0x0000050f       0x2e ./build/obj/chvt.o
 .ARM.attributes
                0x0000053d       0x2e ./build/obj/chschd.o
 .ARM.attributes
                0x0000056b       0x2e ./build/obj/chinstances.o
 .ARM.attributes
                0x00000599       0x2e ./build/obj/chthreads.o
 .ARM.attributes
                0x000005c7       0x2e ./build/obj/chtm.o
 .ARM.attributes
                0x000005f5       0x2e ./build/obj/chregistry.o
 .ARM.attributes
                0x00000623       0x2e ./build/obj/chmtx.o
 .ARM.attributes
                0x00000651       0x2e ./build/obj/chevents.o
 .ARM.attributes
                0x0000067f       0x2e ./build/obj/chmemcore.o
 .ARM.attributes
                0x000006ad       0x2e ./build/obj/chmemheaps.o
 .ARM.attributes
                0x000006db       0x2e ./build/obj/chmempools.o
 .ARM.attributes
                0x00000709       0x2e ./build/obj/chfactory.o
 .ARM.attributes
                0x00000737       0x2e ./build/obj/chcore.o
 .ARM.attributes
                0x00000765       0x2e ./build/obj/main.o
 .ARM.attributes
                0x00000793       0x2e ./build/obj/drivers.o
 .ARM.attributes
                0x000007c1       0x2e ./build/obj/drv_display.o
 .ARM.attributes
                0x000007ef       0x2e ./build/obj/spi5_bus.o
 .ARM.attributes
                0x0000081d       0x2e c:/chibistudio/tools/gnu tools arm embedded/11.3 2022.08/bin/../lib/gcc/arm-none-eabi/11.3.1/thumb/v7e-m/nofp\libg.a(libc_a-memset.o)
 .ARM.attributes
                0x0000084b       0x1c c:/chibistudio/tools/gnu tools arm embedded/11.3 2022.08/bin/../lib/gcc/arm-none-eabi/11.3.1/thumb/v7e-m/nofp\libg.a(libc_a-memcpy.o)

.comment        0x00000000       0x33
 .comment       0x00000000       0x33 ./build/obj/crt1.o
                                 0x34 (size before relaxing)
 .comment       0x00000033       0x34 ./build/obj/hal.o
 .comment       0x00000033       0x34 ./build/obj/hal_st.o
 .comment       0x00000033       0x34 ./build/obj/hal_queues.o
 .comment       0x00000033       0x34 ./build/obj/hal_mmcsd.o
 .comment       0x00000033       0x34 ./build/obj/hal_adc.o
 .comment       0x00000033       0x34 ./build/obj/hal_sdc.o
 .comment       0x00000033       0x34 ./build/obj/hal_serial.o
 .comment       0x00000033       0x34 ./build/obj/hal_spi.o
 .comment       0x00000033       0x34 ./build/obj/hal_usb.o
 .comment       0x00000033       0x34 ./build/obj/nvic.o
 .comment       0x00000033       0x34 ./build/obj/stm32_isr.o
 .comment       0x00000033       0x34 ./build/obj/hal_lld.o
 .comment       0x00000033       0x34 ./build/obj/hal_adc_lld.o
 .comment       0x00000033       0x34 ./build/obj/stm32_bdma.o
 .comment       0x00000033       0x34 ./build/obj/stm32_dma.o
 .comment       0x00000033       0x34 ./build/obj/hal_pal_lld.o
 .comment       0x00000033       0x34 ./build/obj/hal_usb_lld.o
 .comment       0x00000033       0x34 ./build/obj/hal_sdc_lld.o
 .comment       0x00000033       0x34 ./build/obj/hal_spi_v2_lld.o
 .comment       0x00000033       0x34 ./build/obj/hal_st_lld.o
 .comment       0x00000033       0x34 ./build/obj/hal_serial_lld.o
 .comment       0x00000033       0x34 ./build/obj/board.o
 .comment       0x00000033       0x34 ./build/obj/chsys.o
 .comment       0x00000033       0x34 ./build/obj/chrfcu.o
 .comment       0x00000033       0x34 ./build/obj/chtrace.o
 .comment       0x00000033       0x34 ./build/obj/chvt.o
 .comment       0x00000033       0x34 ./build/obj/chschd.o
 .comment       0x00000033       0x34 ./build/obj/chinstances.o
 .comment       0x00000033       0x34 ./build/obj/chthreads.o
 .comment       0x00000033       0x34 ./build/obj/chtm.o
 .comment       0x00000033       0x34 ./build/obj/chregistry.o
 .comment       0x00000033       0x34 ./build/obj/chmtx.o
 .comment       0x00000033       0x34 ./build/obj/chevents.o
 .comment       0x00000033       0x34 ./build/obj/chmemcore.o
 .comment       0x00000033       0x34 ./build/obj/chmemheaps.o
 .comment       0x00000033       0x34 ./build/obj/chmempools.o
 .comment       0x00000033       0x34 ./build/obj/chfactory.o
 .comment       0x00000033       0x34 ./build/obj/chcore.o
 .comment       0x00000033       0x34 ./build/obj/main.o
 .comment       0x00000033       0x34 ./build/obj/drivers.o
 .comment       0x00000033       0x34 ./build/obj/drv_display.o
 .comment       0x00000033       0x34 ./build/obj/spi5_bus.o
 .comment       0x00000033       0x34 c:/chibistudio/tools/gnu tools arm embedded/11.3 2022.08/bin/../lib/gcc/arm-none-eabi/11.3.1/thumb/v7e-m/nofp\libg.a(libc_a-memset.o)

.debug_line     0x00000000    0x1d373
 .debug_line    0x00000000       0xa6 ./build/obj/crt0_v7m.o
 .debug_line    0x000000a6       0x4f ./build/obj/vectors.o
 .debug_line    0x000000f5       0x61 ./build/obj/chcoreasm.o
 .debug_line    0x00000156      0x370 ./build/obj/crt1.o
 .debug_line    0x000004c6      0x1a0 ./build/obj/hal.o
 .debug_line    0x00000666      0x2e0 ./build/obj/hal_st.o
 .debug_line    0x00000946      0xf7e ./build/obj/hal_queues.o
 .debug_line    0x000018c4     0x1054 ./build/obj/hal_mmcsd.o
 .debug_line    0x00002918      0x9bb ./build/obj/hal_adc.o
 .debug_line    0x000032d3      0xda9 ./build/obj/hal_sdc.o
 .debug_line    0x0000407c      0x8ed ./build/obj/hal_serial.o
 .debug_line    0x00004969     0x154f ./build/obj/hal_spi.o
 .debug_line    0x00005eb8     0x14c9 ./build/obj/hal_usb.o
 .debug_line    0x00007381      0x2c8 ./build/obj/nvic.o
 .debug_line    0x00007649      0x907 ./build/obj/stm32_isr.o
 .debug_line    0x00007f50      0x7bd ./build/obj/hal_lld.o
 .debug_line    0x0000870d     0x15b6 ./build/obj/hal_adc_lld.o
 .debug_line    0x00009cc3      0x97f ./build/obj/stm32_bdma.o
 .debug_line    0x0000a642      0xc95 ./build/obj/stm32_dma.o
 .debug_line    0x0000b2d7      0x2d4 ./build/obj/hal_pal_lld.o
 .debug_line    0x0000b5ab     0x1519 ./build/obj/hal_usb_lld.o
 .debug_line    0x0000cac4     0x15f1 ./build/obj/hal_sdc_lld.o
 .debug_line    0x0000e0b5     0x2401 ./build/obj/hal_spi_v2_lld.o
 .debug_line    0x000104b6      0x42f ./build/obj/hal_st_lld.o
 .debug_line    0x000108e5      0xb36 ./build/obj/hal_serial_lld.o
 .debug_line    0x0001141b      0x78c ./build/obj/board.o
 .debug_line    0x00011ba7      0x84c ./build/obj/chsys.o
 .debug_line    0x000123f3      0x24e ./build/obj/chrfcu.o
 .debug_line    0x00012641      0x83b ./build/obj/chtrace.o
 .debug_line    0x00012e7c      0xe71 ./build/obj/chvt.o
 .debug_line    0x00013ced      0xb9e ./build/obj/chschd.o
 .debug_line    0x0001488b      0x40a ./build/obj/chinstances.o
 .debug_line    0x00014c95     0x194d ./build/obj/chthreads.o
 .debug_line    0x000165e2      0x3b1 ./build/obj/chtm.o
 .debug_line    0x00016993      0xae2 ./build/obj/chregistry.o
 .debug_line    0x00017475      0xbea ./build/obj/chmtx.o
 .debug_line    0x0001805f     0x11a9 ./build/obj/chevents.o
 .debug_line    0x00019208      0x54a ./build/obj/chmemcore.o
 .debug_line    0x00019752      0x68a ./build/obj/chmemheaps.o
 .debug_line    0x00019ddc      0xa41 ./build/obj/chmempools.o
 .debug_line    0x0001a81d     0x1016 ./build/obj/chfactory.o
 .debug_line    0x0001b833      0x4d8 ./build/obj/chcore.o
 .debug_line    0x0001bd0b      0x1aa ./build/obj/main.o
 .debug_line    0x0001beb5       0x68 ./build/obj/drivers.o
 .debug_line    0x0001bf1d      0xe71 ./build/obj/drv_display.o
 .debug_line    0x0001cd8e      0x313 ./build/obj/spi5_bus.o
 .debug_line    0x0001d0a1      0x23d c:/chibistudio/tools/gnu tools arm embedded/11.3 2022.08/bin/../lib/gcc/arm-none-eabi/11.3.1/thumb/v7e-m/nofp\libg.a(libc_a-memset.o)
 .debug_line    0x0001d2de       0x95 c:/chibistudio/tools/gnu tools arm embedded/11.3 2022.08/bin/../lib/gcc/arm-none-eabi/11.3.1/thumb/v7e-m/nofp\libg.a(libc_a-memcpy.o)

.debug_line_str
                0x00000000      0x1af
 .debug_line_str
                0x00000000       0x8a ./build/obj/crt0_v7m.o
                                 0x95 (size before relaxing)
 .debug_line_str
                0x0000008a        0xa ./build/obj/vectors.o
                                 0x93 (size before relaxing)
 .debug_line_str
                0x00000094       0x3b ./build/obj/chcoreasm.o
                                 0x96 (size before relaxing)
 .debug_line_str
                0x000000cf       0xe0 c:/chibistudio/tools/gnu tools arm embedded/11.3 2022.08/bin/../lib/gcc/arm-none-eabi/11.3.1/thumb/v7e-m/nofp\libg.a(libc_a-memcpy.o)
                                 0xf0 (size before relaxing)

.debug_info     0x00000000    0x3da0d
 .debug_info    0x00000000       0x25 ./build/obj/crt0_v7m.o
 .debug_info    0x00000025       0x24 ./build/obj/vectors.o
 .debug_info    0x00000049       0x24 ./build/obj/chcoreasm.o
 .debug_info    0x0000006d      0x7ed ./build/obj/crt1.o
 .debug_info    0x0000085a      0x147 ./build/obj/hal.o
 .debug_info    0x000009a1      0x3f1 ./build/obj/hal_st.o
 .debug_info    0x00000d92     0x14a4 ./build/obj/hal_queues.o
 .debug_info    0x00002236     0x36a3 ./build/obj/hal_mmcsd.o
 .debug_info    0x000058d9     0x1c8c ./build/obj/hal_adc.o
 .debug_info    0x00007565     0x24bf ./build/obj/hal_sdc.o
 .debug_info    0x00009a24     0x1b57 ./build/obj/hal_serial.o
 .debug_info    0x0000b57b     0x2dc7 ./build/obj/hal_spi.o
 .debug_info    0x0000e342     0x2516 ./build/obj/hal_usb.o
 .debug_info    0x00010858      0x689 ./build/obj/nvic.o
 .debug_info    0x00010ee1     0x1753 ./build/obj/stm32_isr.o
 .debug_info    0x00012634     0x10f9 ./build/obj/hal_lld.o
 .debug_info    0x0001372d     0x27fd ./build/obj/hal_adc_lld.o
 .debug_info    0x00015f2a      0xfee ./build/obj/stm32_bdma.o
 .debug_info    0x00016f18     0x13b5 ./build/obj/stm32_dma.o
 .debug_info    0x000182cd      0x2d9 ./build/obj/hal_pal_lld.o
 .debug_info    0x000185a6     0x2785 ./build/obj/hal_usb_lld.o
 .debug_info    0x0001ad2b     0x2a5b ./build/obj/hal_sdc_lld.o
 .debug_info    0x0001d786     0x3d73 ./build/obj/hal_spi_v2_lld.o
 .debug_info    0x000214f9      0x8fa ./build/obj/hal_st_lld.o
 .debug_info    0x00021df3     0x1dfd ./build/obj/hal_serial_lld.o
 .debug_info    0x00023bf0     0x180a ./build/obj/board.o
 .debug_info    0x000253fa     0x148d ./build/obj/chsys.o
 .debug_info    0x00026887      0x948 ./build/obj/chrfcu.o
 .debug_info    0x000271cf     0x12b9 ./build/obj/chtrace.o
 .debug_info    0x00028488     0x1cc7 ./build/obj/chvt.o
 .debug_info    0x0002a14f     0x16fa ./build/obj/chschd.o
 .debug_info    0x0002b849      0xf96 ./build/obj/chinstances.o
 .debug_info    0x0002c7df     0x2a96 ./build/obj/chthreads.o
 .debug_info    0x0002f275      0xd73 ./build/obj/chtm.o
 .debug_info    0x0002ffe8     0x1555 ./build/obj/chregistry.o
 .debug_info    0x0003153d     0x141e ./build/obj/chmtx.o
 .debug_info    0x0003295b     0x1cb9 ./build/obj/chevents.o
 .debug_info    0x00034614      0x5ca ./build/obj/chmemcore.o
 .debug_info    0x00034bde      0xddd ./build/obj/chmemheaps.o
 .debug_info    0x000359bb      0xf7e ./build/obj/chmempools.o
 .debug_info    0x00036939     0x2b73 ./build/obj/chfactory.o
 .debug_info    0x000394ac     0x1778 ./build/obj/chcore.o
 .debug_info    0x0003ac24      0x20c ./build/obj/main.o
 .debug_info    0x0003ae30       0xc6 ./build/obj/drivers.o
 .debug_info    0x0003aef6     0x1f98 ./build/obj/drv_display.o
 .debug_info    0x0003ce8e      0xa25 ./build/obj/spi5_bus.o
 .debug_info    0x0003d8b3      0x135 c:/chibistudio/tools/gnu tools arm embedded/11.3 2022.08/bin/../lib/gcc/arm-none-eabi/11.3.1/thumb/v7e-m/nofp\libg.a(libc_a-memset.o)
 .debug_info    0x0003d9e8       0x25 c:/chibistudio/tools/gnu tools arm embedded/11.3 2022.08/bin/../lib/gcc/arm-none-eabi/11.3.1/thumb/v7e-m/nofp\libg.a(libc_a-memcpy.o)

.debug_abbrev   0x00000000     0x9da5
 .debug_abbrev  0x00000000       0x14 ./build/obj/crt0_v7m.o
 .debug_abbrev  0x00000014       0x14 ./build/obj/vectors.o
 .debug_abbrev  0x00000028       0x14 ./build/obj/chcoreasm.o
 .debug_abbrev  0x0000003c      0x246 ./build/obj/crt1.o
 .debug_abbrev  0x00000282       0x93 ./build/obj/hal.o
 .debug_abbrev  0x00000315      0x19b ./build/obj/hal_st.o
 .debug_abbrev  0x000004b0      0x3f9 ./build/obj/hal_queues.o
 .debug_abbrev  0x000008a9      0x2f8 ./build/obj/hal_mmcsd.o
 .debug_abbrev  0x00000ba1      0x470 ./build/obj/hal_adc.o
 .debug_abbrev  0x00001011      0x4e3 ./build/obj/hal_sdc.o
 .debug_abbrev  0x000014f4      0x4ee ./build/obj/hal_serial.o
 .debug_abbrev  0x000019e2      0x513 ./build/obj/hal_spi.o
 .debug_abbrev  0x00001ef5      0x477 ./build/obj/hal_usb.o
 .debug_abbrev  0x0000236c      0x174 ./build/obj/nvic.o
 .debug_abbrev  0x000024e0      0x2de ./build/obj/stm32_isr.o
 .debug_abbrev  0x000027be      0x2c6 ./build/obj/hal_lld.o
 .debug_abbrev  0x00002a84      0x4d8 ./build/obj/hal_adc_lld.o
 .debug_abbrev  0x00002f5c      0x36d ./build/obj/stm32_bdma.o
 .debug_abbrev  0x000032c9      0x36c ./build/obj/stm32_dma.o
 .debug_abbrev  0x00003635      0x128 ./build/obj/hal_pal_lld.o
 .debug_abbrev  0x0000375d      0x564 ./build/obj/hal_usb_lld.o
 .debug_abbrev  0x00003cc1      0x559 ./build/obj/hal_sdc_lld.o
 .debug_abbrev  0x0000421a      0x57a ./build/obj/hal_spi_v2_lld.o
 .debug_abbrev  0x00004794      0x1e0 ./build/obj/hal_st_lld.o
 .debug_abbrev  0x00004974      0x431 ./build/obj/hal_serial_lld.o
 .debug_abbrev  0x00004da5      0x324 ./build/obj/board.o
 .debug_abbrev  0x000050c9      0x5e4 ./build/obj/chsys.o
 .debug_abbrev  0x000056ad      0x1f8 ./build/obj/chrfcu.o
 .debug_abbrev  0x000058a5      0x457 ./build/obj/chtrace.o
 .debug_abbrev  0x00005cfc      0x4b6 ./build/obj/chvt.o
 .debug_abbrev  0x000061b2      0x4b2 ./build/obj/chschd.o
 .debug_abbrev  0x00006664      0x3ed ./build/obj/chinstances.o
 .debug_abbrev  0x00006a51      0x5b7 ./build/obj/chthreads.o
 .debug_abbrev  0x00007008      0x2b7 ./build/obj/chtm.o
 .debug_abbrev  0x000072bf      0x438 ./build/obj/chregistry.o
 .debug_abbrev  0x000076f7      0x500 ./build/obj/chmtx.o
 .debug_abbrev  0x00007bf7      0x5a7 ./build/obj/chevents.o
 .debug_abbrev  0x0000819e      0x239 ./build/obj/chmemcore.o
 .debug_abbrev  0x000083d7      0x368 ./build/obj/chmemheaps.o
 .debug_abbrev  0x0000873f      0x42a ./build/obj/chmempools.o
 .debug_abbrev  0x00008b69      0x46f ./build/obj/chfactory.o
 .debug_abbrev  0x00008fd8      0x3ce ./build/obj/chcore.o
 .debug_abbrev  0x000093a6       0xe1 ./build/obj/main.o
 .debug_abbrev  0x00009487       0x7b ./build/obj/drivers.o
 .debug_abbrev  0x00009502      0x565 ./build/obj/drv_display.o
 .debug_abbrev  0x00009a67      0x273 ./build/obj/spi5_bus.o
 .debug_abbrev  0x00009cda       0xb7 c:/chibistudio/tools/gnu tools arm embedded/11.3 2022.08/bin/../lib/gcc/arm-none-eabi/11.3.1/thumb/v7e-m/nofp\libg.a(libc_a-memset.o)
 .debug_abbrev  0x00009d91       0x14 c:/chibistudio/tools/gnu tools arm embedded/11.3 2022.08/bin/../lib/gcc/arm-none-eabi/11.3.1/thumb/v7e-m/nofp\libg.a(libc_a-memcpy.o)

.debug_aranges  0x00000000     0x1228
 .debug_aranges
                0x00000000       0x20 ./build/obj/crt0_v7m.o
 .debug_aranges
                0x00000020       0x20 ./build/obj/vectors.o
 .debug_aranges
                0x00000040       0x20 ./build/obj/chcoreasm.o
 .debug_aranges
                0x00000060       0x38 ./build/obj/crt1.o
 .debug_aranges
                0x00000098       0x20 ./build/obj/hal.o
 .debug_aranges
                0x000000b8       0x50 ./build/obj/hal_st.o
 .debug_aranges
                0x00000108       0x98 ./build/obj/hal_queues.o
 .debug_aranges
                0x000001a0       0x58 ./build/obj/hal_mmcsd.o
 .debug_aranges
                0x000001f8       0x70 ./build/obj/hal_adc.o
 .debug_aranges
                0x00000268       0x80 ./build/obj/hal_sdc.o
 .debug_aranges
                0x000002e8       0xa0 ./build/obj/hal_serial.o
 .debug_aranges
                0x00000388       0xd8 ./build/obj/hal_spi.o
 .debug_aranges
                0x00000460       0xa0 ./build/obj/hal_usb.o
 .debug_aranges
                0x00000500       0x48 ./build/obj/nvic.o
 .debug_aranges
                0x00000548       0x40 ./build/obj/stm32_isr.o
 .debug_aranges
                0x00000588       0x28 ./build/obj/hal_lld.o
 .debug_aranges
                0x000005b0       0x98 ./build/obj/hal_adc_lld.o
 .debug_aranges
                0x00000648       0x88 ./build/obj/stm32_bdma.o
 .debug_aranges
                0x000006d0       0xc8 ./build/obj/stm32_dma.o
 .debug_aranges
                0x00000798       0x28 ./build/obj/hal_pal_lld.o
 .debug_aranges
                0x000007c0       0xb8 ./build/obj/hal_usb_lld.o
 .debug_aranges
                0x00000878       0xc8 ./build/obj/hal_sdc_lld.o
 .debug_aranges
                0x00000940       0xc8 ./build/obj/hal_spi_v2_lld.o
 .debug_aranges
                0x00000a08       0x28 ./build/obj/hal_st_lld.o
 .debug_aranges
                0x00000a30       0x40 ./build/obj/hal_serial_lld.o
 .debug_aranges