Archive member included to satisfy reference by file (symbol)

c:/chibistudio/tools/gnu tools arm embedded/11.3 2022.08/bin/../lib/gcc/arm-none-eabi/11.3.1/thumb/v7e-m/nofp\libg.a(libc_a-memset.o)
                              C:\Users\DEVELO~1\AppData\Local\Temp\ccXYfisa.ltrans0.ltrans.o (memset)
c:/chibistudio/tools/gnu tools arm embedded/11.3 2022.08/bin/../lib/gcc/arm-none-eabi/11.3.1/thumb/v7e-m/nofp\libg.a(libc_a-memcpy.o)
                              C:\Users\DEVELO~1\AppData\Local\Temp\ccXYfisa.ltrans0.ltrans.o (memcpy)

Discarded input sections

 .data          0x00000000        0x0 ./build/obj/crt0_v7m.o
 .bss           0x00000000        0x0 ./build/obj/crt0_v7m.o
 .data          0x00000000        0x0 ./build/obj/vectors.o
 .bss           0x00000000        0x0 ./build/obj/vectors.o
 .data          0x00000000        0x0 ./build/obj/chcoreasm.o
 .bss           0x00000000        0x0 ./build/obj/chcoreasm.o
 .text          0x00000000        0x0 C:\Users\DEVELO~1\AppData\Local\Temp\ccXYfisa.ltrans0.ltrans.o
 .data          0x00000000        0x0 C:\Users\DEVELO~1\AppData\Local\Temp\ccXYfisa.ltrans0.ltrans.o
 .bss           0x00000000        0x0 C:\Users\DEVELO~1\AppData\Local\Temp\ccXYfisa.ltrans0.ltrans.o
 .bss.buttons_mask
                0x00000000        0x4 C:\Users\DEVELO~1\AppData\Local\Temp\ccXYfisa.ltrans0.ltrans.o
 .bss.buttons_raw
                0x00000000        0x3 C:\Users\DEVELO~1\AppData\Local\Temp\ccXYfisa.ltrans0.ltrans.o
 .bss.last_frame_start
                0x00000000        0x4 C:\Users\DEVELO~1\AppData\Local\Temp\ccXYfisa.ltrans0.ltrans.o
 .bss.last_frame_time_us
                0x00000000        0x4 C:\Users\DEVELO~1\AppData\Local\Temp\ccXYfisa.ltrans0.ltrans.o
 .bss.led_dma_busy
                0x00000000        0x1 C:\Users\DEVELO~1\AppData\Local\Temp\ccXYfisa.ltrans0.ltrans.o
 .bss.led_dma_error_pending
                0x00000000        0x1 C:\Users\DEVELO~1\AppData\Local\Temp\ccXYfisa.ltrans0.ltrans.o
 .bss.led_dma_errors
                0x00000000        0x4 C:\Users\DEVELO~1\AppData\Local\Temp\ccXYfisa.ltrans0.ltrans.o
 .bss.led_dma_retry_exhausted
                0x00000000        0x4 C:\Users\DEVELO~1\AppData\Local\Temp\ccXYfisa.ltrans0.ltrans.o
 .bss.led_dma_tc_pending
                0x00000000        0x1 C:\Users\DEVELO~1\AppData\Local\Temp\ccXYfisa.ltrans0.ltrans.o
 .bss.pots_raw  0x00000000        0x2 C:\Users\DEVELO~1\AppData\Local\Temp\ccXYfisa.ltrans0.ltrans.o
 .bss.pots_state
                0x00000000        0x1 C:\Users\DEVELO~1\AppData\Local\Temp\ccXYfisa.ltrans0.ltrans.o
 .bss.stop_requested
                0x00000000        0x1 C:\Users\DEVELO~1\AppData\Local\Temp\ccXYfisa.ltrans0.ltrans.o
 .bss.uwTick    0x00000000        0x4 C:\Users\DEVELO~1\AppData\Local\Temp\ccXYfisa.ltrans0.ltrans.o
 .data.led_dma_enabled
                0x00000000        0x1 C:\Users\DEVELO~1\AppData\Local\Temp\ccXYfisa.ltrans0.ltrans.o
 .comment       0x00000000       0x34 C:\Users\DEVELO~1\AppData\Local\Temp\cc1nwE8o.debug.temp.o
 .comment       0x00000000       0x34 C:\Users\DEVELO~1\AppData\Local\Temp\cciYGSwD.debug.temp.o
 .comment       0x00000000       0x34 C:\Users\DEVELO~1\AppData\Local\Temp\ccV7bHZR.debug.temp.o
 .debug_info    0x00000000      0xd81 C:\Users\DEVELO~1\AppData\Local\Temp\ccyhHvs6.debug.temp.o
 .debug_abbrev  0x00000000      0x247 C:\Users\DEVELO~1\AppData\Local\Temp\ccyhHvs6.debug.temp.o
 .debug_line    0x00000000       0xb4 C:\Users\DEVELO~1\AppData\Local\Temp\ccyhHvs6.debug.temp.o
 .debug_str     0x00000000      0x825 C:\Users\DEVELO~1\AppData\Local\Temp\ccyhHvs6.debug.temp.o
 .debug_line_str
                0x00000000      0x2fd C:\Users\DEVELO~1\AppData\Local\Temp\ccyhHvs6.debug.temp.o
 .comment       0x00000000       0x34 C:\Users\DEVELO~1\AppData\Local\Temp\ccyhHvs6.debug.temp.o
 .debug_info    0x00000000      0x968 C:\Users\DEVELO~1\AppData\Local\Temp\ccBcqaNo.debug.temp.o
 .debug_abbrev  0x00000000      0x209 C:\Users\DEVELO~1\AppData\Local\Temp\ccBcqaNo.debug.temp.o
 .debug_line    0x00000000       0xa4 C:\Users\DEVELO~1\AppData\Local\Temp\ccBcqaNo.debug.temp.o
 .debug_str     0x00000000      0x5e5 C:\Users\DEVELO~1\AppData\Local\Temp\ccBcqaNo.debug.temp.o
 .debug_line_str
                0x00000000      0x318 C:\Users\DEVELO~1\AppData\Local\Temp\ccBcqaNo.debug.temp.o
 .comment       0x00000000       0x34 C:\Users\DEVELO~1\AppData\Local\Temp\ccBcqaNo.debug.temp.o
 .comment       0x00000000       0x34 C:\Users\DEVELO~1\AppData\Local\Temp\ccY7FgcH.debug.temp.o
 .debug_info    0x00000000      0x5b3 C:\Users\DEVELO~1\AppData\Local\Temp\ccdLUJnZ.debug.temp.o
 .debug_abbrev  0x00000000      0x15f C:\Users\DEVELO~1\AppData\Local\Temp\ccdLUJnZ.debug.temp.o
 .debug_line    0x00000000       0x75 C:\Users\DEVELO~1\AppData\Local\Temp\ccdLUJnZ.debug.temp.o
 .debug_str     0x00000000      0x546 C:\Users\DEVELO~1\AppData\Local\Temp\ccdLUJnZ.debug.temp.o
 .debug_line_str
[...]
Memory Configuration

Name             Origin             Length             Attributes
flash0           0x08000000         0x00200000         xr
flash1           0x08000000         0x00100000         xr
flash2           0x08100000         0x00100000         xr
flash3           0x00000000         0x00000000         xr
flash4           0x00000000         0x00000000         xr
flash5           0x00000000         0x00000000         xr
flash6           0x00000000         0x00000000         xr
flash7           0x00000000         0x00000000         xr
ram0             0x24000000         0x00080000         xw
ram1             0x30000000         0x00040000         xw
ram2             0x30000000         0x00048000         xw
ram3             0x30040000         0x00008000         xw
ram4             0x38000000         0x00010000         xw
ram5             0x20000000         0x00020000         xw
ram6             0x00000000         0x00010000         xw
ram7             0x38800000         0x00001000         xw
*default*        0x00000000         0xffffffff

Linker script and memory map

LOAD ./build/obj/crt0_v7m.o
LOAD ./build/obj/vectors.o
LOAD ./build/obj/chcoreasm.o
LOAD ./build/obj/crt1.o
LOAD C:\Users\DEVELO~1\AppData\Local\Temp\ccXYfisa.ltrans0.ltrans.o
LOAD C:\Users\DEVELO~1\AppData\Local\Temp\cc1nwE8o.debug.temp.o
LOAD C:\Users\DEVELO~1\AppData\Local\Temp\cciYGSwD.debug.temp.o
LOAD C:\Users\DEVELO~1\AppData\Local\Temp\ccV7bHZR.debug.temp.o
LOAD C:\Users\DEVELO~1\AppData\Local\Temp\ccyhHvs6.debug.temp.o
LOAD C:\Users\DEVELO~1\AppData\Local\Temp\ccBcqaNo.debug.temp.o
LOAD C:\Users\DEVELO~1\AppData\Local\Temp\ccY7FgcH.debug.temp.o
LOAD C:\Users\DEVELO~1\AppData\Local\Temp\ccdLUJnZ.debug.temp.o
LOAD C:\Users\DEVELO~1\AppData\Local\Temp\ccOZw4Dh.debug.temp.o
LOAD C:\Users\DEVELO~1\AppData\Local\Temp\cc3Sp0Vz.debug.temp.o
LOAD C:\Users\DEVELO~1\AppData\Local\Temp\cciMiWdS.debug.temp.o
LOAD C:\Users\DEVELO~1\AppData\Local\Temp\ccZvzCSa.debug.temp.o
LOAD C:\Users\DEVELO~1\AppData\Local\Temp\ccOvi8Bt.debug.temp.o
LOAD C:\Users\DEVELO~1\AppData\Local\Temp\ccHZ7T7L.debug.temp.o
LOAD C:\Users\DEVELO~1\AppData\Local\Temp\ccE5h5H4.debug.temp.o
LOAD C:\Users\DEVELO~1\AppData\Local\Temp\cclRfDtm.debug.temp.o
LOAD C:\Users\DEVELO~1\AppData\Local\Temp\cc2CdbfE.debug.temp.o
LOAD C:\Users\DEVELO~1\AppData\Local\Temp\ccR6384V.debug.temp.o
LOAD C:\Users\DEVELO~1\AppData\Local\Temp\cc8ecnMd.debug.temp.o
LOAD C:\Users\DEVELO~1\AppData\Local\Temp\ccBjZaQv.debug.temp.o
LOAD C:\Users\DEVELO~1\AppData\Local\Temp\ccCVw6ZN.debug.temp.o
LOAD C:\Users\DEVELO~1\AppData\Local\Temp\ccJ4riW5.debug.temp.o
LOAD C:\Users\DEVELO~1\AppData\Local\Temp\ccQdnuSn.debug.temp.o
LOAD C:\Users\DEVELO~1\AppData\Local\Temp\ccjWCgTF.debug.temp.o
LOAD C:\Users\DEVELO~1\AppData\Local\Temp\ccGHfx6W.debug.temp.o
LOAD C:\Users\DEVELO~1\AppData\Local\Temp\ccP36tne.debug.temp.o
LOAD C:\Users\DEVELO~1\AppData\Local\Temp\cca6aIqv.debug.temp.o
LOAD C:\Users\DEVELO~1\AppData\Local\Temp\ccxHilyM.debug.temp.o
LOAD C:\Users\DEVELO~1\AppData\Local\Temp\ccwWK923.debug.temp.o
LOAD C:\Users\DEVELO~1\AppData\Local\Temp\ccxKgnCl.debug.temp.o
LOAD C:\Users\DEVELO~1\AppData\Local\Temp\ccYzUTXC.debug.temp.o
LOAD C:\Users\DEVELO~1\AppData\Local\Temp\ccve9WkU.debug.temp.o
LOAD C:\Users\DEVELO~1\AppData\Local\Temp\ccSL6VTa.debug.temp.o
LOAD C:\Users\DEVELO~1\AppData\Local\Temp\ccHzNVxr.debug.temp.o
LOAD C:\Users\DEVELO~1\AppData\Local\Temp\ccyOjbYH.debug.temp.o
LOAD C:\Users\DEVELO~1\AppData\Local\Temp\ccpvwhsY.debug.temp.o
LOAD C:\Users\DEVELO~1\AppData\Local\Temp\ccq56Wif.debug.temp.o
LOAD C:\Users\DEVELO~1\AppData\Local\Temp\ccPPSCew.debug.temp.o
LOAD C:\Users\DEVELO~1\AppData\Local\Temp\cckzs9VM.debug.temp.o
LOAD C:\Users\DEVELO~1\AppData\Local\Temp\cc3HjwI3.debug.temp.o
LOAD C:\Users\DEVELO~1\AppData\Local\Temp\ccMgg9oo.debug.temp.o
LOAD C:\Users\DEVELO~1\AppData\Local\Temp\ccRS0daJ.debug.temp.o
LOAD C:\Users\DEVELO~1\AppData\Local\Temp\cc0uoHH3.debug.temp.o
LOAD C:\Users\DEVELO~1\AppData\Local\Temp\ccrCB1jo.debug.temp.o
LOAD C:\Users\DEVELO~1\AppData\Local\Temp\ccixV5iJ.debug.temp.o
LOAD C:\Users\DEVELO~1\AppData\Local\Temp\cc9rfai4.debug.temp.o
LOAD C:\Users\DEVELO~1\AppData\Local\Temp\ccO04Ukp.debug.temp.o
LOAD C:\Users\DEVELO~1\AppData\Local\Temp\cctXsV9J.debug.temp.o
LOAD C:\Users\DEVELO~1\AppData\Local\Temp\ccAC0w34.debug.temp.o
LOAD C:\Users\DEVELO~1\AppData\Local\Temp\ccxIQt9o.debug.temp.o
LOAD C:\Users\DEVELO~1\AppData\Local\Temp\ccuOGqfJ.debug.temp.o
LOAD C:\Users\DEVELO~1\AppData\Local\Temp\ccJ1LVm3.debug.temp.o
LOAD C:\Users\DEVELO~1\AppData\Local\Temp\cc01dIjn.debug.temp.o
LOAD C:\Users\DEVELO~1\AppData\Local\Temp\ccvxQThH.debug.temp.o
LOAD C:\Users\DEVELO~1\AppData\Local\Temp\ccumt6k1.debug.temp.o
LOAD C:\Users\DEVELO~1\AppData\Local\Temp\ccPm8TKl.debug.temp.o
LOAD C:\Users\DEVELO~1\AppData\Local\Temp\cc0z6weG.debug.temp.o
LOAD C:\Users\DEVELO~1\AppData\Local\Temp\ccbbDpu0.debug.temp.o
LOAD C:\Users\DEVELO~1\AppData\Local\Temp\ccEfWROk.debug.temp.o
LOAD C:\Users\DEVELO~1\AppData\Local\Temp\ccVHgFlE.debug.temp.o
LOAD C:\Users\DEVELO~1\AppData\Local\Temp\cckStSWX.debug.temp.o
LOAD C:\Users\DEVELO~1\AppData\Local\Temp\cclyL4lh.debug.temp.o
LOAD C:\Users\DEVELO~1\AppData\Local\Temp\ccme3gLA.debug.temp.o
LOAD C:\Users\DEVELO~1\AppData\Local\Temp\ccptoSeU.debug.temp.o
LOAD C:\Users\DEVELO~1\AppData\Local\Temp\cc2iNE5d.debug.temp.o
LOAD C:\Users\DEVELO~1\AppData\Local\Temp\ccPlMr0x.debug.temp.o
LOAD C:\Users\DEVELO~1\AppData\Local\Temp\ccwb4SHR.debug.temp.o
LOAD C:\Users\DEVELO~1\AppData\Local\Temp\ccvu8Ttb.debug.temp.o
LOAD C:\Users\DEVELO~1\AppData\Local\Temp\ccuNcVfv.debug.temp.o
LOAD C:\Users\DEVELO~1\AppData\Local\Temp\cchSCjdO.debug.temp.o
LOAD C:\Users\DEVELO~1\AppData\Local\Temp\ccSab5e7.debug.temp.o
LOAD C:\Users\DEVELO~1\AppData\Local\Temp\ccTyXH3p.debug.temp.o
LOAD C:\Users\DEVELO~1\AppData\Local\Temp\cceXgMWI.debug.temp.o
LOAD C:\Users\DEVELO~1\AppData\Local\Temp\cc7sJr91.debug.temp.o
LOAD C:\Users\DEVELO~1\AppData\Local\Temp\ccio6ldl.debug.temp.o
LOAD C:\Users\DEVELO~1\AppData\Local\Temp\cctjtghE.debug.temp.o
LOAD C:\Users\DEVELO~1\AppData\Local\Temp\ccGNTzpX.debug.temp.o
LOAD C:\Users\DEVELO~1\AppData\Local\Temp\ccT1DDqk.debug.temp.o
LOAD C:\Users\DEVELO~1\AppData\Local\Temp\cc6bypvH.debug.temp.o
LOAD C:\Users\DEVELO~1\AppData\Local\Temp\cchHJqm4.debug.temp.o
LOAD C:\Users\DEVELO~1\AppData\Local\Temp\ccIa0qir.debug.temp.o
LOAD C:\Users\DEVELO~1\AppData\Local\Temp\ccJGKcBO.debug.temp.o
LOAD C:\Users\DEVELO~1\AppData\Local\Temp\ccKcvYTb.debug.temp.o
LOAD C:\Users\DEVELO~1\AppData\Local\Temp\cc9u6Hiz.debug.temp.o
LOAD C:\Users\DEVELO~1\AppData\Local\Temp\ccCNkQtW.debug.temp.o
LOAD C:\Users\DEVELO~1\AppData\Local\Temp\ccflcgJj.debug.temp.o
LOAD C:\Users\DEVELO~1\AppData\Local\Temp\ccGMB9aG.debug.temp.o
LOAD C:\Users\DEVELO~1\AppData\Local\Temp\ccpHNCH2.debug.temp.o
LOAD C:\Users\DEVELO~1\AppData\Local\Temp\cc8BZ5dp.debug.temp.o
LOAD C:\Users\DEVELO~1\AppData\Local\Temp\ccLbi7vL.debug.temp.o
LOAD C:\Users\DEVELO~1\AppData\Local\Temp\ccIhEIS7.debug.temp.o
LOAD C:\Users\DEVELO~1\AppData\Local\Temp\ccPOXiCu.debug.temp.o
LOAD C:\Users\DEVELO~1\AppData\Local\Temp\ccmvDlqR.debug.temp.o
LOAD C:\Users\DEVELO~1\AppData\Local\Temp\ccHhdC0d.debug.temp.o
LOAD C:\Users\DEVELO~1\AppData\Local\Temp\ccILkuCA.debug.temp.o
LOAD C:\Users\DEVELO~1\AppData\Local\Temp\ccRXkMiX.debug.temp.o
LOAD C:\Users\DEVELO~1\AppData\Local\Temp\ccQyA8aj.debug.temp.o
LOAD C:\Users\DEVELO~1\AppData\Local\Temp\cc9HWl8E.debug.temp.o
LOAD C:\Users\DEVELO~1\AppData\Local\Temp\ccAXtYR0.debug.temp.o
LOAD C:\Users\DEVELO~1\AppData\Local\Temp\ccNNfhFm.debug.temp.o
LOAD C:\Users\DEVELO~1\AppData\Local\Temp\cciJvaPI.debug.temp.o
LOAD C:\Users\DEVELO~1\AppData\Local\Temp\ccNEL3Y4.debug.temp.o
LOAD C:\Users\DEVELO~1\AppData\Local\Temp\ccEHVWdr.debug.temp.o
LOAD C:\Users\DEVELO~1\AppData\Local\Temp\ccN5DgfN.debug.temp.o
LOAD C:\Users\DEVELO~1\AppData\Local\Temp\ccY2pZk9.debug.temp.o
LOAD C:\Users\DEVELO~1\AppData\Local\Temp\ccbbzFCu.debug.temp.o
LOAD C:\Users\DEVELO~1\AppData\Local\Temp\ccyKDh0P.debug.temp.o
LOAD ./build/obj/hal.o
LOAD ./build/obj/hal_st.o
LOAD ./build/obj/hal_buffered_serial.o
LOAD ./build/obj/hal_buffers.o
LOAD ./build/obj/hal_queues.o
LOAD ./build/obj/hal_flash.o
LOAD ./build/obj/hal_mmcsd.o
LOAD ./build/obj/hal_adc.o
LOAD ./build/obj/hal_pal.o
LOAD ./build/obj/hal_sdc.o
LOAD ./build/obj/hal_serial.o
LOAD ./build/obj/hal_spi.o
LOAD ./build/obj/hal_usb.o
LOAD ./build/obj/nvic.o
LOAD ./build/obj/stm32_isr.o
LOAD ./build/obj/hal_lld.o
LOAD ./build/obj/hal_adc_lld.o
LOAD ./build/obj/stm32_bdma.o
LOAD ./build/obj/stm32_dma.o
LOAD ./build/obj/stm32_exti.o
LOAD ./build/obj/hal_pal_lld.o
LOAD ./build/obj/stm32_mdma.o
LOAD ./build/obj/hal_usb_lld.o
LOAD ./build/obj/hal_sdc_lld.o
LOAD ./build/obj/hal_spi_v2_lld.o
LOAD ./build/obj/hal_st_lld.o
LOAD ./build/obj/hal_serial_lld.o
LOAD ./build/obj/board.o
LOAD ./build/obj/osal.o
LOAD ./build/obj/chsys.o
LOAD ./build/obj/chrfcu.o
LOAD ./build/obj/chdebug.o
LOAD ./build/obj/chtrace.o
LOAD ./build/obj/chvt.o
LOAD ./build/obj/chschd.o
LOAD ./build/obj/chinstances.o
LOAD ./build/obj/chthreads.o
LOAD ./build/obj/chtm.o
LOAD ./build/obj/chregistry.o
LOAD ./build/obj/chsem.o
LOAD ./build/obj/chmtx.o
LOAD ./build/obj/chcond.o
LOAD ./build/obj/chevents.o
LOAD ./build/obj/chmsg.o
LOAD ./build/obj/chdynamic.o
LOAD ./build/obj/chmboxes.o
LOAD ./build/obj/chmemcore.o
LOAD ./build/obj/chmemheaps.o
LOAD ./build/obj/chmempools.o
LOAD ./build/obj/chpipes.o
LOAD ./build/obj/chobjcaches.o
LOAD ./build/obj/chdelegates.o
LOAD ./build/obj/chfactory.o
LOAD ./build/obj/chcore.o
LOAD ./build/obj/ch_test.o
LOAD ./build/obj/ch_test_printf.o
LOAD ./build/obj/rt_test_root.o
LOAD ./build/obj/rt_test_sequence_001.o
LOAD ./build/obj/rt_test_sequence_002.o
LOAD ./build/obj/rt_test_sequence_003.o
LOAD ./build/obj/rt_test_sequence_004.o
LOAD ./build/obj/rt_test_sequence_005.o
LOAD ./build/obj/rt_test_sequence_006.o
LOAD ./build/obj/rt_test_sequence_007.o
LOAD ./build/obj/rt_test_sequence_008.o
LOAD ./build/obj/rt_test_sequence_009.o
LOAD ./build/obj/rt_test_sequence_010.o
LOAD ./build/obj/rt_test_sequence_011.o
LOAD ./build/obj/rt_test_sequence_012.o
LOAD ./build/obj/oslib_test_root.o
LOAD ./build/obj/oslib_test_sequence_001.o
LOAD ./build/obj/oslib_test_sequence_002.o
LOAD ./build/obj/oslib_test_sequence_003.o
LOAD ./build/obj/oslib_test_sequence_004.o
LOAD ./build/obj/oslib_test_sequence_005.o
LOAD ./build/obj/oslib_test_sequence_006.o
LOAD ./build/obj/oslib_test_sequence_007.o
LOAD ./build/obj/oslib_test_sequence_008.o
LOAD ./build/obj/oslib_test_sequence_009.o
LOAD ./build/obj/main.o
LOAD ./build/obj/drivers.o
LOAD ./build/obj/drv_buttons.o
LOAD ./build/obj/drv_display.o
LOAD ./build/obj/drv_encoders.o
LOAD ./build/obj/drv_leds_addr.o
LOAD ./build/obj/drv_pots.o
LOAD ./build/obj/font.o
LOAD ./build/obj/font4x6.o
LOAD ./build/obj/font5x7.o
LOAD ./build/obj/font5x8_elektron.o
LOAD ./build/obj/brick_asc.o
LOAD ./build/obj/brick_cal.o
LOAD ./build/obj/drv_hall.o
LOAD ./build/obj/midi.o
LOAD ./build/obj/usb_device.o
LOAD ./build/obj/usbcfg.o
LOAD ./build/obj/stm32h7xx_hal.o
LOAD ./build/obj/stm32h7xx_hal_gpio.o
LOAD ./build/obj/stm32h7xx_hal_rcc.o
LOAD ./build/obj/stm32h7xx_hal_pwr.o
LOAD ./build/obj/stm32h7xx_hal_pwr_ex.o
LOAD ./build/obj/stm32h7xx_hal_cortex.o
LOAD ./build/obj/stm32h7xx_ll_usb.o
LOAD ./build/obj/stm32h7xx_hal_flash.o
LOAD ./build/obj/stm32h7xx_hal_flash_ex.o

.mstack         0x20000000      0x400
                0x20000000                . = ALIGN (0x8)
                0x20000000                __main_stack_base__ = .
                0x20000400                . = (. + __main_stack_size__)
 *fill*         0x20000000      0x400 
                0x20000400                . = ALIGN (0x8)
                0x20000400                __main_stack_end__ = .

.pstack         0x20000400      0x400
                0x20000400                . = ALIGN (0x8)
                0x20000400                __process_stack_base__ = .
                0x20000400                __main_thread_stack_base__ = .
                0x20000800                . = (. + __process_stack_size__)
 *fill*         0x20000400      0x400 
                0x20000800                . = ALIGN (0x8)
                0x20000800                __process_stack_end__ = .
                0x20000800                __main_thread_stack_end__ = .

.nocache        0x30040000      0x204
                0x30040000                __nocache_base__ = .
 *(.nocache)
 *(.nocache.*)
 *(.bss.__nocache_*)
 .bss.__nocache_sd1_buf
                0x30040000      0x200 C:\Users\DEVELO~1\AppData\Local\Temp\ccXYfisa.ltrans0.ltrans.o
 .bss.__nocache_sd1_wbuf
                0x30040200        0x4 C:\Users\DEVELO~1\AppData\Local\Temp\ccXYfisa.ltrans0.ltrans.o
                0x30040204                . = ALIGN (0x4)
                0x30040204                __nocache_end__ = .

.eth            0x30040204        0x0
                0x30040204                __eth_base__ = .
 *(.eth)
 *(.eth.*)
 *(.bss.__eth_*)
                0x30040204                . = ALIGN (0x4)
                0x30040204                __eth_end__ = .

.vectors        0x08000000      0x2e0
                0x08000000                __textvectors_base__ = LOADADDR (.vectors)
                0x08000000                __vectors_base__ = .
 *(.vectors)
 .vectors       0x08000000      0x2e0 ./build/obj/vectors.o
                0x08000000                _vectors
                0x080002e0                __vectors_end__ = .

.xtors          0x080002e0        0x0
                0x080002e0                __init_array_base__ = .
 *(SORT_BY_NAME(.init_array.*))
 *(.init_array)
                0x080002e0                __init_array_end__ = .
                0x080002e0                __fini_array_base__ = .
 *(.fini_array)
 *(SORT_BY_NAME(.fini_array.*))
                0x080002e0                __fini_array_end__ = .

.text           0x080002e0     0x56a8
                0x080002e0                __text_base__ = .
 *(.text)
 .text          0x080002e0       0xd8 ./build/obj/crt0_v7m.o
                0x080002e0                _crt0_entry
 .text          0x080003b8        0x8 ./build/obj/vectors.o
                0x080003b8                Reset_Handler
                0x080003ba                VectorE8
                0x080003ba                Vector9C
                0x080003ba                Vector2C4
                0x080003ba                VectorAC
                0x080003ba                DebugMon_Handler
                0x080003ba                Vector2B0
                0x080003ba                Vector26C
                0x080003ba                Vector22C
                0x080003ba                Vector1A0
                0x080003ba                Vector2C0
                0x080003ba                Vector5C
                0x080003ba                Vector224
                0x080003ba                Vector11C
                0x080003ba                HardFault_Handler
                0x080003ba                Vector1B8
                0x080003ba                Vector1F0
                0x080003ba                Vector19C
                0x080003ba                Vector1EC
                0x080003ba                Vector8C
                0x080003ba                SysTick_Handler
                0x080003ba                Vector2D8
                0x080003ba                PendSV_Handler
                0x080003ba                Vector168
                0x080003ba                NMI_Handler
                0x080003ba                Vector270
                0x080003ba                Vector110
                0x080003ba                Vector274
                0x080003ba                Vector1D8
                0x080003ba                Vector1F4
                0x080003ba                VectorC8
                0x080003ba                Vector2CC
                0x080003ba                Vector94
                0x080003ba                VectorA8
                0x080003ba                Vector204
                0x080003ba                Vector2AC
                0x080003ba                VectorB4
                0x080003ba                Vector1FC
                0x080003ba                Vector160
                0x080003ba                Vector1B0
                0x080003ba                UsageFault_Handler
                0x080003ba                VectorEC
                0x080003ba                Vector234
                0x080003ba                Vector264
                0x080003ba                Vector40
                0x080003ba                VectorF8
                0x080003ba                Vector108
                0x080003ba                VectorBC
                0x080003ba                Vector190
                0x080003ba                Vector1E0
                0x080003ba                Vector1F8
                0x080003ba                Vector27C
                0x080003ba                Vector1C4
                0x080003ba                Vector1CC
                0x080003ba                Vector2A8
                0x080003ba                Vector1E4
                0x080003ba                Vector20C
                0x080003ba                Vector148
                0x080003ba                Vector188
                0x080003ba                Vector118
                0x080003ba                Vector64
                0x080003ba                Vector58
                0x080003ba                Vector54
                0x080003ba                Vector98
                0x080003ba                Vector2B8
                0x080003ba                Vector284
                0x080003ba                Vector218
                0x080003ba                VectorD8
                0x080003ba                Vector138
                0x080003ba                Vector24
                0x080003ba                Vector200
                0x080003ba                Vector1AC
                0x080003ba                Vector178
                0x080003ba                SecureFault_Handler
                0x080003ba                Vector1A4
                0x080003ba                Vector2A0
                0x080003ba                Vector1B4
                0x080003ba                Vector28C
                0x080003ba                Vector140
                0x080003ba                VectorE4
                0x080003ba                VectorC0
                0x080003ba                Vector1C0
                0x080003ba                Vector214
                0x080003ba                Vector2D0
                0x080003ba                Vector134
                0x080003ba                Vector1D0
                0x080003ba                Vector2DC
                0x080003ba                VectorF0
                0x080003ba                Vector210
                0x080003ba                Vector2BC
                0x080003ba                Vector13C
                0x080003ba                Vector280
                0x080003ba                Vector100
                0x080003ba                VectorE0
                0x080003ba                VectorF4
                0x080003ba                Vector2B4
                0x080003ba                Vector2C8
                0x080003ba                MemManage_Handler
                0x080003ba                Vector238
                0x080003ba                VectorA0
                0x080003ba                VectorC4
                0x080003ba                Vector180
                0x080003ba                Vector288
                0x080003ba                Vector208
                0x080003ba                Vector90
                0x080003ba                Vector294
                0x080003ba                Vector114
                0x080003ba                Vector164
                0x080003ba                Vector60
                0x080003ba                Vector1BC
                0x080003ba                Vector17C
                0x080003ba                Vector48
                0x080003ba                Vector240
                0x080003ba                Vector1A8
                0x080003ba                Vector16C
                0x080003ba                Vector228
                0x080003ba                VectorD4
                0x080003ba                Vector2D4
                0x080003ba                Vector278
                0x080003ba                Vector4C
                0x080003ba                Vector144
                0x080003ba                Vector15C
                0x080003ba                Vector68
                0x080003ba                Vector230
                0x080003ba                Vector290
                0x080003ba                Vector1E8
                0x080003ba                Vector18C
                0x080003ba                Vector170
                0x080003ba                Vector220
                0x080003ba                Vector298
                0x080003ba                Vector29C
                0x080003ba                Vector184
                0x080003ba                Vector21C
                0x080003ba                Vector268
                0x080003ba                Vector14C
                0x080003ba                BusFault_Handler
                0x080003ba                Vector50
                0x080003ba                Vector1C8
                0x080003ba                Vector1DC
                0x080003ba                Vector44
                0x080003ba                Vector28
                0x080003ba                VectorB8
                0x080003ba                Vector2A4
                0x080003ba                Vector34
                0x080003ba                VectorA4
                0x080003ba                Vector20
                0x080003ba                Vector174
                0x080003be                _unhandled_exception
 .text          0x080003c0       0x2a ./build/obj/chcoreasm.o
                0x080003c0                __port_switch
                0x080003d0                __port_thread_start
                0x080003e2                __port_switch_from_isr
                0x080003e6                __port_exit_from_isr
 *fill*         0x080003ea        0x2 
 .text          0x080003ec      0x134 c:/chibistudio/tools/gnu tools arm embedded/11.3 2022.08/bin/../lib/gcc/arm-none-eabi/11.3.1/thumb/v7e-m/nofp\libg.a(libc_a-memcpy.o)
                0x080003ec                memcpy
 *(.text.*)
 .text._mmcsd_get_capacity
                0x08000520       0x44 C:\Users\DEVELO~1\AppData\Local\Temp\ccXYfisa.ltrans0.ltrans.o
 *fill*         0x08000564        0xc 
 .text.sdc_lld_sync
                0x08000570        0x4 C:\Users\DEVELO~1\AppData\Local\Temp\ccXYfisa.ltrans0.ltrans.o
 *fill*         0x08000574        0xc 
 .text.sdcSync  0x08000580        0xc C:\Users\DEVELO~1\AppData\Local\Temp\ccXYfisa.ltrans0.ltrans.o
 *fill*         0x0800058c        0x4 
 .text.sdcGetInfo
                0x08000590       0x18 C:\Users\DEVELO~1\AppData\Local\Temp\ccXYfisa.ltrans0.ltrans.o
 *fill*         0x080005a8        0x8 
 .text._ctl     0x080005b0        0xc C:\Users\DEVELO~1\AppData\Local\Temp\ccXYfisa.ltrans0.ltrans.o
 *fill*         0x080005bc        0x4 
 .text.usb_lld_init_endpoint
                0x080005c0      0x140 C:\Users\DEVELO~1\AppData\Local\Temp\ccXYfisa.ltrans0.ltrans.o
 .text.usb_lld_start_out
                0x08000700       0x8c C:\Users\DEVELO~1\AppData\Local\Temp\ccXYfisa.ltrans0.ltrans.o
 *fill*         0x0800078c        0x4 
 .text.usb_lld_start_in
                0x08000790       0xa8 C:\Users\DEVELO~1\AppData\Local\Temp\ccXYfisa.ltrans0.ltrans.o
 *fill*         0x08000838        0x8 
 .text._usb_ep0in
                0x08000840       0xd4 C:\Users\DEVELO~1\AppData\Local\Temp\ccXYfisa.ltrans0.ltrans.o
 *fill*         0x08000914        0xc 
 .text._usb_ep0out
                0x08000920       0x98 C:\Users\DEVELO~1\AppData\Local\Temp\ccXYfisa.ltrans0.ltrans.o
 *fill*         0x080009b8        0x8 
 .text.sdc_lld_collect_errors
                0x080009c0       0x34 C:\Users\DEVELO~1\AppData\Local\Temp\ccXYfisa.ltrans0.ltrans.o
 *fill*         0x080009f4        0xc 
 .text.notify3  0x08000a00       0x10 C:\Users\DEVELO~1\AppData\Local\Temp\ccXYfisa.ltrans0.ltrans.o
 .text.sdc_lld_is_card_inserted
                0x08000a10        0x4 C:\Users\DEVELO~1\AppData\Local\Temp\ccXYfisa.ltrans0.ltrans.o
 *fill*         0x08000a14        0xc 
 .text.__idle_thread
                0x08000a20        0x4 C:\Users\DEVELO~1\AppData\Local\Temp\ccXYfisa.ltrans0.ltrans.o
 *fill*         0x08000a24        0xc 
 .text.chTMStartMeasurementX
                0x08000a30        0xc C:\Users\DEVELO~1\AppData\Local\Temp\ccXYfisa.ltrans0.ltrans.o
 *fill*         0x08000a3c        0x4 
 .text.chTMStopMeasurementX
                0x08000a40       0x44 C:\Users\DEVELO~1\AppData\Local\Temp\ccXYfisa.ltrans0.ltrans.o
 *fill*         0x08000a84        0xc 
 .text.chCoreAllocFromTop
                0x08000a90       0x3c C:\Users\DEVELO~1\AppData\Local\Temp\ccXYfisa.ltrans0.ltrans.o
 *fill*         0x08000acc        0x4 
 .text.chCoreAllocAlignedI
                0x08000ad0       0x20 C:\Users\DEVELO~1\AppData\Local\Temp\ccXYfisa.ltrans0.ltrans.o
 .text.__port_irq_epilogue
                0x08000af0       0x4c C:\Users\DEVELO~1\AppData\Local\Temp\ccXYfisa.ltrans0.ltrans.o
 *fill*         0x08000b3c        0x4 
 .text.midi_usb_start_tx
                0x08000b40       0x34 C:\Users\DEVELO~1\AppData\Local\Temp\ccXYfisa.ltrans0.ltrans.o
 *fill*         0x08000b74        0xc 
 .text.get_descriptor
                0x08000b80       0x34 C:\Users\DEVELO~1\AppData\Local\Temp\ccXYfisa.ltrans0.ltrans.o
 *fill*         0x08000bb4        0xc 
 .text.otg_epin_handler.constprop.0
                0x08000bc0      0x10c C:\Users\DEVELO~1\AppData\Local\Temp\ccXYfisa.ltrans0.ltrans.o
 *fill*         0x08000ccc        0x4 
 .text.otg_epout_handler.constprop.0
                0x08000cd0       0x9c C:\Users\DEVELO~1\AppData\Local\Temp\ccXYfisa.ltrans0.ltrans.o
 *fill*         0x08000d6c        0x4 
 .text.trace_next.constprop.0
                0x08000d70       0x3c C:\Users\DEVELO~1\AppData\Local\Temp\ccXYfisa.ltrans0.ltrans.o
 *fill*         0x08000dac        0x4 
 .text.otg_disable_ep.isra.0
                0x08000db0       0x58 C:\Users\DEVELO~1\AppData\Local\Temp\ccXYfisa.ltrans0.ltrans.o
 *fill*         0x08000e08        0x8 
 .text.__sch_ready_ahead
                0x08000e10       0x50 C:\Users\DEVELO~1\AppData\Local\Temp\ccXYfisa.ltrans0.ltrans.o
 .text.__sch_ready_behind.isra.0
                0x08000e60       0x4c C:\Users\DEVELO~1\AppData\Local\Temp\ccXYfisa.ltrans0.ltrans.o
 *fill*         0x08000eac        0x4 
 .text.adc_lld_serve_interrupt
                0x08000eb0       0xe0 C:\Users\DEVELO~1\AppData\Local\Temp\ccXYfisa.ltrans0.ltrans.o
 .text.spi_lld_serve_interrupt.part.0
                0x08000f90      0x1bc C:\Users\DEVELO~1\AppData\Local\Temp\ccXYfisa.ltrans0.ltrans.o
 *fill*         0x0800114c        0x4 
 .text.ep2_in_cb
                0x08001150       0x28 C:\Users\DEVELO~1\AppData\Local\Temp\ccXYfisa.ltrans0.ltrans.o
 *fill*         0x08001178        0x8 
 .text.sof_handler
                0x08001180       0x28 C:\Users\DEVELO~1\AppData\Local\Temp\ccXYfisa.ltrans0.ltrans.o
 *fill*         0x080011a8        0x8 
 .text.chEvtBroadcastFlagsI.constprop.0
                0x080011b0       0x5c C:\Users\DEVELO~1\AppData\Local\Temp\ccXYfisa.ltrans0.ltrans.o
 *fill*         0x0800120c        0x4 
 .text.__sch_wakeup
                0x08001210       0x94 C:\Users\DEVELO~1\AppData\Local\Temp\ccXYfisa.ltrans0.ltrans.o
 *fill*         0x080012a4        0xc 
 .text.vt_insert_first.constprop.0
                0x080012b0       0x60 C:\Users\DEVELO~1\AppData\Local\Temp\ccXYfisa.ltrans0.ltrans.o
 .text.chThdDequeueNextI.constprop.0
                0x08001310       0x5c C:\Users\DEVELO~1\AppData\Local\Temp\ccXYfisa.ltrans0.ltrans.o
 *fill*         0x0800136c        0x4 
 .text.ep1_out_cb
                0x08001370      0x140 C:\Users\DEVELO~1\AppData\Local\Temp\ccXYfisa.ltrans0.ltrans.o
 .text._usb_ep0setup
                0x080014b0      0x3cc C:\Users\DEVELO~1\AppData\Local\Temp\ccXYfisa.ltrans0.ltrans.o
 *fill*         0x0800187c        0x4 
 .text.chSchGoSleepS
                0x08001880       0x58 C:\Users\DEVELO~1\AppData\Local\Temp\ccXYfisa.ltrans0.ltrans.o
 *fill*         0x080018d8        0x8 
 .text.chSchGoSleepTimeoutS
                0x080018e0      0x15c C:\Users\DEVELO~1\AppData\Local\Temp\ccXYfisa.ltrans0.ltrans.o
 *fill*         0x08001a3c        0x4 
 .text.oqWriteTimeout
                0x08001a40       0xe8 C:\Users\DEVELO~1\AppData\Local\Temp\ccXYfisa.ltrans0.ltrans.o
 *fill*         0x08001b28        0x8 
 .text._write   0x08001b30        0xc C:\Users\DEVELO~1\AppData\Local\Temp\ccXYfisa.ltrans0.ltrans.o
 *fill*         0x08001b3c        0x4 
 .text._writet  0x08001b40        0x8 C:\Users\DEVELO~1\AppData\Local\Temp\ccXYfisa.ltrans0.ltrans.o
 *fill*         0x08001b48        0x8 
 .text.iqGetTimeout
                0x08001b50       0x6c C:\Users\DEVELO~1\AppData\Local\Temp\ccXYfisa.ltrans0.ltrans.o
 *fill*         0x08001bbc        0x4 
 .text._get     0x08001bc0        0xc C:\Users\DEVELO~1\AppData\Local\Temp\ccXYfisa.ltrans0.ltrans.o
 *fill*         0x08001bcc        0x4 
 .text._gett    0x08001bd0        0x8 C:\Users\DEVELO~1\AppData\Local\Temp\ccXYfisa.ltrans0.ltrans.o
 *fill*         0x08001bd8        0x8 
 .text.iqReadTimeout
                0x08001be0       0xe8 C:\Users\DEVELO~1\AppData\Local\Temp\ccXYfisa.ltrans0.ltrans.o
 *fill*         0x08001cc8        0x8 
 .text._read    0x08001cd0        0xc C:\Users\DEVELO~1\AppData\Local\Temp\ccXYfisa.ltrans0.ltrans.o
 *fill*         0x08001cdc        0x4 
 .text._readt   0x08001ce0        0x8 C:\Users\DEVELO~1\AppData\Local\Temp\ccXYfisa.ltrans0.ltrans.o
 *fill*         0x08001ce8        0x8 
 .text.oqPutTimeout
                0x08001cf0       0x78 C:\Users\DEVELO~1\AppData\Local\Temp\ccXYfisa.ltrans0.ltrans.o
 *fill*         0x08001d68        0x8 
 .text._put     0x08001d70        0xc C:\Users\DEVELO~1\AppData\Local\Temp\ccXYfisa.ltrans0.ltrans.o
 *fill*         0x08001d7c        0x4 
 .text._putt    0x08001d80        0x8 C:\Users\DEVELO~1\AppData\Local\Temp\ccXYfisa.ltrans0.ltrans.o
 *fill*         0x08001d88        0x8 
 .text._sdc_wait_for_transfer_state
                0x08001d90       0x6c C:\Users\DEVELO~1\AppData\Local\Temp\ccXYfisa.ltrans0.ltrans.o
 *fill*         0x08001dfc        0x4 
 .text.sdcDisconnect
                0x08001e00       0x3c C:\Users\DEVELO~1\AppData\Local\Temp\ccXYfisa.ltrans0.ltrans.o
 *fill*         0x08001e3c        0x4 
 .text.sdc_lld_wait_transaction_end.constprop.0
                0x08001e40       0x50 C:\Users\DEVELO~1\AppData\Local\Temp\ccXYfisa.ltrans0.ltrans.o
 .text.sdcRead  0x08001e90       0xf0 C:\Users\DEVELO~1\AppData\Local\Temp\ccXYfisa.ltrans0.ltrans.o
 .text.sdcWrite
                0x08001f80       0xec C:\Users\DEVELO~1\AppData\Local\Temp\ccXYfisa.ltrans0.ltrans.o
 *fill*         0x0800206c        0x4 
 .text.sdc_lld_read_special
                0x08002070       0x8c C:\Users\DEVELO~1\AppData\Local\Temp\ccXYfisa.ltrans0.ltrans.o
 *fill*         0x080020fc        0x4 
 .text.sdcConnect
                0x08002100      0x4b0 C:\Users\DEVELO~1\AppData\Local\Temp\ccXYfisa.ltrans0.ltrans.o
 .text.usb_event
                0x080025b0       0xc0 C:\Users\DEVELO~1\AppData\Local\Temp\ccXYfisa.ltrans0.ltrans.o
 .text.__cpu_init
                0x08002670       0x80 C:\Users\DEVELO~1\AppData\Local\Temp\ccXYfisa.ltrans0.ltrans.o
                0x08002670                __cpu_init
 .text.__late_init
                0x080026f0        0x4 C:\Users\DEVELO~1\AppData\Local\Temp\ccXYfisa.ltrans0.ltrans.o
                0x080026f0                __late_init
 *fill*         0x080026f4        0xc 
 .text.__default_exit
                0x08002700        0x4 C:\Users\DEVELO~1\AppData\Local\Temp\ccXYfisa.ltrans0.ltrans.o
                0x08002700                __default_exit
 *fill*         0x08002704        0xc 
 .text.__init_ram_areas
                0x08002710       0x6c C:\Users\DEVELO~1\AppData\Local\Temp\ccXYfisa.ltrans0.ltrans.o
                0x08002710                __init_ram_areas
 *fill*         0x0800277c        0x4 
 .text.Vector104
                0x08002780       0x8c C:\Users\DEVELO~1\AppData\Local\Temp\ccXYfisa.ltrans0.ltrans.o
                0x08002780                Vector104
 *fill*         0x0800280c        0x4 
 .text.VectorDC
                0x08002810      0x21c C:\Users\DEVELO~1\AppData\Local\Temp\ccXYfisa.ltrans0.ltrans.o
                0x08002810                VectorDC
 *fill*         0x08002a2c        0x4 
 .text.VectorB0
                0x08002a30      0x180 C:\Users\DEVELO~1\AppData\Local\Temp\ccXYfisa.ltrans0.ltrans.o
                0x08002a30                VectorB0
 .text.Vector88
                0x08002bb0       0x7c C:\Users\DEVELO~1\AppData\Local\Temp\ccXYfisa.ltrans0.ltrans.o
                0x08002bb0                Vector88
 *fill*         0x08002c2c        0x4 
 .text.Vector23C
                0x08002c30       0x7c C:\Users\DEVELO~1\AppData\Local\Temp\ccXYfisa.ltrans0.ltrans.o
                0x08002c30                Vector23C
 *fill*         0x08002cac        0x4 
 .text.Vector244
                0x08002cb0       0x84 C:\Users\DEVELO~1\AppData\Local\Temp\ccXYfisa.ltrans0.ltrans.o
                0x08002cb0                Vector244
 *fill*         0x08002d34        0xc 
 .text.Vector248
                0x08002d40       0x88 C:\Users\DEVELO~1\AppData\Local\Temp\ccXYfisa.ltrans0.ltrans.o
                0x08002d40                Vector248
 *fill*         0x08002dc8        0x8 
 .text.Vector24C
                0x08002dd0       0x88 C:\Users\DEVELO~1\AppData\Local\Temp\ccXYfisa.ltrans0.ltrans.o
                0x08002dd0                Vector24C
 *fill*         0x08002e58        0x8 
 .text.Vector250
                0x08002e60       0x88 C:\Users\DEVELO~1\AppData\Local\Temp\ccXYfisa.ltrans0.ltrans.o
                0x08002e60                Vector250
 *fill*         0x08002ee8        0x8 
 .text.Vector254
                0x08002ef0       0x88 C:\Users\DEVELO~1\AppData\Local\Temp\ccXYfisa.ltrans0.ltrans.o
                0x08002ef0                Vector254
 *fill*         0x08002f78        0x8 
 .text.Vector258
                0x08002f80       0x88 C:\Users\DEVELO~1\AppData\Local\Temp\ccXYfisa.ltrans0.ltrans.o
                0x08002f80                Vector258
 *fill*         0x08003008        0x8 
 .text.Vector25C
                0x08003010       0x88 C:\Users\DEVELO~1\AppData\Local\Temp\ccXYfisa.ltrans0.ltrans.o
                0x08003010                Vector25C
 *fill*         0x08003098        0x8 
 .text.Vector260
                0x080030a0       0x88 C:\Users\DEVELO~1\AppData\Local\Temp\ccXYfisa.ltrans0.ltrans.o
                0x080030a0                Vector260
 *fill*         0x08003128        0x8 
 .text.Vector6C
                0x08003130       0x84 C:\Users\DEVELO~1\AppData\Local\Temp\ccXYfisa.ltrans0.ltrans.o
                0x08003130                Vector6C
 *fill*         0x080031b4        0xc 
 .text.Vector70
                0x080031c0       0x88 C:\Users\DEVELO~1\AppData\Local\Temp\ccXYfisa.ltrans0.ltrans.o
                0x080031c0                Vector70
 *fill*         0x08003248        0x8 
 .text.Vector74
                0x08003250       0x88 C:\Users\DEVELO~1\AppData\Local\Temp\ccXYfisa.ltrans0.ltrans.o
                0x08003250                Vector74
 *fill*         0x080032d8        0x8 
 .text.Vector78
                0x080032e0       0x88 C:\Users\DEVELO~1\AppData\Local\Temp\ccXYfisa.ltrans0.ltrans.o
                0x080032e0                Vector78
 *fill*         0x08003368        0x8 
 .text.Vector7C
                0x08003370       0x84 C:\Users\DEVELO~1\AppData\Local\Temp\ccXYfisa.ltrans0.ltrans.o
                0x08003370                Vector7C
 *fill*         0x080033f4        0xc 
 .text.Vector80
                0x08003400       0x88 C:\Users\DEVELO~1\AppData\Local\Temp\ccXYfisa.ltrans0.ltrans.o
                0x08003400                Vector80
 *fill*         0x08003488        0x8 
 .text.Vector84
                0x08003490       0x88 C:\Users\DEVELO~1\AppData\Local\Temp\ccXYfisa.ltrans0.ltrans.o
                0x08003490                Vector84
 *fill*         0x08003518        0x8 
 .text.VectorFC
                0x08003520       0x88 C:\Users\DEVELO~1\AppData\Local\Temp\ccXYfisa.ltrans0.ltrans.o
                0x08003520                VectorFC
 *fill*         0x080035a8        0x8 
 .text.Vector120
                0x080035b0       0x84 C:\Users\DEVELO~1\AppData\Local\Temp\ccXYfisa.ltrans0.ltrans.o
                0x080035b0                Vector120
 *fill*         0x08003634        0xc 
 .text.Vector124
                0x08003640       0x88 C:\Users\DEVELO~1\AppData\Local\Temp\ccXYfisa.ltrans0.ltrans.o
                0x08003640                Vector124
 *fill*         0x080036c8        0x8 
 .text.Vector128
                0x080036d0       0x88 C:\Users\DEVELO~1\AppData\Local\Temp\ccXYfisa.ltrans0.ltrans.o
                0x080036d0                Vector128
 *fill*         0x08003758        0x8 
 .text.Vector12C
                0x08003760       0x88 C:\Users\DEVELO~1\AppData\Local\Temp\ccXYfisa.ltrans0.ltrans.o
                0x08003760                Vector12C
 *fill*         0x080037e8        0x8 
 .text.Vector130
                0x080037f0       0x84 C:\Users\DEVELO~1\AppData\Local\Temp\ccXYfisa.ltrans0.ltrans.o
                0x080037f0                Vector130
 *fill*         0x08003874        0xc 
 .text.Vector150
                0x08003880       0x88 C:\Users\DEVELO~1\AppData\Local\Temp\ccXYfisa.ltrans0.ltrans.o
                0x08003880                Vector150
 *fill*         0x08003908        0x8 
 .text.Vector154
                0x08003910       0x88 C:\Users\DEVELO~1\AppData\Local\Temp\ccXYfisa.ltrans0.ltrans.o
                0x08003910                Vector154
 *fill*         0x08003998        0x8 
 .text.Vector158
                0x080039a0       0x88 C:\Users\DEVELO~1\AppData\Local\Temp\ccXYfisa.ltrans0.ltrans.o
                0x080039a0                Vector158
 *fill*         0x08003a28        0x8 
 .text.Vector1D4
                0x08003a30      0x508 C:\Users\DEVELO~1\AppData\Local\Temp\ccXYfisa.ltrans0.ltrans.o
                0x08003a30                Vector1D4
 *fill*         0x08003f38        0x8 
 .text.VectorCC
                0x08003f40       0x80 C:\Users\DEVELO~1\AppData\Local\Temp\ccXYfisa.ltrans0.ltrans.o
                0x08003f40                VectorCC
 .text.VectorD0
                0x08003fc0       0x80 C:\Users\DEVELO~1\AppData\Local\Temp\ccXYfisa.ltrans0.ltrans.o
                0x08003fc0                VectorD0
 .text.Vector10C
                0x08004040       0x80 C:\Users\DEVELO~1\AppData\Local\Temp\ccXYfisa.ltrans0.ltrans.o
                0x08004040                Vector10C
 .text.Vector194
                0x080040c0       0x80 C:\Users\DEVELO~1\AppData\Local\Temp\ccXYfisa.ltrans0.ltrans.o
                0x080040c0                Vector194
 .text.Vector198
                0x08004140       0x80 C:\Users\DEVELO~1\AppData\Local\Temp\ccXYfisa.ltrans0.ltrans.o
                0x08004140                Vector198
 .text.__early_init
                0x080041c0      0x3e0 C:\Users\DEVELO~1\AppData\Local\Temp\ccXYfisa.ltrans0.ltrans.o
                0x080041c0                __early_init
 .text.__sch_reschedule_ahead
                0x080045a0       0x5c C:\Users\DEVELO~1\AppData\Local\Temp\ccXYfisa.ltrans0.ltrans.o
                0x080045a0                chSchDoPreemption
 *fill*         0x080045fc        0x4 
 .text.chMBPostTimeoutS.constprop.0
                0x08004600       0x64 C:\Users\DEVELO~1\AppData\Local\Temp\ccXYfisa.ltrans0.ltrans.o
 *fill*         0x08004664        0xc 
 .text.chMBFetchTimeoutS
                0x08004670       0x8c C:\Users\DEVELO~1\AppData\Local\Temp\ccXYfisa.ltrans0.ltrans.o
 *fill*         0x080046fc        0x4 
 .text.post_mb_or_drop
                0x08004700       0xac C:\Users\DEVELO~1\AppData\Local\Temp\ccXYfisa.ltrans0.ltrans.o
 *fill*         0x080047ac        0x4 
 .text.send_usb.constprop.0
                0x080047b0      0x218 C:\Users\DEVELO~1\AppData\Local\Temp\ccXYfisa.ltrans0.ltrans.o
 *fill*         0x080049c8        0x8 
 .text.thdMidiUsbTx
                0x080049d0      0x2d4 C:\Users\DEVELO~1\AppData\Local\Temp\ccXYfisa.ltrans0.ltrans.o
 *fill*         0x08004ca4        0xc 
 .text.chThdExit
                0x08004cb0       0x58 C:\Users\DEVELO~1\AppData\Local\Temp\ccXYfisa.ltrans0.ltrans.o
                0x08004cb0                chThdExit
 *fill*         0x08004d08        0x8 
 .text.SVC_Handler
                0x08004d10       0x14 C:\Users\DEVELO~1\AppData\Local\Temp\ccXYfisa.ltrans0.ltrans.o
                0x08004d10                SVC_Handler
 *fill*         0x08004d24        0xc 
 .text.startup.main
                0x08004d30      0xbb4 C:\Users\DEVELO~1\AppData\Local\Temp\ccXYfisa.ltrans0.ltrans.o
                0x08004d30                main
 .text.memset   0x080058e4       0xa4 c:/chibistudio/tools/gnu tools arm embedded/11.3 2022.08/bin/../lib/gcc/arm-none-eabi/11.3.1/thumb/v7e-m/nofp\libg.a(libc_a-memset.o)
                0x080058e4                memset
 *(.glue_7t)
 .glue_7t       0x08005988        0x0 linker stubs
 *(.glue_7)
 .glue_7        0x08005988        0x0 linker stubs
 *(.gcc*)
                0x08005988                __text_end__ = .

.vfp11_veneer   0x08005988        0x0
 .vfp11_veneer  0x08005988        0x0 linker stubs

.v4_bx          0x08005988        0x0
 .v4_bx         0x08005988        0x0 linker stubs

.iplt           0x08005988        0x0
 .iplt          0x08005988        0x0 ./build/obj/crt0_v7m.o

.rodata         0x08005988      0x5dc
                0x08005988                __rodata_base__ = .
 *(.rodata)
 *(.rodata.*)
 .rodata.thdMidiUsbTx.str1.4
                0x08005988        0xc C:\Users\DEVELO~1\AppData\Local\Temp\ccXYfisa.ltrans0.ltrans.o
 .rodata.main.str1.4
                0x08005994        0xf C:\Users\DEVELO~1\AppData\Local\Temp\ccXYfisa.ltrans0.ltrans.o
 *fill*         0x080059a3        0x1 
 .rodata.str1.4
                0x080059a4        0x3 C:\Users\DEVELO~1\AppData\Local\Temp\ccXYfisa.ltrans0.ltrans.o
 *fill*         0x080059a7        0x1 
 .rodata.__func__.0.lto_priv.0
                0x080059a8        0x9 C:\Users\DEVELO~1\AppData\Local\Temp\ccXYfisa.ltrans0.ltrans.o
 *fill*         0x080059b1        0x3 
 .rodata.__func__.0.lto_priv.1
                0x080059b4        0xa C:\Users\DEVELO~1\AppData\Local\Temp\ccXYfisa.ltrans0.ltrans.o
 *fill*         0x080059be        0x2 
 .rodata.__func__.0.lto_priv.2
                0x080059c0        0xa C:\Users\DEVELO~1\AppData\Local\Temp\ccXYfisa.ltrans0.ltrans.o
 *fill*         0x080059ca        0x2 
 .rodata.__func__.0.lto_priv.3
                0x080059cc        0xa C:\Users\DEVELO~1\AppData\Local\Temp\ccXYfisa.ltrans0.ltrans.o
 *fill*         0x080059d6        0x2 
 .rodata.__func__.0.lto_priv.4
                0x080059d8        0xa C:\Users\DEVELO~1\AppData\Local\Temp\ccXYfisa.ltrans0.ltrans.o
 *fill*         0x080059e2        0x2 
 .rodata.__func__.0.lto_priv.5
                0x080059e4        0xa C:\Users\DEVELO~1\AppData\Local\Temp\ccXYfisa.ltrans0.ltrans.o
 *fill*         0x080059ee        0x2 
 .rodata.__func__.1.lto_priv.0
                0x080059f0        0x9 C:\Users\DEVELO~1\AppData\Local\Temp\ccXYfisa.ltrans0.ltrans.o
 *fill*         0x080059f9        0x3 
 .rodata.__func__.1.lto_priv.1
                0x080059fc        0x9 C:\Users\DEVELO~1\AppData\Local\Temp\ccXYfisa.ltrans0.ltrans.o
 *fill*         0x08005a05        0x3 
 .rodata.__func__.1.lto_priv.2
                0x08005a08        0xa C:\Users\DEVELO~1\AppData\Local\Temp\ccXYfisa.ltrans0.ltrans.o
 *fill*         0x08005a12        0x2 
 .rodata.__func__.1.lto_priv.3
                0x08005a14        0xa C:\Users\DEVELO~1\AppData\Local\Temp\ccXYfisa.ltrans0.ltrans.o
 *fill*         0x08005a1e        0x2 
 .rodata.__func__.1.lto_priv.4
                0x08005a20        0xa C:\Users\DEVELO~1\AppData\Local\Temp\ccXYfisa.ltrans0.ltrans.o
 *fill*         0x08005a2a        0x2 
 .rodata.__func__.10
                0x08005a2c        0x9 C:\Users\DEVELO~1\AppData\Local\Temp\ccXYfisa.ltrans0.ltrans.o
 *fill*         0x08005a35        0x3 
 .rodata.__func__.11
                0x08005a38        0x9 C:\Users\DEVELO~1\AppData\Local\Temp\ccXYfisa.ltrans0.ltrans.o
 *fill*         0x08005a41        0x3 
 .rodata.__func__.12
                0x08005a44        0x9 C:\Users\DEVELO~1\AppData\Local\Temp\ccXYfisa.ltrans0.ltrans.o
 *fill*         0x08005a4d        0x3 
 .rodata.__func__.13
                0x08005a50        0x9 C:\Users\DEVELO~1\AppData\Local\Temp\ccXYfisa.ltrans0.ltrans.o
 *fill*         0x08005a59        0x3 
 .rodata.__func__.14
                0x08005a5c        0x9 C:\Users\DEVELO~1\AppData\Local\Temp\ccXYfisa.ltrans0.ltrans.o
 *fill*         0x08005a65        0x3 
 .rodata.__func__.15
                0x08005a68        0x9 C:\Users\DEVELO~1\AppData\Local\Temp\ccXYfisa.ltrans0.ltrans.o
 *fill*         0x08005a71        0x3 
 .rodata.__func__.2.lto_priv.0
                0x08005a74        0xa C:\Users\DEVELO~1\AppData\Local\Temp\ccXYfisa.ltrans0.ltrans.o
 *fill*         0x08005a7e        0x2 
 .rodata.__func__.2.lto_priv.1
                0x08005a80        0xa C:\Users\DEVELO~1\AppData\Local\Temp\ccXYfisa.ltrans0.ltrans.o
 *fill*         0x08005a8a        0x2 
 .rodata.__func__.2.lto_priv.2
                0x08005a8c        0xa C:\Users\DEVELO~1\AppData\Local\Temp\ccXYfisa.ltrans0.ltrans.o
 *fill*         0x08005a96        0x2 
 .rodata.__func__.2.lto_priv.3
                0x08005a98        0xa C:\Users\DEVELO~1\AppData\Local\Temp\ccXYfisa.ltrans0.ltrans.o
 *fill*         0x08005aa2        0x2 
 .rodata.__func__.3.lto_priv.0
                0x08005aa4        0xa C:\Users\DEVELO~1\AppData\Local\Temp\ccXYfisa.ltrans0.ltrans.o
 *fill*         0x08005aae        0x2 
 .rodata.__func__.3.lto_priv.1
                0x08005ab0        0xa C:\Users\DEVELO~1\AppData\Local\Temp\ccXYfisa.ltrans0.ltrans.o
 *fill*         0x08005aba        0x2 
 .rodata.__func__.3.lto_priv.2
                0x08005abc        0x9 C:\Users\DEVELO~1\AppData\Local\Temp\ccXYfisa.ltrans0.ltrans.o
 *fill*         0x08005ac5        0x3 
 .rodata.__func__.4.lto_priv.0
                0x08005ac8        0xa C:\Users\DEVELO~1\AppData\Local\Temp\ccXYfisa.ltrans0.ltrans.o
 *fill*         0x08005ad2        0x2 
 .rodata.__func__.4.lto_priv.1
                0x08005ad4        0xa C:\Users\DEVELO~1\AppData\Local\Temp\ccXYfisa.ltrans0.ltrans.o
 *fill*         0x08005ade        0x2 
 .rodata.__func__.4.lto_priv.2
                0x08005ae0        0x9 C:\Users\DEVELO~1\AppData\Local\Temp\ccXYfisa.ltrans0.ltrans.o
 *fill*         0x08005ae9        0x3 
 .rodata.__func__.5.lto_priv.0
                0x08005aec        0xa C:\Users\DEVELO~1\AppData\Local\Temp\ccXYfisa.ltrans0.ltrans.o
 *fill*         0x08005af6        0x2 
 .rodata.__func__.5.lto_priv.1
                0x08005af8        0xa C:\Users\DEVELO~1\AppData\Local\Temp\ccXYfisa.ltrans0.ltrans.o
 *fill*         0x08005b02        0x2 
 .rodata.__func__.6.lto_priv.0
                0x08005b04        0xa C:\Users\DEVELO~1\AppData\Local\Temp\ccXYfisa.ltrans0.ltrans.o
 *fill*         0x08005b0e        0x2 
 .rodata.__func__.6.lto_priv.1
                0x08005b10        0xa C:\Users\DEVELO~1\AppData\Local\Temp\ccXYfisa.ltrans0.ltrans.o
 *fill*         0x08005b1a        0x2 
 .rodata.__func__.7.lto_priv.0
                0x08005b1c        0xa C:\Users\DEVELO~1\AppData\Local\Temp\ccXYfisa.ltrans0.ltrans.o
 *fill*         0x08005b26        0x2 
 .rodata.__func__.7.lto_priv.1
                0x08005b28        0xa C:\Users\DEVELO~1\AppData\Local\Temp\ccXYfisa.ltrans0.ltrans.o
 *fill*         0x08005b32        0x2 
 .rodata.__func__.8
                0x08005b34        0x9 C:\Users\DEVELO~1\AppData\Local\Temp\ccXYfisa.ltrans0.ltrans.o
 *fill*         0x08005b3d        0x3 
 .rodata.__func__.9
                0x08005b40        0x9 C:\Users\DEVELO~1\AppData\Local\Temp\ccXYfisa.ltrans0.ltrans.o
 *fill*         0x08005b49        0x3 
 .rodata._stm32_bdma_streams
                0x08005b4c       0xa0 C:\Users\DEVELO~1\AppData\Local\Temp\ccXYfisa.ltrans0.ltrans.o
 .rodata._stm32_dma_streams
                0x08005bec      0x100 C:\Users\DEVELO~1\AppData\Local\Temp\ccXYfisa.ltrans0.ltrans.o
 .rodata.active_status
                0x08005cec        0x2 C:\Users\DEVELO~1\AppData\Local\Temp\ccXYfisa.ltrans0.ltrans.o
 *fill*         0x08005cee        0x2 
 .rodata.ch_core0_cfg
                0x08005cf0       0x14 C:\Users\DEVELO~1\AppData\Local\Temp\ccXYfisa.ltrans0.ltrans.o
 .rodata.ch_debug
                0x08005d04       0x2c C:\Users\DEVELO~1\AppData\Local\Temp\ccXYfisa.ltrans0.ltrans.o
 .rodata.config_descriptor
                0x08005d30        0x8 C:\Users\DEVELO~1\AppData\Local\Temp\ccXYfisa.ltrans0.ltrans.o
 .rodata.config_descriptor_data
                0x08005d38       0x52 C:\Users\DEVELO~1\AppData\Local\Temp\ccXYfisa.ltrans0.ltrans.o
 *fill*         0x08005d8a        0x2 
 .rodata.device_descriptor
                0x08005d8c        0x8 C:\Users\DEVELO~1\AppData\Local\Temp\ccXYfisa.ltrans0.ltrans.o
 .rodata.device_descriptor_data
                0x08005d94       0x12 C:\Users\DEVELO~1\AppData\Local\Temp\ccXYfisa.ltrans0.ltrans.o
 *fill*         0x08005da6        0x2 
 .rodata.ep0config
                0x08005da8       0x24 C:\Users\DEVELO~1\AppData\Local\Temp\ccXYfisa.ltrans0.ltrans.o
 .rodata.ep1_out_cfg
                0x08005dcc       0x24 C:\Users\DEVELO~1\AppData\Local\Temp\ccXYfisa.ltrans0.ltrans.o
 .rodata.ep2_in_cfg
                0x08005df0       0x24 C:\Users\DEVELO~1\AppData\Local\Temp\ccXYfisa.ltrans0.ltrans.o
 .rodata.fsparams
                0x08005e14        0xc C:\Users\DEVELO~1\AppData\Local\Temp\ccXYfisa.ltrans0.ltrans.o
 .rodata.halted_status
                0x08005e20        0x2 C:\Users\DEVELO~1\AppData\Local\Temp\ccXYfisa.ltrans0.ltrans.o
 *fill*         0x08005e22        0x2 
 .rodata.ram_areas
                0x08005e24       0x80 C:\Users\DEVELO~1\AppData\Local\Temp\ccXYfisa.ltrans0.ltrans.o
 .rodata.sdc_vmt
                0x08005ea4       0x24 C:\Users\DEVELO~1\AppData\Local\Temp\ccXYfisa.ltrans0.ltrans.o
 .rodata.string0
                0x08005ec8        0x4 C:\Users\DEVELO~1\AppData\Local\Temp\ccXYfisa.ltrans0.ltrans.o
 .rodata.string1
                0x08005ecc       0x10 C:\Users\DEVELO~1\AppData\Local\Temp\ccXYfisa.ltrans0.ltrans.o
 .rodata.string2
                0x08005edc       0x20 C:\Users\DEVELO~1\AppData\Local\Temp\ccXYfisa.ltrans0.ltrans.o
 .rodata.string3
                0x08005efc        0xa C:\Users\DEVELO~1\AppData\Local\Temp\ccXYfisa.ltrans0.ltrans.o
 *fill*         0x08005f06        0x2 
 .rodata.strings
                0x08005f08       0x20 C:\Users\DEVELO~1\AppData\Local\Temp\ccXYfisa.ltrans0.ltrans.o
 .rodata.usbcfg
                0x08005f28       0x10 C:\Users\DEVELO~1\AppData\Local\Temp\ccXYfisa.ltrans0.ltrans.o
 .rodata.vmt    0x08005f38       0x28 C:\Users\DEVELO~1\AppData\Local\Temp\ccXYfisa.ltrans0.ltrans.o
 .rodata.zero_status
                0x08005f60        0x2 C:\Users\DEVELO~1\AppData\Local\Temp\ccXYfisa.ltrans0.ltrans.o
                0x08005f64                . = ALIGN (0x4)
 *fill*         0x08005f62        0x2 
                0x08005f64                __rodata_end__ = .

.rel.dyn        0x08005f64        0x0
 .rel.iplt      0x08005f64        0x0 ./build/obj/crt0_v7m.o

.ARM.extab
 *(.ARM.extab* .gnu.linkonce.armextab.*)

.ARM.exidx      0x08005f64        0x0
                0x08005f64                __exidx_base__ = .
                0x08005f64                __exidx_start = .
 *(.ARM.exidx* .gnu.linkonce.armexidx.*)
                0x08005f64                __exidx_end__ = .
                0x08005f64                __exidx_end = .

.eh_frame_hdr
 *(.eh_frame_hdr)

.eh_frame
 *(.eh_frame)

.data           0x24000000        0x0 load address 0x08005f64
                [!provide]                PROVIDE (_textdata = LOADADDR (.data))
                [!provide]                PROVIDE (_data = .)
                0x08005f64                __textdata_base__ = LOADADDR (.data)
                0x24000000                __data_base__ = .
 *(.data)
 *(.data.*)
 *(.ramtext)
                0x24000000                . = ALIGN (0x4)
                [!provide]                PROVIDE (_edata = .)
                0x24000000                __data_end__ = .

.igot.plt       0x24000000        0x0 load address 0x08005f64
 .igot.plt      0x24000000        0x0 ./build/obj/crt0_v7m.o

.bss            0x24000000     0x1830 load address 0x08005f64
                0x24000000                __bss_base__ = .
 *(.bss)
 *(.bss.*)
 .bss.ADCD1     0x24000000       0x38 C:\Users\DEVELO~1\AppData\Local\Temp\ccXYfisa.ltrans0.ltrans.o
 .bss.ADCD3     0x24000038       0x38 C:\Users\DEVELO~1\AppData\Local\Temp\ccXYfisa.ltrans0.ltrans.o
 .bss.SD3       0x24000070       0x60 C:\Users\DEVELO~1\AppData\Local\Temp\ccXYfisa.ltrans0.ltrans.o
 .bss.SDCD1     0x240000d0       0x50 C:\Users\DEVELO~1\AppData\Local\Temp\ccXYfisa.ltrans0.ltrans.o
 .bss.SPID1     0x24000120       0x3c C:\Users\DEVELO~1\AppData\Local\Temp\ccXYfisa.ltrans0.ltrans.o
 .bss.SPID2     0x2400015c       0x3c C:\Users\DEVELO~1\AppData\Local\Temp\ccXYfisa.ltrans0.ltrans.o
 .bss.SPID3     0x24000198       0x3c C:\Users\DEVELO~1\AppData\Local\Temp\ccXYfisa.ltrans0.ltrans.o
 .bss.SPID5     0x240001d4       0x3c C:\Users\DEVELO~1\AppData\Local\Temp\ccXYfisa.ltrans0.ltrans.o
 .bss.SPID6     0x24000210       0x3c C:\Users\DEVELO~1\AppData\Local\Temp\ccXYfisa.ltrans0.ltrans.o
 .bss.USBD1     0x2400024c       0x9c C:\Users\DEVELO~1\AppData\Local\Temp\ccXYfisa.ltrans0.ltrans.o
 .bss.bdma      0x240002e8       0x44 C:\Users\DEVELO~1\AppData\Local\Temp\ccXYfisa.ltrans0.ltrans.o
 *fill*         0x2400032c        0x4 
 .bss.ch0       0x24000330      0x890 C:\Users\DEVELO~1\AppData\Local\Temp\ccXYfisa.ltrans0.ltrans.o
 .bss.ch_c0_idle_thread_wa
                0x24000bc0      0x130 C:\Users\DEVELO~1\AppData\Local\Temp\ccXYfisa.ltrans0.ltrans.o
 .bss.ch_factory
                0x24000cf0       0x48 C:\Users\DEVELO~1\AppData\Local\Temp\ccXYfisa.ltrans0.ltrans.o
 .bss.ch_memcore
                0x24000d38        0x8 C:\Users\DEVELO~1\AppData\Local\Temp\ccXYfisa.ltrans0.ltrans.o
 .bss.ch_system
                0x24000d40        0xc C:\Users\DEVELO~1\AppData\Local\Temp\ccXYfisa.ltrans0.ltrans.o
 .bss.default_heap
                0x24000d4c       0x1c C:\Users\DEVELO~1\AppData\Local\Temp\ccXYfisa.ltrans0.ltrans.o
 .bss.dma       0x24000d68       0x84 C:\Users\DEVELO~1\AppData\Local\Temp\ccXYfisa.ltrans0.ltrans.o
 .bss.ep0_state
                0x24000dec       0x10 C:\Users\DEVELO~1\AppData\Local\Temp\ccXYfisa.ltrans0.ltrans.o
 .bss.ep0setup_buffer
                0x24000dfc        0x8 C:\Users\DEVELO~1\AppData\Local\Temp\ccXYfisa.ltrans0.ltrans.o
 .bss.ep1_out_state
                0x24000e04       0x10 C:\Users\DEVELO~1\AppData\Local\Temp\ccXYfisa.ltrans0.ltrans.o
 .bss.ep2_in_state
                0x24000e14       0x10 C:\Users\DEVELO~1\AppData\Local\Temp\ccXYfisa.ltrans0.ltrans.o
 .bss.midi_initialized
                0x24000e24        0x1 C:\Users\DEVELO~1\AppData\Local\Temp\ccXYfisa.ltrans0.ltrans.o
 *fill*         0x24000e25        0x3 
 .bss.midi_rx_stats
                0x24000e28       0x10 C:\Users\DEVELO~1\AppData\Local\Temp\ccXYfisa.ltrans0.ltrans.o
 .bss.midi_tx_stats
                0x24000e38       0x1c C:\Users\DEVELO~1\AppData\Local\Temp\ccXYfisa.ltrans0.ltrans.o
 .bss.midi_usb_mb
                0x24000e54       0x28 C:\Users\DEVELO~1\AppData\Local\Temp\ccXYfisa.ltrans0.ltrans.o
 .bss.midi_usb_queue
                0x24000e7c      0x400 C:\Users\DEVELO~1\AppData\Local\Temp\ccXYfisa.ltrans0.ltrans.o
 .bss.midi_usb_queue_fill
                0x2400127c        0x2 C:\Users\DEVELO~1\AppData\Local\Temp\ccXYfisa.ltrans0.ltrans.o
 .bss.midi_usb_queue_high_water
                0x2400127e        0x2 C:\Users\DEVELO~1\AppData\Local\Temp\ccXYfisa.ltrans0.ltrans.o
 .bss.midi_usb_rx_drops
                0x24001280        0x4 C:\Users\DEVELO~1\AppData\Local\Temp\ccXYfisa.ltrans0.ltrans.o
 .bss.midi_usb_rx_mb
                0x24001284       0x28 C:\Users\DEVELO~1\AppData\Local\Temp\ccXYfisa.ltrans0.ltrans.o
 .bss.midi_usb_rx_queue
                0x240012ac      0x200 C:\Users\DEVELO~1\AppData\Local\Temp\ccXYfisa.ltrans0.ltrans.o
 .bss.midi_usb_rx_queue_fill
                0x240014ac        0x2 C:\Users\DEVELO~1\AppData\Local\Temp\ccXYfisa.ltrans0.ltrans.o
 .bss.midi_usb_rx_queue_high_water
                0x240014ae        0x2 C:\Users\DEVELO~1\AppData\Local\Temp\ccXYfisa.ltrans0.ltrans.o
 *fill*         0x240014b0       0x10 
 .bss.rx_pkt    0x240014c0       0x40 C:\Users\DEVELO~1\AppData\Local\Temp\ccXYfisa.ltrans0.ltrans.o
 .bss.sd_in_buf3
                0x24001500       0x10 C:\Users\DEVELO~1\AppData\Local\Temp\ccXYfisa.ltrans0.ltrans.o
 .bss.sd_out_buf3
                0x24001510       0x10 C:\Users\DEVELO~1\AppData\Local\Temp\ccXYfisa.ltrans0.ltrans.o
 .bss.sof_sem   0x24001520        0xc C:\Users\DEVELO~1\AppData\Local\Temp\ccXYfisa.ltrans0.ltrans.o
 .bss.tx_sem    0x2400152c        0xc C:\Users\DEVELO~1\AppData\Local\Temp\ccXYfisa.ltrans0.ltrans.o
 .bss.usb_midi_rx_invalid_size
                0x24001538        0x4 C:\Users\DEVELO~1\AppData\Local\Temp\ccXYfisa.ltrans0.ltrans.o
 .bss.usb_midi_tx_ready
                0x2400153c        0x1 C:\Users\DEVELO~1\AppData\Local\Temp\ccXYfisa.ltrans0.ltrans.o
 *fill*         0x2400153d        0x3 
 .bss.waMidiUsbTx
                0x24001540      0x2f0 C:\Users\DEVELO~1\AppData\Local\Temp\ccXYfisa.ltrans0.ltrans.o
 *(COMMON)
                0x24001830                . = ALIGN (0x4)
                0x24001830                __bss_end__ = .
                [!provide]                PROVIDE (end = .)
                0x24000000                __ram0_base__ = ORIGIN (ram0)
                0x00080000                __ram0_size__ = LENGTH (ram0)
                0x24080000                __ram0_end__ = (__ram0_base__ + __ram0_size__)
                0x30000000                __ram1_base__ = ORIGIN (ram1)
                0x00040000                __ram1_size__ = LENGTH (ram1)
                0x30040000                __ram1_end__ = (__ram1_base__ + __ram1_size__)
                0x30000000                __ram2_base__ = ORIGIN (ram2)
                0x00048000                __ram2_size__ = LENGTH (ram2)
                0x30048000                __ram2_end__ = (__ram2_base__ + __ram2_size__)
                0x30040000                __ram3_base__ = ORIGIN (ram3)
                0x00008000                __ram3_size__ = LENGTH (ram3)
                0x30048000                __ram3_end__ = (__ram3_base__ + __ram3_size__)
                0x38000000                __ram4_base__ = ORIGIN (ram4)
                0x00010000                __ram4_size__ = LENGTH (ram4)
                0x38010000                __ram4_end__ = (__ram4_base__ + __ram4_size__)
                0x20000000                __ram5_base__ = ORIGIN (ram5)
                0x00020000                __ram5_size__ = LENGTH (ram5)
                0x20020000                __ram5_end__ = (__ram5_base__ + __ram5_size__)
                0x00000000                __ram6_base__ = ORIGIN (ram6)
                0x00010000                __ram6_size__ = LENGTH (ram6)
                0x00010000                __ram6_end__ = (__ram6_base__ + __ram6_size__)
                0x38800000                __ram7_base__ = ORIGIN (ram7)
                0x00001000                __ram7_size__ = LENGTH (ram7)
                0x38801000                __ram7_end__ = (__ram7_base__ + __ram7_size__)
                0x08000000                __flash0_base__ = ORIGIN (flash0)
                0x00200000                __flash0_size__ = LENGTH (flash0)
                0x08200000                __flash0_end__ = (__flash0_base__ + __flash0_size__)
                0x08000000                __flash1_base__ = ORIGIN (flash1)
                0x00100000                __flash1_size__ = LENGTH (flash1)
                0x08100000                __flash1_end__ = (__flash1_base__ + __flash1_size__)
                0x08100000                __flash2_base__ = ORIGIN (flash2)
                0x00100000                __flash2_size__ = LENGTH (flash2)
                0x08200000                __flash2_end__ = (__flash2_base__ + __flash2_size__)
                0x00000000                __flash3_base__ = ORIGIN (flash3)
                0x00000000                __flash3_size__ = LENGTH (flash3)
                0x00000000                __flash3_end__ = (__flash3_base__ + __flash3_size__)
                0x00000000                __flash4_base__ = ORIGIN (flash4)
                0x00000000                __flash4_size__ = LENGTH (flash4)
                0x00000000                __flash4_end__ = (__flash4_base__ + __flash4_size__)
                0x00000000                __flash5_base__ = ORIGIN (flash5)
                0x00000000                __flash5_size__ = LENGTH (flash5)
                0x00000000                __flash5_end__ = (__flash5_base__ + __flash5_size__)
                0x00000000                __flash6_base__ = ORIGIN (flash6)
                0x00000000                __flash6_size__ = LENGTH (flash6)
                0x00000000                __flash6_end__ = (__flash6_base__ + __flash6_size__)
                0x00000000                __flash7_base__ = ORIGIN (flash7)
                0x00000000                __flash7_size__ = LENGTH (flash7)
                0x00000000                __flash7_end__ = (__flash7_base__ + __flash7_size__)

.ram0_init      0x24001830        0x0 load address 0x08005f64
                0x08005f64                __ram0_init_text__ = LOADADDR (.ram0_init)
                0x24001830                __ram0_init__ = .
 *(.ram0_init)
 *(.ram0_init.*)
                0x24001830                . = ALIGN (0x4)

.ram0           0x24001830        0x0 load address 0x08005f64
                0x24001830                __ram0_clear__ = .
 *(.ram0_clear)
 *(.ram0_clear.*)
                0x24001830                . = ALIGN (0x4)
                0x24001830                __ram0_noinit__ = .
 *(.ram0)
 *(.ram0.*)
                0x24001830                . = ALIGN (0x4)
                0x24001830                __ram0_free__ = .

.ram1_init      0x30000000        0x0 load address 0x08005f64
                0x08005f64                __ram1_init_text__ = LOADADDR (.ram1_init)
                0x30000000                __ram1_init__ = .
 *(.ram1_init)
 *(.ram1_init.*)
                0x30000000                . = ALIGN (0x4)

.ram1           0x30000000        0x0 load address 0x08005f64
                0x30000000                __ram1_clear__ = .
 *(.ram1_clear)
 *(.ram1_clear.*)
                0x30000000                . = ALIGN (0x4)
                0x30000000                __ram1_noinit__ = .
 *(.ram1)
 *(.ram1.*)
                0x30000000                . = ALIGN (0x4)
                0x30000000                __ram1_free__ = .

.ram2_init      0x30000000        0x0 load address 0x08005f64
                0x08005f64                __ram2_init_text__ = LOADADDR (.ram2_init)
                0x30000000                __ram2_init__ = .
 *(.ram2_init)
 *(.ram2_init.*)
                0x30000000                . = ALIGN (0x4)

.ram2           0x30000000        0x0 load address 0x08005f64
                0x30000000                __ram2_clear__ = .
 *(.ram2_clear)
 *(.ram2_clear.*)
                0x30000000                . = ALIGN (0x4)
                0x30000000                __ram2_noinit__ = .
 *(.ram2)
 *(.ram2.*)
                0x30000000                . = ALIGN (0x4)
                0x30000000                __ram2_free__ = .

.ram3_init      0x30040204        0x0 load address 0x08005f64
                0x08005f64                __ram3_init_text__ = LOADADDR (.ram3_init)
                0x30040204                __ram3_init__ = .
 *(.ram3_init)
 *(.ram3_init.*)
                0x30040204                . = ALIGN (0x4)

.ram3           0x30040204        0x0 load address 0x08005f64
                0x30040204                __ram3_clear__ = .
 *(.ram3_clear)
 *(.ram3_clear.*)
                0x30040204                . = ALIGN (0x4)
                0x30040204                __ram3_noinit__ = .
 *(.ram3)
 *(.ram3.*)
                0x30040204                . = ALIGN (0x4)
                0x30040204                __ram3_free__ = .

.ram4_init      0x38000000        0x0 load address 0x08005f64
                0x08005f64                __ram4_init_text__ = LOADADDR (.ram4_init)
                0x38000000                __ram4_init__ = .
 *(.ram4_init)
 *(.ram4_init.*)
                0x38000000                . = ALIGN (0x4)

.ram4           0x38000000        0x0 load address 0x08005f64
                0x38000000                __ram4_clear__ = .
 *(.ram4_clear)
 *(.ram4_clear.*)
                0x38000000                . = ALIGN (0x4)
                0x38000000                __ram4_noinit__ = .
 *(.ram4)
 *(.ram4.*)
                0x38000000                . = ALIGN (0x4)
                0x38000000                __ram4_free__ = .

.ram5_init      0x20000800        0x0 load address 0x08005f64
                0x08005f64                __ram5_init_text__ = LOADADDR (.ram5_init)
                0x20000800                __ram5_init__ = .
 *(.ram5_init)
 *(.ram5_init.*)
                0x20000800                . = ALIGN (0x4)

.ram5           0x20000800        0x0 load address 0x08005f64
                0x20000800                __ram5_clear__ = .
 *(.ram5_clear)
 *(.ram5_clear.*)
                0x20000800                . = ALIGN (0x4)
                0x20000800                __ram5_noinit__ = .
 *(.ram5)
 *(.ram5.*)
                0x20000800                . = ALIGN (0x4)
                0x20000800                __ram5_free__ = .

.ram6_init      0x00000000        0x0 load address 0x08005f64
                0x08005f64                __ram6_init_text__ = LOADADDR (.ram6_init)
                0x00000000                __ram6_init__ = .
 *(.ram6_init)
 *(.ram6_init.*)
                0x00000000                . = ALIGN (0x4)

.ram6           0x00000000        0x0 load address 0x08005f64
                0x00000000                __ram6_clear__ = .
 *(.ram6_clear)
 *(.ram6_clear.*)
                0x00000000                . = ALIGN (0x4)
                0x00000000                __ram6_noinit__ = .
 *(.ram6)
 *(.ram6.*)
                0x00000000                . = ALIGN (0x4)
                0x00000000                __ram6_free__ = .

.ram7_init      0x38800000        0x0 load address 0x08005f64
                0x08005f64                __ram7_init_text__ = LOADADDR (.ram7_init)
                0x38800000                __ram7_init__ = .
 *(.ram7_init)
 *(.ram7_init.*)
                0x38800000                . = ALIGN (0x4)

.ram7           0x38800000        0x0 load address 0x08005f64
                0x38800000                __ram7_clear__ = .
 *(.ram7_clear)
 *(.ram7_clear.*)
                0x38800000                . = ALIGN (0x4)
                0x38800000                __ram7_noinit__ = .
 *(.ram7)
 *(.ram7.*)
                0x38800000                . = ALIGN (0x4)
                0x38800000                __ram7_free__ = .

.flash0         0x08005f64        0x0
                0x08005f64                __flash0_init__ = .
 *(.flash0_init)
 *(.flash0_init.*)
                0x08005f64                __flash0_free__ = .

.flash1         0x08000000        0x0
                0x08000000                __flash1_init__ = .
 *(.flash1_init)
 *(.flash1_init.*)
                0x08000000                __flash1_free__ = .

.flash2         0x08100000        0x0
                0x08100000                __flash2_init__ = .
 *(.flash2_init)
 *(.flash2_init.*)
                0x08100000                __flash2_free__ = .

.flash3         0x00000000        0x0
                0x00000000                __flash3_init__ = .
 *(.flash3_init)
 *(.flash3_init.*)
                0x00000000                __flash3_free__ = .

.flash4         0x00000000        0x0
                0x00000000                __flash4_init__ = .
 *(.flash4_init)
 *(.flash4_init.*)
                0x00000000                __flash4_free__ = .

.flash5         0x00000000        0x0
                0x00000000                __flash5_init__ = .
 *(.flash5_init)
 *(.flash5_init.*)
                0x00000000                __flash5_free__ = .

.flash6         0x00000000        0x0
                0x00000000                __flash6_init__ = .
 *(.flash6_init)
 *(.flash6_init.*)
                0x00000000                __flash6_free__ = .

.flash7         0x00000000        0x0
                0x00000000                __flash7_init__ = .
 *(.flash7_init)
 *(.flash7_init.*)
                0x00000000                __flash7_free__ = .

.heap           0x24001830    0x7e7d0
                0x24001830                . = ALIGN (0x8)
                0x24001830                __heap_base__ = .
                0x24080000                . = (ORIGIN (HEAP_RAM) + LENGTH (HEAP_RAM))
 *fill*         0x24001830    0x7e7d0 
                0x24080000                __heap_end__ = .
                0x00000400                __process_stack_size__ = 0x400
                0x00000400                __main_stack_size__ = 0x400
START GROUP
LOAD c:/chibistudio/tools/gnu tools arm embedded/11.3 2022.08/bin/../lib/gcc/arm-none-eabi/11.3.1/thumb/v7e-m/nofp\libgcc.a
LOAD c:/chibistudio/tools/gnu tools arm embedded/11.3 2022.08/bin/../lib/gcc/arm-none-eabi/11.3.1/thumb/v7e-m/nofp\libg.a
LOAD c:/chibistudio/tools/gnu tools arm embedded/11.3 2022.08/bin/../lib/gcc/arm-none-eabi/11.3.1/thumb/v7e-m/nofp\libc.a
END GROUP
OUTPUT(build/ch.elf elf32-littlearm)
LOAD linker stubs

.ARM.attributes
                0x00000000       0x2f
 .ARM.attributes
                0x00000000       0x21 ./build/obj/crt0_v7m.o
 .ARM.attributes
                0x00000021       0x21 ./build/obj/vectors.o
 .ARM.attributes
                0x00000042       0x21 ./build/obj/chcoreasm.o
 .ARM.attributes
                0x00000063       0x2c C:\Users\DEVELO~1\AppData\Local\Temp\ccXYfisa.ltrans0.ltrans.o
 .ARM.attributes
                0x0000008f       0x2e c:/chibistudio/tools/gnu tools arm embedded/11.3 2022.08/bin/../lib/gcc/arm-none-eabi/11.3.1/thumb/v7e-m/nofp\libg.a(libc_a-memset.o)
 .ARM.attributes
                0x000000bd       0x1c c:/chibistudio/tools/gnu tools arm embedded/11.3 2022.08/bin/../lib/gcc/arm-none-eabi/11.3.1/thumb/v7e-m/nofp\libg.a(libc_a-memcpy.o)

.comment        0x00000000       0x33
 .comment       0x00000000       0x33 C:\Users\DEVELO~1\AppData\Local\Temp\ccXYfisa.ltrans0.ltrans.o
                                 0x34 (size before relaxing)
 .comment       0x00000033       0x34 c:/chibistudio/tools/gnu tools arm embedded/11.3 2022.08/bin/../lib/gcc/arm-none-eabi/11.3.1/thumb/v7e-m/nofp\libg.a(libc_a-memset.o)

.debug_line     0x00000000     0xfdee
 .debug_line    0x00000000       0xa6 ./build/obj/crt0_v7m.o
 .debug_line    0x000000a6       0x4f ./build/obj/vectors.o
 .debug_line    0x000000f5       0x61 ./build/obj/chcoreasm.o
 .debug_line    0x00000156     0xd7d7 C:\Users\DEVELO~1\AppData\Local\Temp\ccXYfisa.ltrans0.ltrans.o
 .debug_line    0x0000d92d       0x5a C:\Users\DEVELO~1\AppData\Local\Temp\cc1nwE8o.debug.temp.o
 .debug_line    0x0000d987       0x80 C:\Users\DEVELO~1\AppData\Local\Temp\cciYGSwD.debug.temp.o
 .debug_line    0x0000da07       0x67 C:\Users\DEVELO~1\AppData\Local\Temp\ccV7bHZR.debug.temp.o
 .debug_line    0x0000da6e       0xa4 C:\Users\DEVELO~1\AppData\Local\Temp\ccY7FgcH.debug.temp.o
 .debug_line    0x0000db12       0x63 C:\Users\DEVELO~1\AppData\Local\Temp\ccOZw4Dh.debug.temp.o
 .debug_line    0x0000db75       0xe1 C:\Users\DEVELO~1\AppData\Local\Temp\cc3Sp0Vz.debug.temp.o
 .debug_line    0x0000dc56       0xd9 C:\Users\DEVELO~1\AppData\Local\Temp\ccZvzCSa.debug.temp.o
 .debug_line    0x0000dd2f       0xd9 C:\Users\DEVELO~1\AppData\Local\Temp\ccOvi8Bt.debug.temp.o
 .debug_line    0x0000de08       0xfd C:\Users\DEVELO~1\AppData\Local\Temp\ccHZ7T7L.debug.temp.o
 .debug_line    0x0000df05       0xad C:\Users\DEVELO~1\AppData\Local\Temp\ccE5h5H4.debug.temp.o
 .debug_line    0x0000dfb2       0x55 C:\Users\DEVELO~1\AppData\Local\Temp\cclRfDtm.debug.temp.o
 .debug_line    0x0000e007      0x1aa C:\Users\DEVELO~1\AppData\Local\Temp\cc2CdbfE.debug.temp.o
 .debug_line    0x0000e1b1       0x84 C:\Users\DEVELO~1\AppData\Local\Temp\ccR6384V.debug.temp.o
 .debug_line    0x0000e235       0xef C:\Users\DEVELO~1\AppData\Local\Temp\cc8ecnMd.debug.temp.o
 .debug_line    0x0000e324       0x95 C:\Users\DEVELO~1\AppData\Local\Temp\ccBjZaQv.debug.temp.o
 .debug_line    0x0000e3b9       0x95 C:\Users\DEVELO~1\AppData\Local\Temp\ccCVw6ZN.debug.temp.o
 .debug_line    0x0000e44e       0xc3 C:\Users\DEVELO~1\AppData\Local\Temp\ccGHfx6W.debug.temp.o
 .debug_line    0x0000e511       0xe2 C:\Users\DEVELO~1\AppData\Local\Temp\ccP36tne.debug.temp.o
 .debug_line    0x0000e5f3      0x106 C:\Users\DEVELO~1\AppData\Local\Temp\cca6aIqv.debug.temp.o
 .debug_line    0x0000e6f9       0x8b C:\Users\DEVELO~1\AppData\Local\Temp\ccxHilyM.debug.temp.o
 .debug_line    0x0000e784       0xd9 C:\Users\DEVELO~1\AppData\Local\Temp\ccwWK923.debug.temp.o
 .debug_line    0x0000e85d       0xcf C:\Users\DEVELO~1\AppData\Local\Temp\ccxKgnCl.debug.temp.o
 .debug_line    0x0000e92c       0xd7 C:\Users\DEVELO~1\AppData\Local\Temp\ccve9WkU.debug.temp.o
 .debug_line    0x0000ea03       0x94 C:\Users\DEVELO~1\AppData\Local\Temp\ccSL6VTa.debug.temp.o
 .debug_line    0x0000ea97       0xb0 C:\Users\DEVELO~1\AppData\Local\Temp\ccyOjbYH.debug.temp.o
 .debug_line    0x0000eb47       0xab C:\Users\DEVELO~1\AppData\Local\Temp\ccpvwhsY.debug.temp.o
 .debug_line    0x0000ebf2       0xa2 C:\Users\DEVELO~1\AppData\Local\Temp\ccq56Wif.debug.temp.o
 .debug_line    0x0000ec94       0xb1 C:\Users\DEVELO~1\AppData\Local\Temp\ccPPSCew.debug.temp.o
 .debug_line    0x0000ed45       0xd1 C:\Users\DEVELO~1\AppData\Local\Temp\cckzs9VM.debug.temp.o
 .debug_line    0x0000ee16       0xa2 C:\Users\DEVELO~1\AppData\Local\Temp\cc3HjwI3.debug.temp.o
 .debug_line    0x0000eeb8       0xbe C:\Users\DEVELO~1\AppData\Local\Temp\ccMgg9oo.debug.temp.o
 .debug_line    0x0000ef76       0xa7 C:\Users\DEVELO~1\AppData\Local\Temp\ccRS0daJ.debug.temp.o
 .debug_line    0x0000f01d       0xa7 C:\Users\DEVELO~1\AppData\Local\Temp\cc0uoHH3.debug.temp.o
 .debug_line    0x0000f0c4       0xac C:\Users\DEVELO~1\AppData\Local\Temp\ccixV5iJ.debug.temp.o
 .debug_line    0x0000f170       0x97 C:\Users\DEVELO~1\AppData\Local\Temp\cctXsV9J.debug.temp.o
 .debug_line    0x0000f207       0x79 C:\Users\DEVELO~1\AppData\Local\Temp\ccAC0w34.debug.temp.o
 .debug_line    0x0000f280       0xa6 C:\Users\DEVELO~1\AppData\Local\Temp\ccxIQt9o.debug.temp.o
 .debug_line    0x0000f326       0x97 C:\Users\DEVELO~1\AppData\Local\Temp\ccuOGqfJ.debug.temp.o
 .debug_line    0x0000f3bd       0xc8 C:\Users\DEVELO~1\AppData\Local\Temp\ccumt6k1.debug.temp.o
 .debug_line    0x0000f485       0xa7 C:\Users\DEVELO~1\AppData\Local\Temp\ccPm8TKl.debug.temp.o
 .debug_line    0x0000f52c       0x76 C:\Users\DEVELO~1\AppData\Local\Temp\ccJGKcBO.debug.temp.o
 .debug_line    0x0000f5a2       0xf0 C:\Users\DEVELO~1\AppData\Local\Temp\cc9u6Hiz.debug.temp.o
 .debug_line    0x0000f692       0xf0 C:\Users\DEVELO~1\AppData\Local\Temp\ccGMB9aG.debug.temp.o
 .debug_line    0x0000f782       0xd8 C:\Users\DEVELO~1\AppData\Local\Temp\ccpHNCH2.debug.temp.o
 .debug_line    0x0000f85a      0x10d C:\Users\DEVELO~1\AppData\Local\Temp\ccRXkMiX.debug.temp.o
 .debug_line    0x0000f967       0x84 C:\Users\DEVELO~1\AppData\Local\Temp\ccQyA8aj.debug.temp.o
 .debug_line    0x0000f9eb       0xb6 C:\Users\DEVELO~1\AppData\Local\Temp\cc9HWl8E.debug.temp.o
 .debug_line    0x0000faa1       0x7b C:\Users\DEVELO~1\AppData\Local\Temp\ccAXtYR0.debug.temp.o
 .debug_line    0x0000fb1c      0x23d c:/chibistudio/tools/gnu tools arm embedded/11.3 2022.08/bin/../lib/gcc/arm-none-eabi/11.3.1/thumb/v7e-m/nofp\libg.a(libc_a-memset.o)
 .debug_line    0x0000fd59       0x95 c:/chibistudio/tools/gnu tools arm embedded/11.3 2022.08/bin/../lib/gcc/arm-none-eabi/11.3.1/thumb/v7e-m/nofp\libg.a(libc_a-memcpy.o)

.debug_line_str
                0x00000000     0x13a4
 .debug_line_str
                0x00000000       0x8a ./build/obj/crt0_v7m.o
                                 0x95 (size before relaxing)
 .debug_line_str
                0x0000008a        0xa ./build/obj/vectors.o
                                 0x93 (size before relaxing)
 .debug_line_str
                0x00000094       0x3b ./build/obj/chcoreasm.o
                                 0x96 (size before relaxing)
 .debug_line_str
                0x000000cf      0x141 C:\Users\DEVELO~1\AppData\Local\Temp\cc1nwE8o.debug.temp.o
                                0x1c7 (size before relaxing)
 .debug_line_str
                0x00000210      0x142 C:\Users\DEVELO~1\AppData\Local\Temp\cciYGSwD.debug.temp.o
                                0x197 (size before relaxing)
 .debug_line_str
                0x00000352       0xa6 C:\Users\DEVELO~1\AppData\Local\Temp\ccV7bHZR.debug.temp.o
                                0x1d7 (size before relaxing)
 .debug_line_str
                0x000003f8      0x14b C:\Users\DEVELO~1\AppData\Local\Temp\ccY7FgcH.debug.temp.o
                                0x315 (size before relaxing)
 .debug_line_str
                0x00000543       0x3a C:\Users\DEVELO~1\AppData\Local\Temp\ccOZw4Dh.debug.temp.o
                                0x1ed (size before relaxing)
 .debug_line_str
                0x0000057d      0x145 C:\Users\DEVELO~1\AppData\Local\Temp\cc3Sp0Vz.debug.temp.o
                                0x3db (size before relaxing)
 .debug_line_str
                0x000006c2       0x54 C:\Users\DEVELO~1\AppData\Local\Temp\ccZvzCSa.debug.temp.o
                                0x391 (size before relaxing)
 .debug_line_str
                0x00000716       0x6e C:\Users\DEVELO~1\AppData\Local\Temp\ccOvi8Bt.debug.temp.o
                                0x398 (size before relaxing)
 .debug_line_str
                0x00000784       0x71 C:\Users\DEVELO~1\AppData\Local\Temp\ccHZ7T7L.debug.temp.o
                                0x489 (size before relaxing)
 .debug_line_str
                0x000007f5       0x5e C:\Users\DEVELO~1\AppData\Local\Temp\ccE5h5H4.debug.temp.o
                                0x33f (size before relaxing)
 .debug_line_str
                0x00000853       0x4f C:\Users\DEVELO~1\AppData\Local\Temp\cclRfDtm.debug.temp.o
                                0x1a3 (size before relaxing)
 .debug_line_str
                0x000008a2      0x336 C:\Users\DEVELO~1\AppData\Local\Temp\cc2CdbfE.debug.temp.o
                                0x71f (size before relaxing)
 .debug_line_str
                0x00000bd8       0x5b C:\Users\DEVELO~1\AppData\Local\Temp\ccR6384V.debug.temp.o
                                0x27c (size before relaxing)
 .debug_line_str
                0x00000c33       0x34 C:\Users\DEVELO~1\AppData\Local\Temp\cc8ecnMd.debug.temp.o
                                0x43e (size before relaxing)
 .debug_line_str
                0x00000c67       0x34 C:\Users\DEVELO~1\AppData\Local\Temp\ccBjZaQv.debug.temp.o
                                0x2c8 (size before relaxing)
 .debug_line_str
                0x00000c9b       0x32 C:\Users\DEVELO~1\AppData\Local\Temp\ccCVw6ZN.debug.temp.o
                                0x2c3 (size before relaxing)
 .debug_line_str
                0x00000ccd       0x34 C:\Users\DEVELO~1\AppData\Local\Temp\ccGHfx6W.debug.temp.o
                                0x3ee (size before relaxing)
 .debug_line_str
                0x00000d01       0x36 C:\Users\DEVELO~1\AppData\Local\Temp\ccP36tne.debug.temp.o
                                0x417 (size before relaxing)
 .debug_line_str
                0x00000d37       0x37 C:\Users\DEVELO~1\AppData\Local\Temp\cca6aIqv.debug.temp.o
                                0x4e4 (size before relaxing)
 .debug_line_str
                0x00000d6e       0x37 C:\Users\DEVELO~1\AppData\Local\Temp\ccxHilyM.debug.temp.o
                                0x2be (size before relaxing)
 .debug_line_str
                0x00000da5       0x39 C:\Users\DEVELO~1\AppData\Local\Temp\ccwWK923.debug.temp.o
                                0x3c9 (size before relaxing)
 .debug_line_str
                0x00000dde       0x33 C:\Users\DEVELO~1\AppData\Local\Temp\ccxKgnCl.debug.temp.o
                                0x3ae (size before relaxing)
 .debug_line_str
                0x00000e11       0x91 C:\Users\DEVELO~1\AppData\Local\Temp\ccve9WkU.debug.temp.o
                                0x32f (size before relaxing)
 .debug_line_str
                0x00000ea2       0x1c C:\Users\DEVELO~1\AppData\Local\Temp\ccSL6VTa.debug.temp.o
                                0x219 (size before relaxing)
 .debug_line_str
                0x00000ebe       0x2c C:\Users\DEVELO~1\AppData\Local\Temp\ccyOjbYH.debug.temp.o
                                0x292 (size before relaxing)
 .debug_line_str
                0x00000eea       0x1a C:\Users\DEVELO~1\AppData\Local\Temp\ccpvwhsY.debug.temp.o
                                0x281 (size before relaxing)
 .debug_line_str
                0x00000f04       0x1c C:\Users\DEVELO~1\AppData\Local\Temp\ccq56Wif.debug.temp.o
                                0x25a (size before relaxing)
 .debug_line_str
                0x00000f20       0x2e C:\Users\DEVELO~1\AppData\Local\Temp\ccPPSCew.debug.temp.o
                                0x275 (size before relaxing)
 .debug_line_str
                0x00000f4e       0x2c C:\Users\DEVELO~1\AppData\Local\Temp\cckzs9VM.debug.temp.o
                                0x347 (size before relaxing)
 .debug_line_str
                0x00000f7a       0x1a C:\Users\DEVELO~1\AppData\Local\Temp\cc3HjwI3.debug.temp.o
                                0x255 (size before relaxing)
 .debug_line_str
                0x00000f94       0x20 C:\Users\DEVELO~1\AppData\Local\Temp\ccMgg9oo.debug.temp.o
                                0x33a (size before relaxing)
 .debug_line_str
                0x00000fb4       0x1b C:\Users\DEVELO~1\AppData\Local\Temp\ccRS0daJ.debug.temp.o
                                0x266 (size before relaxing)
 .debug_line_str
                0x00000fcf       0x1b C:\Users\DEVELO~1\AppData\Local\Temp\cc0uoHH3.debug.temp.o
                                0x266 (size before relaxing)
 .debug_line_str
                0x00000fea       0x1e C:\Users\DEVELO~1\AppData\Local\Temp\ccixV5iJ.debug.temp.o
                                0x277 (size before relaxing)
 .debug_line_str
                0x00001008       0x42 C:\Users\DEVELO~1\AppData\Local\Temp\cctXsV9J.debug.temp.o
                                0x2a3 (size before relaxing)
 .debug_line_str
                0x0000104a       0x22 C:\Users\DEVELO~1\AppData\Local\Temp\ccAC0w34.debug.temp.o
                                0x268 (size before relaxing)
 .debug_line_str
                0x0000106c       0x23 C:\Users\DEVELO~1\AppData\Local\Temp\ccxIQt9o.debug.temp.o
                                0x2b9 (size before relaxing)
 .debug_line_str
                0x0000108f       0x23 C:\Users\DEVELO~1\AppData\Local\Temp\ccuOGqfJ.debug.temp.o
                                0x2a5 (size before relaxing)
 .debug_line_str
                0x000010b2       0x39 C:\Users\DEVELO~1\AppData\Local\Temp\ccumt6k1.debug.temp.o
                                0x34a (size before relaxing)
 .debug_line_str
                0x000010eb       0x2a C:\Users\DEVELO~1\AppData\Local\Temp\ccPm8TKl.debug.temp.o
                                0x28c (size before relaxing)
 .debug_line_str
                0x00001115       0x34 C:\Users\DEVELO~1\AppData\Local\Temp\ccJGKcBO.debug.temp.o
                                0x19a (size before relaxing)
 .debug_line_str
                0x00001149       0x28 C:\Users\DEVELO~1\AppData\Local\Temp\cc9u6Hiz.debug.temp.o
                                0x425 (size before relaxing)
 .debug_line_str
                0x00001171       0x31 C:\Users\DEVELO~1\AppData\Local\Temp\ccGMB9aG.debug.temp.o
                                0x3e7 (size before relaxing)
 .debug_line_str
                0x000011a2       0x13 C:\Users\DEVELO~1\AppData\Local\Temp\ccpHNCH2.debug.temp.o
                                0x3a2 (size before relaxing)
 .debug_line_str
                0x000011b5       0x1d C:\Users\DEVELO~1\AppData\Local\Temp\ccRXkMiX.debug.temp.o
                                0x422 (size before relaxing)
 .debug_line_str
                0x000011d2       0x19 C:\Users\DEVELO~1\AppData\Local\Temp\ccQyA8aj.debug.temp.o
                                0x24e (size before relaxing)
 .debug_line_str
                0x000011eb       0x15 C:\Users\DEVELO~1\AppData\Local\Temp\cc9HWl8E.debug.temp.o
                                0x309 (size before relaxing)
 .debug_line_str
                0x00001200       0xc4 C:\Users\DEVELO~1\AppData\Local\Temp\ccAXtYR0.debug.temp.o
                                0x266 (size before relaxing)
 .debug_line_str
                0x000012c4       0xe0 c:/chibistudio/tools/gnu tools arm embedded/11.3 2022.08/bin/../lib/gcc/arm-none-eabi/11.3.1/thumb/v7e-m/nofp\libg.a(libc_a-memcpy.o)
                                 0xf0 (size before relaxing)

.debug_info     0x00000000    0x415b9
 .debug_info    0x00000000       0x25 ./build/obj/crt0_v7m.o
 .debug_info    0x00000025       0x24 ./build/obj/vectors.o
 .debug_info    0x00000049       0x24 ./build/obj/chcoreasm.o
 .debug_info    0x0000006d    0x1393d C:\Users\DEVELO~1\AppData\Local\Temp\ccXYfisa.ltrans0.ltrans.o
 .debug_info    0x000139aa      0x64f C:\Users\DEVELO~1\AppData\Local\Temp\cc1nwE8o.debug.temp.o
                0x000139aa                crt1.c.7f61feab
 .debug_info    0x00013ff9       0xde C:\Users\DEVELO~1\AppData\Local\Temp\cciYGSwD.debug.temp.o
                0x00013ff9                hal.c.ae1b16c0
 .debug_info    0x000140d7      0x2f0 C:\Users\DEVELO~1\AppData\Local\Temp\ccV7bHZR.debug.temp.o
                0x000140d7                hal_st.c.bf1a2783
 .debug_info    0x000143c7      0x84d C:\Users\DEVELO~1\AppData\Local\Temp\ccY7FgcH.debug.temp.o
                0x000143c7                hal_queues.c.f0e55980
 .debug_info    0x00014c14      0xafb C:\Users\DEVELO~1\AppData\Local\Temp\ccOZw4Dh.debug.temp.o
                0x00014c14                hal_mmcsd.c.dd122b5b
 .debug_info    0x0001570f     0x1515 C:\Users\DEVELO~1\AppData\Local\Temp\cc3Sp0Vz.debug.temp.o
                0x0001570f                hal_adc.c.dfb1d270
 .debug_info    0x00016c24     0x1742 C:\Users\DEVELO~1\AppData\Local\Temp\ccZvzCSa.debug.temp.o
                0x00016c24                hal_sdc.c.4dfbc983
 .debug_info    0x00018366     0x1379 C:\Users\DEVELO~1\AppData\Local\Temp\ccOvi8Bt.debug.temp.o
                0x00018366                hal_serial.c.6927ba80
 .debug_info    0x000196df     0x16ee C:\Users\DEVELO~1\AppData\Local\Temp\ccHZ7T7L.debug.temp.o
                0x000196df                hal_spi.c.68f0f560
 .debug_info    0x0001adcd     0x11eb C:\Users\DEVELO~1\AppData\Local\Temp\ccE5h5H4.debug.temp.o
                0x0001adcd                hal_usb.c.91abac70
 .debug_info    0x0001bfb8      0x5fe C:\Users\DEVELO~1\AppData\Local\Temp\cclRfDtm.debug.temp.o
                0x0001bfb8                nvic.c.f7940294
 .debug_info    0x0001c5b6     0x152e C:\Users\DEVELO~1\AppData\Local\Temp\cc2CdbfE.debug.temp.o
                0x0001c5b6                stm32_isr.c.10292621
 .debug_info    0x0001dae4      0xde7 C:\Users\DEVELO~1\AppData\Local\Temp\ccR6384V.debug.temp.o
                0x0001dae4                hal_lld.c.1a676a4b
 .debug_info    0x0001e8cb     0x1a72 C:\Users\DEVELO~1\AppData\Local\Temp\cc8ecnMd.debug.temp.o
                0x0001e8cb                hal_adc_lld.c.9bc229cb
 .debug_info    0x0002033d      0x9d1 C:\Users\DEVELO~1\AppData\Local\Temp\ccBjZaQv.debug.temp.o
                0x0002033d                stm32_bdma.c.201d04b6
 .debug_info    0x00020d0e      0xb6b C:\Users\DEVELO~1\AppData\Local\Temp\ccCVw6ZN.debug.temp.o
                0x00020d0e                stm32_dma.c.001a706e
 .debug_info    0x00021879     0x17cf C:\Users\DEVELO~1\AppData\Local\Temp\ccGHfx6W.debug.temp.o
                0x00021879                hal_usb_lld.c.8da51e27
 .debug_info    0x00023048     0x1916 C:\Users\DEVELO~1\AppData\Local\Temp\ccP36tne.debug.temp.o
                0x00023048                hal_sdc_lld.c.913233ac
 .debug_info    0x0002495e     0x1b8e C:\Users\DEVELO~1\AppData\Local\Temp\cca6aIqv.debug.temp.o
                0x0002495e                hal_spi_v2_lld.c.8a6cc1f6
 .debug_info    0x000264ec      0x77f C:\Users\DEVELO~1\AppData\Local\Temp\ccxHilyM.debug.temp.o
                0x000264ec                hal_st_lld.c.26c319fb
 .debug_info    0x00026c6b     0x14c3 C:\Users\DEVELO~1\AppData\Local\Temp\ccwWK923.debug.temp.o
                0x00026c6b                hal_serial_lld.c.2b76c387
 .debug_info    0x0002812e     0x1423 C:\Users\DEVELO~1\AppData\Local\Temp\ccxKgnCl.debug.temp.o
                0x0002812e                board.c.db7778c6
 .debug_info    0x00029551      0xfd0 C:\Users\DEVELO~1\AppData\Local\Temp\ccve9WkU.debug.temp.o
                0x00029551                chsys.c.77e42952
 .debug_info    0x0002a521      0x916 C:\Users\DEVELO~1\AppData\Local\Temp\ccSL6VTa.debug.temp.o
                0x0002a521                chrfcu.c.083ef43b
 .debug_info    0x0002ae37      0xcee C:\Users\DEVELO~1\AppData\Local\Temp\ccyOjbYH.debug.temp.o
                0x0002ae37                chtrace.c.e5457b0f
 .debug_info    0x0002bb25      0xf87 C:\Users\DEVELO~1\AppData\Local\Temp\ccpvwhsY.debug.temp.o
                0x0002bb25                chvt.c.1658d650
 .debug_info    0x0002caac      0xe5a C:\Users\DEVELO~1\AppData\Local\Temp\ccq56Wif.debug.temp.o
                0x0002caac                chschd.c.ac3e6488
 .debug_info    0x0002d906      0xde8 C:\Users\DEVELO~1\AppData\Local\Temp\ccPPSCew.debug.temp.o
                0x0002d906                chinstances.c.36d751d9
 .debug_info    0x0002e6ee     0x12b9 C:\Users\DEVELO~1\AppData\Local\Temp\cckzs9VM.debug.temp.o
                0x0002e6ee                chthreads.c.246ad343
 .debug_info    0x0002f9a7      0xc7f C:\Users\DEVELO~1\AppData\Local\Temp\cc3HjwI3.debug.temp.o
                0x0002f9a7                chtm.c.22d81353
 .debug_info    0x00030626      0xd5a C:\Users\DEVELO~1\AppData\Local\Temp\ccMgg9oo.debug.temp.o
                0x00030626                chregistry.c.d35fcc19
 .debug_info    0x00031380      0xcf0 C:\Users\DEVELO~1\AppData\Local\Temp\ccRS0daJ.debug.temp.o
                0x00031380                chsem.c.805fb069
 .debug_info    0x00032070      0xc33 C:\Users\DEVELO~1\AppData\Local\Temp\cc0uoHH3.debug.temp.o
                0x00032070                chmtx.c.05a2d108
 .debug_info    0x00032ca3      0xed0 C:\Users\DEVELO~1\AppData\Local\Temp\ccixV5iJ.debug.temp.o
                0x00032ca3                chevents.c.d086a1cf
 .debug_info    0x00033b73      0x61e C:\Users\DEVELO~1\AppData\Local\Temp\cctXsV9J.debug.temp.o
                0x00033b73                chmboxes.c.607298a8
 .debug_info    0x00034191      0x2dc C:\Users\DEVELO~1\AppData\Local\Temp\ccAC0w34.debug.temp.o
                0x00034191                chmemcore.c.1c989418
 .debug_info    0x0003446d      0xbec C:\Users\DEVELO~1\AppData\Local\Temp\ccxIQt9o.debug.temp.o
                0x0003446d                chmemheaps.c.7c881a51
 .debug_info    0x00035059      0x5ba C:\Users\DEVELO~1\AppData\Local\Temp\ccuOGqfJ.debug.temp.o
                0x00035059                chmempools.c.126c34b0
 .debug_info    0x00035613     0x168c C:\Users\DEVELO~1\AppData\Local\Temp\ccumt6k1.debug.temp.o
                0x00035613                chfactory.c.73b9e724
 .debug_info    0x00036c9f     0x14aa C:\Users\DEVELO~1\AppData\Local\Temp\ccPm8TKl.debug.temp.o
                0x00036c9f                chcore.c.2d467415
 .debug_info    0x00038149      0x1a5 C:\Users\DEVELO~1\AppData\Local\Temp\ccJGKcBO.debug.temp.o
                0x00038149                main.c.91cbcabe
 .debug_info    0x000382ee     0x11a3 C:\Users\DEVELO~1\AppData\Local\Temp\cc9u6Hiz.debug.temp.o
                0x000382ee                drv_buttons.c.9c668c62
 .debug_info    0x00039491     0x1661 C:\Users\DEVELO~1\AppData\Local\Temp\ccGMB9aG.debug.temp.o
                0x00039491                drv_leds_addr.c.9c5c23a1
 .debug_info    0x0003aaf2     0x147a C:\Users\DEVELO~1\AppData\Local\Temp\ccpHNCH2.debug.temp.o
                0x0003aaf2                drv_pots.c.9facd128
 .debug_info    0x0003bf6c     0x2697 C:\Users\DEVELO~1\AppData\Local\Temp\ccRXkMiX.debug.temp.o
                0x0003bf6c                midi.c.5ddb66d9
 .debug_info    0x0003e603      0xbb0 C:\Users\DEVELO~1\AppData\Local\Temp\ccQyA8aj.debug.temp.o
                0x0003e603                usb_device.c.640eac0d
 .debug_info    0x0003f1b3      0xfc2 C:\Users\DEVELO~1\AppData\Local\Temp\cc9HWl8E.debug.temp.o
                0x0003f1b3                usbcfg.c.5f559bf9
 .debug_info    0x00040175     0x12ea C:\Users\DEVELO~1\AppData\Local\Temp\ccAXtYR0.debug.temp.o
                0x00040175                stm32h7xx_hal.c.4de829ca
 .debug_info    0x0004145f      0x135 c:/chibistudio/tools/gnu tools arm embedded/11.3 2022.08/bin/../lib/gcc/arm-none-eabi/11.3.1/thumb/v7e-m/nofp\libg.a(libc_a-memset.o)
 .debug_info    0x00041594       0x25 c:/chibistudio/tools/gnu tools arm embedded/11.3 2022.08/bin/../lib/gcc/arm-none-eabi/11.3.1/thumb/v7e-m/nofp\libg.a(libc_a-memcpy.o)

.debug_abbrev   0x00000000     0x7c2c
 .debug_abbrev  0x00000000       0x14 ./build/obj/crt0_v7m.o
 .debug_abbrev  0x00000014       0x14 ./build/obj/vectors.o
 .debug_abbrev  0x00000028       0x14 ./build/obj/chcoreasm.o
 .debug_abbrev  0x0000003c      0x357 C:\Users\DEVELO~1\AppData\Local\Temp\ccXYfisa.ltrans0.ltrans.o
 .debug_abbrev  0x00000393      0x17b C:\Users\DEVELO~1\AppData\Local\Temp\cc1nwE8o.debug.temp.o
 .debug_abbrev  0x0000050e       0x6e C:\Users\DEVELO~1\AppData\Local\Temp\cciYGSwD.debug.temp.o
 .debug_abbrev  0x0000057c      0x15c C:\Users\DEVELO~1\AppData\Local\Temp\ccV7bHZR.debug.temp.o
 .debug_abbrev  0x000006d8      0x20c C:\Users\DEVELO~1\AppData\Local\Temp\ccY7FgcH.debug.temp.o